Component: ARM Compiler 5.06 update 5 (build 528) Tool: armlink [4d35e2]

==============================================================================

Section Cross References

    main.o(i.APP_SystemClockConfig) refers to rt_memclr.o(.text) for __aeabi_memclr4
    main.o(i.APP_SystemClockConfig) refers to py32f072_hal_rcc.o(i.HAL_RCC_OscConfig) for HAL_RCC_OscConfig
    main.o(i.APP_SystemClockConfig) refers to py32f072_hal_rcc.o(i.HAL_RCC_ClockConfig) for HAL_RCC_ClockConfig
    main.o(i.APP_SystemClockConfig) refers to py32f072_hal_rcc_ex.o(i.HAL_RCCEx_PeriphCLKConfig) for HAL_RCCEx_PeriphCLKConfig
    main.o(i.IwdgInit) refers to py32f072_hal_iwdg.o(i.HAL_IWDG_Init) for HAL_IWDG_Init
    main.o(i.main) refers to py32f072_hal.o(i.HAL_Init) for HAL_Init
    main.o(i.main) refers to main.o(i.APP_SystemClockConfig) for APP_SystemClockConfig
    main.o(i.main) refers to system_py32f072.o(i.SystemCoreClockUpdate) for SystemCoreClockUpdate
    main.o(i.main) refers to app_system.o(i.System_DeviceInit) for System_DeviceInit
    main.o(i.main) refers to modbusrtu.o(i.MobudRtuInit) for MobudRtuInit
    main.o(i.main) refers to app_jm1203.o(i.JM1203_Init) for JM1203_Init
    main.o(i.main) refers to main.o(i.IwdgInit) for IwdgInit
    main.o(i.main) refers to app_system.o(i.SystemTask) for SystemTask
    main.o(i.main) refers to adc_config.o(i.ADC_ScanTask) for ADC_ScanTask
    main.o(i.main) refers to app_externaloutput.o(i.ExternalOutputScanTask) for ExternalOutputScanTask
    main.o(i.main) refers to timer_config.o(i.TimerTaskHandle) for TimerTaskHandle
    main.o(i.main) refers to app_jm1203.o(i.JM1203_Task) for JM1203_Task
    main.o(i.main) refers to flash_config.o(i.CalibDataWritePoll_Task) for CalibDataWritePoll_Task
    main.o(i.main) refers to app_sensor.o(i.Sensor_Task) for Sensor_Task
    main.o(i.main) refers to modbusrtu.o(i.ModbusRTU_Task) for ModbusRTU_Task
    lcd.o(i.Draw_Circle) refers to lcd.o(i.LCD_DrawPoint) for LCD_DrawPoint
    lcd.o(i.LCD_Address_Set) refers to lcd.o(i.LCD_WR_Comm) for LCD_WR_Comm
    lcd.o(i.LCD_Address_Set) refers to lcd.o(i.LCD_WR_DATA16) for LCD_WR_DATA16
    lcd.o(i.LCD_BackLightCtrl) refers to lcd.o(i.LCD_Fill) for LCD_Fill
    lcd.o(i.LCD_BackLightCtrl) refers to py32f072_hal.o(i.HAL_Delay) for HAL_Delay
    lcd.o(i.LCD_BackLightCtrl) refers to lcd.o(i.LCD_WR_Comm) for LCD_WR_Comm
    lcd.o(i.LCD_DrawEllipse) refers to fflti.o(.text) for __aeabi_i2f
    lcd.o(i.LCD_DrawEllipse) refers to faddsub.o(x$fpl$fadd) for __aeabi_fadd
    lcd.o(i.LCD_DrawEllipse) refers to fmul.o(x$fpl$fmul) for __aeabi_fmul
    lcd.o(i.LCD_DrawEllipse) refers to lcd.o(i.LCD_Draw_4_Pixels) for LCD_Draw_4_Pixels
    lcd.o(i.LCD_DrawEllipse) refers to flef.o(x$fpl$fleqf) for __aeabi_cfcmple
    lcd.o(i.LCD_DrawEllipse) refers to faddsub.o(x$fpl$fsub) for __aeabi_fsub
    lcd.o(i.LCD_DrawLine) refers to lcd.o(i.LCD_DrawPoint) for LCD_DrawPoint
    lcd.o(i.LCD_DrawPoint) refers to lcd.o(i.LCD_Address_Set) for LCD_Address_Set
    lcd.o(i.LCD_DrawPoint) refers to lcd.o(i.LCD_WR_DATA16) for LCD_WR_DATA16
    lcd.o(i.LCD_DrawRectangle) refers to lcd.o(i.LCD_DrawLine) for LCD_DrawLine
    lcd.o(i.LCD_Draw_4_Pixels) refers to lcd.o(i.LCD_DrawPoint) for LCD_DrawPoint
    lcd.o(i.LCD_Draw_4_Pixels_Lines) refers to lcd.o(i.LCD_DrawLine) for LCD_DrawLine
    lcd.o(i.LCD_Draw_8_Pixels_Lines) refers to lcd.o(i.LCD_DrawLine) for LCD_DrawLine
    lcd.o(i.LCD_Draw_8_Pixels_Spread_Out_From_Center) refers to lcd.o(i.LCD_DrawPoint) for LCD_DrawPoint
    lcd.o(i.LCD_Draw_Filled_Circle) refers to lcd.o(i.LCD_Draw_8_Pixels_Lines) for LCD_Draw_8_Pixels_Lines
    lcd.o(i.LCD_Draw_Filled_Ellipse) refers to fflti.o(.text) for __aeabi_i2f
    lcd.o(i.LCD_Draw_Filled_Ellipse) refers to faddsub.o(x$fpl$fadd) for __aeabi_fadd
    lcd.o(i.LCD_Draw_Filled_Ellipse) refers to fmul.o(x$fpl$fmul) for __aeabi_fmul
    lcd.o(i.LCD_Draw_Filled_Ellipse) refers to lcd.o(i.LCD_Draw_4_Pixels_Lines) for LCD_Draw_4_Pixels_Lines
    lcd.o(i.LCD_Draw_Filled_Ellipse) refers to flef.o(x$fpl$fleqf) for __aeabi_cfcmple
    lcd.o(i.LCD_Draw_Filled_Ellipse) refers to faddsub.o(x$fpl$fsub) for __aeabi_fsub
    lcd.o(i.LCD_Draw_Rounded_Rectangle) refers to lcd.o(i.LCD_DrawLine) for LCD_DrawLine
    lcd.o(i.LCD_Draw_Rounded_Rectangle) refers to lcd.o(i.LCD_Draw_8_Pixels_Spread_Out_From_Center) for LCD_Draw_8_Pixels_Spread_Out_From_Center
    lcd.o(i.LCD_Fill) refers to lcd.o(i.LCD_Address_Set) for LCD_Address_Set
    lcd.o(i.LCD_Fill) refers to lcd.o(i.LCD_WR_DATA16) for LCD_WR_DATA16
    lcd.o(i.LCD_Init) refers to rt_memclr.o(.text) for __aeabi_memclr4
    lcd.o(i.LCD_Init) refers to py32f072_hal_gpio.o(i.HAL_GPIO_Init) for HAL_GPIO_Init
    lcd.o(i.LCD_Init) refers to py32f072_hal.o(i.HAL_Delay) for HAL_Delay
    lcd.o(i.LCD_Init) refers to lcd.o(i.LCD_Init_WR_Comm) for LCD_Init_WR_Comm
    lcd.o(i.LCD_Init) refers to lcd.o(i.LCD_Init_WR_DATA8) for LCD_Init_WR_DATA8
    lcd.o(i.LCD_Init_WR_Comm) refers to lcd.o(i.LCD_Delay) for LCD_Delay
[...]
    CalibDataWritePoll_Task                  0x08003d71   Thumb Code   810  flash_config.o(i.CalibDataWritePoll_Task)
    CurrentOutput_Init                       0x080040a9   Thumb Code   108  pwm_config.o(i.CurrentOutput_Init)
    CurrentOutput_PwmValueSet                0x08004125   Thumb Code     8  pwm_config.o(i.CurrentOutput_PwmValueSet)
    CurrentOutput_UA                         0x08004131   Thumb Code    90  pwm_config.o(i.CurrentOutput_UA)
    CurrentOutput_UpdateCalcData             0x08004199   Thumb Code    56  pwm_config.o(i.CurrentOutput_UpdateCalcData)
    CurrentsCalibration_20mAFuntion          0x080041dd   Thumb Code  1612  meterinterface.o(i.CurrentsCalibration_20mAFuntion)
    CurrentsCalibration_4mAFuntion           0x08004841   Thumb Code  1612  meterinterface.o(i.CurrentsCalibration_4mAFuntion)
    ExternalOutputChannelEnable              0x08004ec1   Thumb Code    42  app_externaloutput.o(i.ExternalOutputChannelEnable)
    ExternalOutputImageRef                   0x08004ef1   Thumb Code    54  app_externaloutput.o(i.ExternalOutputImageRef)
    ExternalOutputScanTask                   0x08004f2d   Thumb Code   730  app_externaloutput.o(i.ExternalOutputScanTask)
    ExternalOutput_Init                      0x0800520d   Thumb Code   180  app_externaloutput.o(i.ExternalOutput_Init)
    ExternalRefVolTaskReady                  0x080052c5   Thumb Code    48  meterinterface.o(i.ExternalRefVolTaskReady)
    ExternalReferenceVolGetTask              0x080052fd   Thumb Code   380  meterinterface.o(i.ExternalReferenceVolGetTask)
    FLASH_WaitForLastOperation               0x08005539   Thumb Code    50  py32f072_hal_flash.o(i.FLASH_WaitForLastOperation)
    FloatToUInt32                            0x08005691   Thumb Code     2  modbusrtu.o(i.FloatToUInt32)
    GPIO_BSP_Init                            0x08005695   Thumb Code   146  gpio_config.o(i.GPIO_BSP_Init)
    GetAirPressureVal                        0x08005731   Thumb Code    40  app_system.o(i.GetAirPressureVal)
    GetRefVoltageValue                       0x0800575d   Thumb Code    26  app_system.o(i.GetRefVoltageValue)
    GetSystemTick                            0x08005781   Thumb Code     6  timer_config.o(i.GetSystemTick)
    Get_Bridge_RawData                       0x0800578d   Thumb Code     6  app_jm1203.o(i.Get_Bridge_RawData)
    Get_CalibAD                              0x08005799   Thumb Code    18  app_sensor.o(i.Get_CalibAD)
    Get_CalibDotNum                          0x080057b1   Thumb Code     6  app_sensor.o(i.Get_CalibDotNum)
    Get_Extreme_Value                        0x080057bd   Thumb Code    18  app_sensor.o(i.Get_Extreme_Value)
    Get_INT_Value                            0x080057d5   Thumb Code     6  app_sensor.o(i.Get_INT_Value)
    Get_JM1203_Set                           0x080057e1   Thumb Code    16  app_jm1203.o(i.Get_JM1203_Set)
    Get_Para                                 0x080057f5   Thumb Code    16  app_sensor.o(i.Get_Para)
    Get_PressureCal                          0x08005809   Thumb Code    18  app_sensor.o(i.Get_PressureCal)
    Get_UART_PARA                            0x08005821   Thumb Code    18  modbusrtu.o(i.Get_UART_PARA)
    Get_Value                                0x08005839   Thumb Code     6  app_sensor.o(i.Get_Value)
    HAL_ADCEx_Calibration_Start              0x08005845   Thumb Code   294  py32f072_hal_adc_ex.o(i.HAL_ADCEx_Calibration_Start)
    HAL_ADC_ConfigChannel                    0x08005971   Thumb Code   384  py32f072_hal_adc.o(i.HAL_ADC_ConfigChannel)
    HAL_ADC_DeInit                           0x08005afd   Thumb Code   252  py32f072_hal_adc.o(i.HAL_ADC_DeInit)
    HAL_ADC_Init                             0x08005c05   Thumb Code   350  py32f072_hal_adc.o(i.HAL_ADC_Init)
    HAL_ADC_MspDeInit                        0x08005d71   Thumb Code     2  py32f072_hal_msp.o(i.HAL_ADC_MspDeInit)
    HAL_ADC_MspInit                          0x08005d75   Thumb Code    68  py32f072_hal_msp.o(i.HAL_ADC_MspInit)
    HAL_Delay                                0x08005dbd   Thumb Code    38  py32f072_hal.o(i.HAL_Delay)
    HAL_FLASH_Erase                          0x08005de9   Thumb Code   564  py32f072_hal_flash.o(i.HAL_FLASH_Erase)
    HAL_FLASH_Lock                           0x08006031   Thumb Code    30  py32f072_hal_flash.o(i.HAL_FLASH_Lock)
    HAL_FLASH_Program                        0x08006055   Thumb Code   416  py32f072_hal_flash.o(i.HAL_FLASH_Program)
    HAL_FLASH_Unlock                         0x08006209   Thumb Code    40  py32f072_hal_flash.o(i.HAL_FLASH_Unlock)
    HAL_GPIO_DeInit                          0x0800623d   Thumb Code   242  py32f072_hal_gpio.o(i.HAL_GPIO_DeInit)
    HAL_GPIO_Init                            0x0800633d   Thumb Code   438  py32f072_hal_gpio.o(i.HAL_GPIO_Init)
    HAL_GPIO_WritePin                        0x08006501   Thumb Code    12  py32f072_hal_gpio.o(i.HAL_GPIO_WritePin)
    HAL_GetTick                              0x0800650d   Thumb Code     6  py32f072_hal.o(i.HAL_GetTick)
    HAL_IWDG_Init                            0x08006519   Thumb Code    76  py32f072_hal_iwdg.o(i.HAL_IWDG_Init)
    HAL_IncTick                              0x08006571   Thumb Code    16  py32f072_hal.o(i.HAL_IncTick)
    HAL_Init                                 0x08006589   Thumb Code    26  py32f072_hal.o(i.HAL_Init)
    HAL_InitTick                             0x080065a5   Thumb Code    82  py32f072_hal.o(i.HAL_InitTick)
    HAL_MspInit                              0x08006605   Thumb Code    64  py32f072_hal_msp.o(i.HAL_MspInit)
    HAL_NVIC_EnableIRQ                       0x08006649   Thumb Code    22  py32f072_hal_cortex.o(i.HAL_NVIC_EnableIRQ)
    HAL_NVIC_SetPriority                     0x08006665   Thumb Code    18  py32f072_hal_cortex.o(i.HAL_NVIC_SetPriority)
    HAL_NVIC_SystemReset                     0x08006679   Thumb Code    48  py32f072_hal_cortex.o(i.HAL_NVIC_SystemReset)
    HAL_OPA_DeInit                           0x080066b1   Thumb Code   136  py32f072_hal_opa.o(i.HAL_OPA_DeInit)
    HAL_OPA_Init                             0x0800673d   Thumb Code    52  py32f072_hal_opa.o(i.HAL_OPA_Init)
    HAL_OPA_MspDeInit                        0x08006771   Thumb Code     2  py32f072_hal_opa.o(i.HAL_OPA_MspDeInit)
    HAL_OPA_MspInit                          0x08006773   Thumb Code     2  py32f072_hal_opa.o(i.HAL_OPA_MspInit)
    HAL_OPA_Start                            0x08006775   Thumb Code   134  py32f072_hal_opa.o(i.HAL_OPA_Start)
    HAL_RCCEx_GetPeriphCLKFreq               0x08006801   Thumb Code   944  py32f072_hal_rcc_ex.o(i.HAL_RCCEx_GetPeriphCLKFreq)
    HAL_RCCEx_PeriphCLKConfig                0x08006bc1   Thumb Code   506  py32f072_hal_rcc_ex.o(i.HAL_RCCEx_PeriphCLKConfig)
    HAL_RCC_ClockConfig                      0x08006dc9   Thumb Code   442  py32f072_hal_rcc.o(i.HAL_RCC_ClockConfig)
    HAL_RCC_GetHCLKFreq                      0x08006f9d   Thumb Code     6  py32f072_hal_rcc.o(i.HAL_RCC_GetHCLKFreq)
    HAL_RCC_GetPCLK1Freq                     0x08006fa9   Thumb Code    32  py32f072_hal_rcc.o(i.HAL_RCC_GetPCLK1Freq)
    HAL_RCC_GetSysClockFreq                  0x08006fd1   Thumb Code   238  py32f072_hal_rcc.o(i.HAL_RCC_GetSysClockFreq)
    HAL_RCC_OscConfig                        0x080070cd   Thumb Code  1566  py32f072_hal_rcc.o(i.HAL_RCC_OscConfig)
    HAL_SYSTICK_Config                       0x080076f9   Thumb Code    46  py32f072_hal_cortex.o(i.HAL_SYSTICK_Config)
    HAL_TIM_Base_Init                        0x08007731   Thumb Code    56  py32f072_hal_tim.o(i.HAL_TIM_Base_Init)
    HAL_TIM_Base_MspInit                     0x08007769   Thumb Code   224  py32f072_hal_msp.o(i.HAL_TIM_Base_MspInit)
    HAL_TIM_PWM_ConfigChannel                0x08007859   Thumb Code   274  py32f072_hal_tim.o(i.HAL_TIM_PWM_ConfigChannel)
    HAL_TIM_PWM_Init                         0x0800796b   Thumb Code    56  py32f072_hal_tim.o(i.HAL_TIM_PWM_Init)
    HAL_TIM_PWM_MspInit                      0x080079a3   Thumb Code     2  py32f072_hal_tim.o(i.HAL_TIM_PWM_MspInit)
    HAL_TIM_PWM_Start                        0x080079a5   Thumb Code   100  py32f072_hal_tim.o(i.HAL_TIM_PWM_Start)
    HAL_UART_DeInit                          0x08007a19   Thumb Code    64  py32f072_hal_uart.o(i.HAL_UART_DeInit)
    HAL_UART_Init                            0x08007a59   Thumb Code   138  py32f072_hal_uart.o(i.HAL_UART_Init)
    HAL_UART_MspDeInit                       0x08007ae3   Thumb Code     2  py32f072_hal_uart.o(i.HAL_UART_MspDeInit)
    HAL_UART_MspInit                         0x08007ae5   Thumb Code   154  py32f072_hal_msp.o(i.HAL_UART_MspInit)
    HardFault_Handler                        0x08007b89   Thumb Code     4  py32f072_it.o(i.HardFault_Handler)
    IwdgInit                                 0x08007d31   Thumb Code    58  main.o(i.IwdgInit)
    JM1203_Init                              0x08007d75   Thumb Code   106  app_jm1203.o(i.JM1203_Init)
    JM1203_Task                              0x08007e3d   Thumb Code   370  app_jm1203.o(i.JM1203_Task)
    KEY_AddWrok                              0x08008021   Thumb Code    32  app_key.o(i.KEY_AddWrok)
    KEY_Config                               0x08008045   Thumb Code    46  app_key.o(i.KEY_Config)
    KEY_DOWN_Press_END_Msp                   0x08008075   Thumb Code    30  app_key.o(i.KEY_DOWN_Press_END_Msp)
    KEY_DOWN_Read                            0x08008099   Thumb Code    14  app_key.o(i.KEY_DOWN_Read)
    KEY_DOWN_Short_Press_Once_Msp            0x080080a9   Thumb Code    16  app_key.o(i.KEY_DOWN_Short_Press_Once_Msp)
    KEY_DOWN_Short_Press_Repeat_Msp          0x080080bd   Thumb Code    16  app_key.o(i.KEY_DOWN_Short_Press_Repeat_Msp)
    KEY_ENTER_Long_Press_Once_Msp            0x080080d1   Thumb Code    14  app_key.o(i.KEY_ENTER_Long_Press_Once_Msp)
    KEY_ENTER_Press_END_Msp                  0x080080e5   Thumb Code    28  app_key.o(i.KEY_ENTER_Press_END_Msp)
    KEY_ENTER_Read                           0x08008105   Thumb Code    12  app_key.o(i.KEY_ENTER_Read)
    KEY_ENTER_Short_Press_Once_Msp           0x08008115   Thumb Code    14  app_key.o(i.KEY_ENTER_Short_Press_Once_Msp)
    KEY_Init                                 0x08008129   Thumb Code   248  app_key.o(i.KEY_Init)
    KEY_ReadEvent                            0x08008265   Thumb Code    68  app_key.o(i.KEY_ReadEvent)
    KEY_Scan                                 0x080082ad   Thumb Code    22  app_key.o(i.KEY_Scan)
    KEY_UP_Press_END_Msp                     0x080082c9   Thumb Code    26  app_key.o(i.KEY_UP_Press_END_Msp)
    KEY_UP_Read                              0x080082e9   Thumb Code    10  app_key.o(i.KEY_UP_Read)
    KEY_UP_Short_Press_Once_Msp              0x080082f9   Thumb Code    14  app_key.o(i.KEY_UP_Short_Press_Once_Msp)
    KEY_UP_Short_Press_Repeat_Msp            0x0800830d   Thumb Code    14  app_key.o(i.KEY_UP_Short_Press_Repeat_Msp)
    LCD_BackLightCtrl                        0x08008363   Thumb Code    36  lcd.o(i.LCD_BackLightCtrl)
    LCD_Delay                                0x08008387   Thumb Code    26  lcd.o(i.LCD_Delay)
    LCD_DrawLine                             0x080083a1   Thumb Code   628  lcd.o(i.LCD_DrawLine)
    LCD_DrawRectangle                        0x08008631   Thumb Code    72  lcd.o(i.LCD_DrawRectangle)
    LCD_Fill                                 0x08008679   Thumb Code    70  lcd.o(i.LCD_Fill)
    LCD_Init                                 0x080086c1   Thumb Code   728  lcd.o(i.LCD_Init)
    LCD_ShowChar                             0x08009031   Thumb Code   392  lcd.o(i.LCD_ShowChar)
    LCD_ShowChinese                          0x080091d1   Thumb Code   264  lcd.o(i.LCD_ShowChinese)
    LCD_ShowIntNum                           0x080092e9   Thumb Code   160  lcd.o(i.LCD_ShowIntNum)
    LCD_ShowString                           0x08009389   Thumb Code    52  lcd.o(i.LCD_ShowString)
    LED_Ctrl                                 0x08009585   Thumb Code    64  gpio_config.o(i.LED_Ctrl)
    MeterInterfaceInit                       0x0800bffd   Thumb Code   410  meterinterface.o(i.MeterInterfaceInit)
    MeterInterfaceKeyShield                  0x0800c1c5   Thumb Code     6  meterinterface.o(i.MeterInterfaceKeyShield)
    MeterInterfaceTask                       0x0800c1d1   Thumb Code  1108  meterinterface.o(i.MeterInterfaceTask)
    MeterInterfaceTaskQuit                   0x0800c625   Thumb Code   156  meterinterface.o(i.MeterInterfaceTaskQuit)
    MobudRtuInit                             0x0800c705   Thumb Code   196  modbusrtu.o(i.MobudRtuInit)
    ModbusRTU_Task                           0x0800c7d5   Thumb Code   144  modbusrtu.o(i.ModbusRTU_Task)
    My_IntegerSplit                          0x0800ca49   Thumb Code    54  app_system.o(i.My_IntegerSplit)
    My_NumberCount                           0x0800ca7f   Thumb Code    30  app_system.o(i.My_NumberCount)
    My_Pow                                   0x0800ca9d   Thumb Code    26  app_system.o(i.My_Pow)
    NMI_Handler                              0x0800cab7   Thumb Code     2  py32f072_it.o(i.NMI_Handler)
    NpnOut_Ctrl                              0x0800cab9   Thumb Code    64  gpio_config.o(i.NpnOut_Ctrl)
    ParamSetCompensationValFuntion           0x0800cca1   Thumb Code  1822  meterinterface.o(i.ParamSetCompensationValFuntion)
    ParamSetMenuFuntion                      0x0800de09   Thumb Code    12  meterinterface.o(i.ParamSetMenuFuntion)
    ParamSetOut1DelayTimeFuntion             0x0800de15   Thumb Code   978  meterinterface.o(i.ParamSetOut1DelayTimeFuntion)
    ParamSetOut1Funtion                      0x0800e215   Thumb Code    12  meterinterface.o(i.ParamSetOut1Funtion)
    ParamSetOut1LagValFuntion                0x0800e221   Thumb Code  1202  meterinterface.o(i.ParamSetOut1LagValFuntion)
    ParamSetOut1ModeFuntion                  0x0800e6ed   Thumb Code    66  meterinterface.o(i.ParamSetOut1ModeFuntion)
    ParamSetOut1ModeLagFuntion               0x0800e735   Thumb Code   118  meterinterface.o(i.ParamSetOut1ModeLagFuntion)
    ParamSetOut1ModeOrdinaryFuntion          0x0800e7bd   Thumb Code   118  meterinterface.o(i.ParamSetOut1ModeOrdinaryFuntion)
    ParamSetOut1ModeWindowFuntion            0x0800e845   Thumb Code   118  meterinterface.o(i.ParamSetOut1ModeWindowFuntion)
    ParamSetOut1PeakValueFuntion             0x0800e8cd   Thumb Code   920  meterinterface.o(i.ParamSetOut1PeakValueFuntion)
    ParamSetOut1ThresholdValueFuntion        0x0800ec8d   Thumb Code   912  meterinterface.o(i.ParamSetOut1ThresholdValueFuntion)
    ParamSetOut1ValleyValueFuntion           0x0800f045   Thumb Code   920  meterinterface.o(i.ParamSetOut1ValleyValueFuntion)
    ParamSetOut1WayFuntion                   0x0800f405   Thumb Code    54  meterinterface.o(i.ParamSetOut1WayFuntion)
    ParamSetOut1WayNoReverseFuntion          0x0800f441   Thumb Code   118  meterinterface.o(i.ParamSetOut1WayNoReverseFuntion)
    ParamSetOut1WayReverseFuntion            0x0800f4c9   Thumb Code   118  meterinterface.o(i.ParamSetOut1WayReverseFuntion)
    ParamSetOut2DelayTimeFuntion             0x0800f551   Thumb Code   978  meterinterface.o(i.ParamSetOut2DelayTimeFuntion)
    ParamSetOut2Funtion                      0x0800f951   Thumb Code    12  meterinterface.o(i.ParamSetOut2Funtion)
    ParamSetOut2LagValFuntion                0x0800f95d   Thumb Code  1162  meterinterface.o(i.ParamSetOut2LagValFuntion)
    ParamSetOut2ModeFuntion                  0x0800fdf5   Thumb Code    66  meterinterface.o(i.ParamSetOut2ModeFuntion)
    ParamSetOut2ModeLagFuntion               0x0800fe3d   Thumb Code   118  meterinterface.o(i.ParamSetOut2ModeLagFuntion)
    ParamSetOut2ModeOrdinaryFuntion          0x0800fec5   Thumb Code   118  meterinterface.o(i.ParamSetOut2ModeOrdinaryFuntion)
    ParamSetOut2ModeWindowFuntion            0x0800ff4d   Thumb Code   118  meterinterface.o(i.ParamSetOut2ModeWindowFuntion)
    ParamSetOut2PeakValueFuntion             0x0800ffd5   Thumb Code   920  meterinterface.o(i.ParamSetOut2PeakValueFuntion)
    ParamSetOut2ThresholdValueFuntion        0x08010395   Thumb Code   928  meterinterface.o(i.ParamSetOut2ThresholdValueFuntion)
    ParamSetOut2ValleyValueFuntion           0x0801075d   Thumb Code   920  meterinterface.o(i.ParamSetOut2ValleyValueFuntion)
    ParamSetOut2WayFuntion                   0x08010b1d   Thumb Code    54  meterinterface.o(i.ParamSetOut2WayFuntion)
    ParamSetOut2WayNoReverseFuntion          0x08010b59   Thumb Code   118  meterinterface.o(i.ParamSetOut2WayNoReverseFuntion)
    ParamSetOut2WayReverseFuntion            0x08010be1   Thumb Code   118  meterinterface.o(i.ParamSetOut2WayReverseFuntion)
    ParamSetRange10Funtion                   0x08010c69   Thumb Code   156  meterinterface.o(i.ParamSetRange10Funtion)
    ParamSetRange11Funtion                   0x08010d15   Thumb Code   156  meterinterface.o(i.ParamSetRange11Funtion)
    ParamSetRange12Funtion                   0x08010dc1   Thumb Code   156  meterinterface.o(i.ParamSetRange12Funtion)
    ParamSetRange13Funtion                   0x08010e6d   Thumb Code   156  meterinterface.o(i.ParamSetRange13Funtion)
    ParamSetRange1Funtion                    0x08010f19   Thumb Code   146  meterinterface.o(i.ParamSetRange1Funtion)
    ParamSetRange2Funtion                    0x08010fbd   Thumb Code   156  meterinterface.o(i.ParamSetRange2Funtion)
    ParamSetRange3Funtion                    0x08011069   Thumb Code   156  meterinterface.o(i.ParamSetRange3Funtion)
    ParamSetRange4Funtion                    0x08011115   Thumb Code   156  meterinterface.o(i.ParamSetRange4Funtion)
    ParamSetRange5Funtion                    0x080111c1   Thumb Code   156  meterinterface.o(i.ParamSetRange5Funtion)
    ParamSetRange6Funtion                    0x0801126d   Thumb Code   156  meterinterface.o(i.ParamSetRange6Funtion)
    ParamSetRange7Funtion                    0x08011319   Thumb Code   156  meterinterface.o(i.ParamSetRange7Funtion)
    ParamSetRange8Funtion                    0x080113c5   Thumb Code   156  meterinterface.o(i.ParamSetRange8Funtion)
    ParamSetRange9Funtion                    0x08011471   Thumb Code   156  meterinterface.o(i.ParamSetRange9Funtion)
    ParamSetRangeFuntion                     0x0801151d   Thumb Code    50  meterinterface.o(i.ParamSetRangeFuntion)
    ParamSetTaskCreate                       0x0801155d   Thumb Code    20  app_paraminput.o(i.ParamSetTaskCreate)
    ParamSetTaskDelete                       0x08011579   Thumb Code    80  app_paraminput.o(i.ParamSetTaskDelete)
    ParamSetTaskIdleQuery                    0x080115ed   Thumb Code    12  app_paraminput.o(i.ParamSetTaskIdleQuery)
    ParamSetTaskReady                        0x080115fd   Thumb Code    12  app_paraminput.o(i.ParamSetTaskReady)
    ParamSetTaskStart                        0x0801160d   Thumb Code    32  app_paraminput.o(i.ParamSetTaskStart)
    ParamSetUnitFuntion                      0x08011631   Thumb Code    58  meterinterface.o(i.ParamSetUnitFuntion)
    ParamSetUnitKpaFuntion                   0x0801167d   Thumb Code   118  meterinterface.o(i.ParamSetUnitKpaFuntion)
    ParamSetUnitMpaFuntion                   0x08011705   Thumb Code   118  meterinterface.o(i.ParamSetUnitMpaFuntion)
    ParamSetZeroResetFuntion                 0x0801178d   Thumb Code   122  meterinterface.o(i.ParamSetZeroResetFuntion)
    PendSV_Handler                           0x0801181d   Thumb Code     2  py32f072_it.o(i.PendSV_Handler)
    PressureParamIntputEnable                0x08011821   Thumb Code    20  app_paraminput.o(i.PressureParamIntputEnable)
    PressureParamIntputUnitRead              0x0801183d   Thumb Code    32  app_paraminput.o(i.PressureParamIntputUnitRead)
    QuitMenuFuntion                          0x08011861   Thumb Code    18  meterinterface.o(i.QuitMenuFuntion)
    SVC_Handler                              0x08011a21   Thumb Code     2  py32f072_it.o(i.SVC_Handler)
    Sensor_Task                              0x08011a25   Thumb Code  1436  app_sensor.o(i.Sensor_Task)
    Set_CalibAD                              0x08011ffd   Thumb Code    28  app_sensor.o(i.Set_CalibAD)
    Set_CalibDotNum                          0x0801201d   Thumb Code    40  app_sensor.o(i.Set_CalibDotNum)
    Set_Calib_WriteFlag                      0x08012049   Thumb Code     6  flash_config.o(i.Set_Calib_WriteFlag)
    Set_Extreme_Value                        0x08012055   Thumb Code    28  app_sensor.o(i.Set_Extreme_Value)
    Set_JM1203_Set                           0x08012075   Thumb Code    26  app_jm1203.o(i.Set_JM1203_Set)
    Set_Para                                 0x08012095   Thumb Code    60  app_sensor.o(i.Set_Para)
    Set_PressureCal                          0x080120d9   Thumb Code    28  app_sensor.o(i.Set_PressureCal)
    Set_UART_PARA                            0x080120f9   Thumb Code    70  modbusrtu.o(i.Set_UART_PARA)
    SysTick_Handler                          0x08012151   Thumb Code   114  timer_config.o(i.SysTick_Handler)
    SystemCoreClockUpdate                    0x080121cd   Thumb Code   212  system_py32f072.o(i.SystemCoreClockUpdate)
    SystemInit                               0x080122b9   Thumb Code    40  system_py32f072.o(i.SystemInit)
    SystemSetCurrentsFuntion                 0x080122f1   Thumb Code    12  meterinterface.o(i.SystemSetCurrentsFuntion)
    SystemSetFactoryResetFuntion             0x080122fd   Thumb Code  1774  meterinterface.o(i.SystemSetFactoryResetFuntion)
    SystemSetFontColourBlueFuntion           0x08012a09   Thumb Code   212  meterinterface.o(i.SystemSetFontColourBlueFuntion)
    SystemSetFontColourFuntion               0x08012af9   Thumb Code   130  meterinterface.o(i.SystemSetFontColourFuntion)
    SystemSetFontColourGreenFuntion          0x08012b95   Thumb Code   214  meterinterface.o(i.SystemSetFontColourGreenFuntion)
    SystemSetFontColourOrangeFuntion         0x08012c85   Thumb Code   212  meterinterface.o(i.SystemSetFontColourOrangeFuntion)
    SystemSetFontColourVioletFuntion         0x08012d75   Thumb Code   212  meterinterface.o(i.SystemSetFontColourVioletFuntion)
    SystemSetFontColourWhiteFuntion          0x08012e65   Thumb Code   212  meterinterface.o(i.SystemSetFontColourWhiteFuntion)
    SystemSetFontColourYellowFuntion         0x08012f55   Thumb Code   212  meterinterface.o(i.SystemSetFontColourYellowFuntion)
    SystemSetLanguageChineseFuntion          0x08013045   Thumb Code   152  meterinterface.o(i.SystemSetLanguageChineseFuntion)
    SystemSetLanguageEnglishFuntion          0x080130f9   Thumb Code   150  meterinterface.o(i.SystemSetLanguageEnglishFuntion)
    SystemSetLanguageFuntion                 0x080131ad   Thumb Code    12  meterinterface.o(i.SystemSetLanguageFuntion)
    SystemSetMenuFuntion                     0x080131b9   Thumb Code    12  meterinterface.o(i.SystemSetMenuFuntion)
    SystemSetOutput1Funtion                  0x080131c5   Thumb Code    12  meterinterface.o(i.SystemSetOutput1Funtion)
    SystemSetOutput1TestCloseFuntion         0x080131d1   Thumb Code   132  meterinterface.o(i.SystemSetOutput1TestCloseFuntion)
    SystemSetOutput1TestOpenFuntion          0x08013269   Thumb Code   132  meterinterface.o(i.SystemSetOutput1TestOpenFuntion)
    SystemSetOutput2Funtion                  0x08013301   Thumb Code    12  meterinterface.o(i.SystemSetOutput2Funtion)
    SystemSetOutput2TestCloseFuntion         0x0801330d   Thumb Code   132  meterinterface.o(i.SystemSetOutput2TestCloseFuntion)
    SystemSetOutput2TestOpenFuntion          0x080133a5   Thumb Code   132  meterinterface.o(i.SystemSetOutput2TestOpenFuntion)
    SystemSetOutputTestFuntion               0x0801343d   Thumb Code    44  meterinterface.o(i.SystemSetOutputTestFuntion)
    SystemSetVersionFuntion                  0x08013469   Thumb Code   864  meterinterface.o(i.SystemSetVersionFuntion)
    SystemTask                               0x08013821   Thumb Code  1160  app_system.o(i.SystemTask)
    System_DeviceInit                        0x08013cb9   Thumb Code    42  app_system.o(i.System_DeviceInit)
    System_ParameterReset                    0x08013ce5   Thumb Code  1700  app_system.o(i.System_ParameterReset)
    TIM_Base_SetConfig                       0x080143c9   Thumb Code   124  py32f072_hal_tim.o(i.TIM_Base_SetConfig)
    TIM_CCxChannelCmd                        0x08014459   Thumb Code    34  py32f072_hal_tim.o(i.TIM_CCxChannelCmd)
    TIM_OC2_SetConfig                        0x08014525   Thumb Code   168  py32f072_hal_tim.o(i.TIM_OC2_SetConfig)
    TimerTaskCreate                          0x0801471d   Thumb Code    74  timer_config.o(i.TimerTaskCreate)
    TimerTaskDelete                          0x0801476d   Thumb Code    60  timer_config.o(i.TimerTaskDelete)
    TimerTaskHandle                          0x080147ad   Thumb Code   110  timer_config.o(i.TimerTaskHandle)
    Timer_Init                               0x08014825   Thumb Code    12  timer_config.o(i.Timer_Init)
    UART_Bsp_Init                            0x0801486d   Thumb Code   172  uart_config.o(i.UART_Bsp_Init)
    UART_InitAll                             0x08014921   Thumb Code    20  uart_config.o(i.UART_InitAll)
    UART_ReadData                            0x0801493d   Thumb Code    86  uart_config.o(i.UART_ReadData)
    UART_RxCallBackAdd                       0x08014995   Thumb Code    22  uart_config.o(i.UART_RxCallBackAdd)
    UART_SendData                            0x080149b1   Thumb Code    60  uart_config.o(i.UART_SendData)
    UInt32ToFloat                            0x08014b91   Thumb Code     2  modbusrtu.o(i.UInt32ToFloat)
    USART2_IRQHandler                        0x08014b95   Thumb Code   306  uart_config.o(i.USART2_IRQHandler)
    __ARM_common_ll_muluu                    0x08014f45   Thumb Code    48  btod.o(i.__ARM_common_ll_muluu)
    __ARM_common_switch8                     0x08014f75   Thumb Code    28  app_key.o(i.__ARM_common_switch8)
    __ARM_fpclassify                         0x08014f91   Thumb Code    40  fpclassify.o(i.__ARM_fpclassify)
    _is_digit                                0x08015035   Thumb Code    14  __printf_wp.o(i._is_digit)
    main                                     0x08015045   Thumb Code    70  main.o(i.main)
    round                                    0x080150b1   Thumb Code   142  round.o(i.round)
    _get_lc_numeric                          0x0801514d   Thumb Code    44  lc_numeric_c.o(locale$$code)
    __aeabi_cdcmple                          0x08015179   Thumb Code     0  dlef.o(x$fpl$dleqf)
    _dcmple                                  0x08015179   Thumb Code    94  dlef.o(x$fpl$dleqf)
    __aeabi_cdrcmple                         0x080151dd   Thumb Code     0  drlef.o(x$fpl$drleqf)
    _drcmple                                 0x080151dd   Thumb Code   100  drlef.o(x$fpl$drleqf)
    __aeabi_fadd                             0x08015245   Thumb Code     0  faddsub.o(x$fpl$fadd)
    _fadd                                    0x08015245   Thumb Code   134  faddsub.o(x$fpl$fadd)
    __aeabi_fmul                             0x080152d1   Thumb Code     0  fmul.o(x$fpl$fmul)
    _fmul                                    0x080152d1   Thumb Code   172  fmul.o(x$fpl$fmul)
    __aeabi_frsub                            0x08015381   Thumb Code     0  faddsub.o(x$fpl$frsb)
    _frsb                                    0x08015381   Thumb Code    24  faddsub.o(x$fpl$frsb)
    __aeabi_fsub                             0x08015399   Thumb Code     0  faddsub.o(x$fpl$fsub)
    _fsub                                    0x08015399   Thumb Code   204  faddsub.o(x$fpl$fsub)
    _printf_fp_dec                           0x08015469   Thumb Code    16  printf1.o(x$fpl$printf1)
    __I$use$fp                               0x08015478   Number         0  usenofp.o(x$fpl$usenofp)
    ascii_1206                               0x08015478   Data        1140  lcd.o(.constdata)
    ascii_1608                               0x080158ec   Data        1600  lcd.o(.constdata)
    ascii_2412                               0x08015f2c   Data        4560  lcd.o(.constdata)
    ascii_3216                               0x080170fc   Data        6080  lcd.o(.constdata)
    ascii_4824                               0x080188bc   Data        3744  lcd.o(.constdata)
    ascii_6424                               0x0801975c   Data        4992  lcd.o(.constdata)
    tfont12                                  0x0801aadc   Data         792  lcd.o(.constdata)
    tfont16                                  0x0801adf4   Data        3776  lcd.o(.constdata)
    tfont24                                  0x0801bcb4   Data        8640  lcd.o(.constdata)
    tfont32                                  0x0801de74   Data         640  lcd.o(.constdata)
    AHBPrescTable                            0x0801e0f4   Data          64  system_py32f072.o(.constdata)
    APBPrescTable                            0x0801e134   Data          32  system_py32f072.o(.constdata)
    HSIFreqTable                             0x0801e154   Data          32  system_py32f072.o(.constdata)
    _FlashTimmingParam                       0x0801e174   Data          32  py32f072_hal_flash.o(.constdata)
    Region$$Table$$Base                      0x0801e644   Number         0  anon$$obj.o(Region$$Table)
    Region$$Table$$Limit                     0x0801e664   Number         0  anon$$obj.o(Region$$Table)
    RangeNumber                              0x20000008   Data           4  app_system.o(.data)
    RangeSet_Flag                            0x2000000c   Data           4  app_system.o(.data)
    ExternalOutObj                           0x200000a0   Data          64  app_externaloutput.o(.data)
    Long_Press_OnceCount                     0x200000e0   Data           1  meterinterface.o(.data)
    MainMenu                                 0x200000e4   Data         144  meterinterface.o(.data)
    ParamSetMenu                             0x20000174   Data         336  meterinterface.o(.data)
    ParamSetMenu2                            0x200002c4   Data         288  meterinterface.o(.data)
    ParamSetRange                            0x200003e4   Data         672  meterinterface.o(.data)
    ParamSetOut1                             0x20000684   Data         384  meterinterface.o(.data)
    ParamSetOut2                             0x20000804   Data         384  meterinterface.o(.data)
    ParamSetUnit                             0x20000984   Data         144  meterinterface.o(.data)
    ParamSetOut1Mode                         0x20000a14   Data         192  meterinterface.o(.data)
    ParamSetOut1Way                          0x20000ad4   Data         144  meterinterface.o(.data)
    ParamSetOut2Mode                         0x20000b64   Data         192  meterinterface.o(.data)
    ParamSetOut2Way                          0x20000c24   Data         144  meterinterface.o(.data)
    SystemSetMenu                            0x20000cb4   Data         336  meterinterface.o(.data)
    SystemSetLanguage                        0x20000e04   Data         144  meterinterface.o(.data)
    SystemSetOutputTest                      0x20000e94   Data         144  meterinterface.o(.data)
    SystemSetOutput1Test                     0x20000f24   Data         144  meterinterface.o(.data)
    SystemSetOutput2Test                     0x20000fb4   Data         144  meterinterface.o(.data)
    SystemSetFontColour                      0x20001044   Data         336  meterinterface.o(.data)
    SystemSetCurrents                        0x20001194   Data         144  meterinterface.o(.data)
    k                                        0x20001274   Data           4  app_sensor.o(.data)
    t                                        0x20001278   Data           4  app_sensor.o(.data)
    ADCxSacnTaskObj                          0x200012a8   Data          16  adc_config.o(.data)
    SystemCoreClock                          0x200012d8   Data           4  system_py32f072.o(.data)
    uwTick                                   0x200012dc   Data           4  py32f072_hal.o(.data)
    uwTickPrio                               0x200012e0   Data           4  py32f072_hal.o(.data)
    uwTickFreq                               0x200012e4   Data           4  py32f072_hal.o(.data)
    AdcHandle                                0x200016e0   Data          52  adc_config.o(.bss)
    OpaHandle                                0x20001714   Data          12  adc_config.o(.bss)
    TimerIniture                             0x20001720   Data          64  pwm_config.o(.bss)
    TimerOcIniture                           0x20001760   Data          28  pwm_config.o(.bss)
    Param_Config                             0x20001b7c   Data          76  flash_config.o(.bss)
    _gTimerTaskObj                           0x20001bc8   Data         200  timer_config.o(.bss)
    pFlash                                   0x20001c90   Data          24  py32f072_hal_flash.o(.bss)
    __libspace_start                         0x20001ca8   Data          96  libspace.o(.bss)
    __temporary_stack_top$libspace           0x20001d08   Data           0  libspace.o(.bss)



==============================================================================

Memory Map of the image

  Image Entry point : 0x080000c1

  Load Region LR_IROM1 (Base: 0x08000000, Size: 0x0001f968, Max: 0x0001f000, ABSOLUTE, COMPRESSED[0x0001ec34])

    Execution Region ER_IROM1 (Exec base: 0x08000000, Load base: 0x08000000, Size: 0x0001e680, Max: 0x0001f000, ABSOLUTE)

    Exec Addr    Load Addr    Size         Type   Attr      Idx    E Section Name        Object

    0x08000000   0x08000000   0x000000c0   Data   RO         2167    RESET               startup_py32f072xx.o
    0x080000c0   0x080000c0   0x00000008   Code   RO         5306  * !!!main             c_p.l(__main.o)
    0x080000c8   0x080000c8   0x0000003c   Code   RO         5574    !!!scatter          c_p.l(__scatter.o)
    0x08000104   0x08000104   0x0000001c   Code   RO         5576    !!handler_zi        c_p.l(__scatter_zi.o)
    0x08000120   0x08000120   0x00000002   Code   RO         5293    .ARM.Collect$$_printf_percent$$00000000  c_p.l(_printf_percent.o)
    0x08000122   0x08000122   0x0000000a   Code   RO         5292    .ARM.Collect$$_printf_percent$$00000003  c_p.l(_printf_f.o)
    0x0800012c   0x0800012c   0x0000000a   Code   RO         5291    .ARM.Collect$$_printf_percent$$00000009  c_p.l(_printf_d.o)
    0x08000136   0x08000136   0x00000004   Code   RO         5361    .ARM.Collect$$_printf_percent$$00000017  c_p.l(_printf_percent_end.o)
    0x0800013a   0x0800013a   0x00000002   Code   RO         5440    .ARM.Collect$$libinit$$00000000  c_p.l(libinit.o)
    0x0800013c   0x0800013c   0x00000000   Code   RO         5442    .ARM.Collect$$libinit$$00000002  c_p.l(libinit2.o)
    0x0800013c   0x0800013c   0x00000000   Code   RO         5444    .ARM.Collect$$libinit$$00000004  c_p.l(libinit2.o)
    0x0800013c   0x0800013c   0x00000000   Code   RO         5447    .ARM.Collect$$libinit$$0000000A  c_p.l(libinit2.o)
    0x0800013c   0x0800013c   0x00000000   Code   RO         5449    .ARM.Collect$$libinit$$0000000C  c_p.l(libinit2.o)
    0x0800013c   0x0800013c   0x00000000   Code   RO         5451    .ARM.Collect$$libinit$$0000000E  c_p.l(libinit2.o)
    0x0800013c   0x0800013c   0x00000006   Code   RO         5452    .ARM.Collect$$libinit$$0000000F  c_p.l(libinit2.o)
    0x08000142   0x08000142   0x00000000   Code   RO         5454    .ARM.Collect$$libinit$$00000011  c_p.l(libinit2.o)
    0x08000142   0x08000142   0x00000000   Code   RO         5456    .ARM.Collect$$libinit$$00000013  c_p.l(libinit2.o)
    0x08000142   0x08000142   0x00000000   Code   RO         5458    .ARM.Collect$$libinit$$00000015  c_p.l(libinit2.o)
    0x08000142   0x08000142   0x0000000a   Code   RO         5459    .ARM.Collect$$libinit$$00000016  c_p.l(libinit2.o)
    0x0800014c   0x0800014c   0x00000000   Code   RO         5460    .ARM.Collect$$libinit$$00000017  c_p.l(libinit2.o)
    0x0800014c   0x0800014c   0x00000000   Code   RO         5462    .ARM.Collect$$libinit$$00000019  c_p.l(libinit2.o)
    0x0800014c   0x0800014c   0x00000000   Code   RO         5464    .ARM.Collect$$libinit$$0000001B  c_p.l(libinit2.o)
    0x0800014c   0x0800014c   0x00000000   Code   RO         5466    .ARM.Collect$$libinit$$0000001D  c_p.l(libinit2.o)
    0x0800014c   0x0800014c   0x00000000   Code   RO         5468    .ARM.Collect$$libinit$$0000001F  c_p.l(libinit2.o)
    0x0800014c   0x0800014c   0x00000000   Code   RO         5470    .ARM.Collect$$libinit$$00000021  c_p.l(libinit2.o)
    0x0800014c   0x0800014c   0x00000000   Code   RO         5472    .ARM.Collect$$libinit$$00000023  c_p.l(libinit2.o)
    0x0800014c   0x0800014c   0x00000000   Code   RO         5474    .ARM.Collect$$libinit$$00000025  c_p.l(libinit2.o)
    0x0800014c   0x0800014c   0x00000000   Code   RO         5478    .ARM.Collect$$libinit$$0000002C  c_p.l(libinit2.o)
    0x0800014c   0x0800014c   0x00000000   Code   RO         5480    .ARM.Collect$$libinit$$0000002E  c_p.l(libinit2.o)
    0x0800014c   0x0800014c   0x00000000   Code   RO         5482    .ARM.Collect$$libinit$$00000030  c_p.l(libinit2.o)
    0x0800014c   0x0800014c   0x00000000   Code   RO         5484    .ARM.Collect$$libinit$$00000032  c_p.l(libinit2.o)
    0x0800014c   0x0800014c   0x00000002   Code   RO         5485    .ARM.Collect$$libinit$$00000033  c_p.l(libinit2.o)
    0x0800014e   0x0800014e   0x00000002   Code   RO         5537    .ARM.Collect$$libshutdown$$00000000  c_p.l(libshutdown.o)
    0x08000150   0x08000150   0x00000000   Code   RO         5555    .ARM.Collect$$libshutdown$$00000002  c_p.l(libshutdown2.o)
    0x08000150   0x08000150   0x00000000   Code   RO         5557    .ARM.Collect$$libshutdown$$00000004  c_p.l(libshutdown2.o)
    0x08000150   0x08000150   0x00000000   Code   RO         5560    .ARM.Collect$$libshutdown$$00000007  c_p.l(libshutdown2.o)
    0x08000150   0x08000150   0x00000000   Code   RO         5563    .ARM.Collect$$libshutdown$$0000000A  c_p.l(libshutdown2.o)
    0x08000150   0x08000150   0x00000000   Code   RO         5565    .ARM.Collect$$libshutdown$$0000000C  c_p.l(libshutdown2.o)
    0x08000150   0x08000150   0x00000000   Code   RO         5568    .ARM.Collect$$libshutdown$$0000000F  c_p.l(libshutdown2.o)
    0x08000150   0x08000150   0x00000002   Code   RO         5569    .ARM.Collect$$libshutdown$$00000010  c_p.l(libshutdown2.o)
    0x08000152   0x08000152   0x00000000   Code   RO         5346    .ARM.Collect$$rtentry$$00000000  c_p.l(__rtentry.o)
    0x08000152   0x08000152   0x00000000   Code   RO         5374    .ARM.Collect$$rtentry$$00000002  c_p.l(__rtentry2.o)
    0x08000152   0x08000152   0x00000006   Code   RO         5386    .ARM.Collect$$rtentry$$00000004  c_p.l(__rtentry4.o)
    0x08000158   0x08000158   0x00000000   Code   RO         5376    .ARM.Collect$$rtentry$$00000009  c_p.l(__rtentry2.o)
    0x08000158   0x08000158   0x00000004   Code   RO         5377    .ARM.Collect$$rtentry$$0000000A  c_p.l(__rtentry2.o)
    0x0800015c   0x0800015c   0x00000000   Code   RO         5379    .ARM.Collect$$rtentry$$0000000C  c_p.l(__rtentry2.o)
    0x0800015c   0x0800015c   0x00000008   Code   RO         5380    .ARM.Collect$$rtentry$$0000000D  c_p.l(__rtentry2.o)
    0x08000164   0x08000164   0x00000002   Code   RO         5491    .ARM.Collect$$rtexit$$00000000  c_p.l(rtexit.o)
    0x08000166   0x08000166   0x00000000   Code   RO         5506    .ARM.Collect$$rtexit$$00000002  c_p.l(rtexit2.o)
    0x08000166   0x08000166   0x00000004   Code   RO         5507    .ARM.Collect$$rtexit$$00000003  c_p.l(rtexit2.o)
    0x0800016a   0x0800016a   0x00000006   Code   RO         5508    .ARM.Collect$$rtexit$$00000004  c_p.l(rtexit2.o)
    0x08000170   0x08000170   0x00000038   Code   RO         5294    .emb_text           c_p.l(rt_memcpy.o)
    0x080001a8   0x080001a8   0x00000034   Code   RO         2168    .text               startup_py32f072xx.o
    0x080001dc   0x080001dc   0x0000003c   Code   RO         5263    .text               c_p.l(__2snprintf.o)
    0x08000218   0x08000218   0x0000006c   Code   RO         5269    .text               c_p.l(_printf_dec.o)
    0x08000284   0x08000284   0x0000010e   Code   RO         5279    .text               c_p.l(__printf_wp.o)
    0x08000392   0x08000392   0x00000040   Code   RO         5298    .text               c_p.l(rt_memclr.o)
    0x080003d2   0x080003d2   0x0000015a   Code   RO         5300    .text               c_p.l(aeabi_sdiv.o)
    0x0800052c   0x0800052c   0x00000006   Code   RO         5304    .text               c_p.l(heapauxi.o)
    0x08000532   0x08000532   0x00000002   PAD
    0x08000534   0x08000534   0x0000007c   Code   RO         5308    .text               fz_ps.l(d2f.o)
    0x080005b0   0x080005b0   0x00000358   Code   RO         5310    .text               fz_ps.l(daddsub.o)
    0x08000908   0x08000908   0x00000448   Code   RO         5312    .text               fz_ps.l(ddiv.o)
    0x08000d50   0x08000d50   0x0000006c   Code   RO         5315    .text               fz_ps.l(dfixi.o)
    0x08000dbc   0x08000dbc   0x00000048   Code   RO         5317    .text               fz_ps.l(dfixui.o)
    0x08000e04   0x08000e04   0x00000058   Code   RO         5319    .text               fz_ps.l(dflti.o)
    0x08000e5c   0x08000e5c   0x00000248   Code   RO         5321    .text               fz_ps.l(dmul.o)
    0x080010a4   0x080010a4   0x00000054   Code   RO         5323    .text               fz_ps.l(f2d.o)
    0x080010f8   0x080010f8   0x00000160   Code   RO         5331    .text               fz_ps.l(fdiv.o)
    0x08001258   0x08001258   0x0000004c   Code   RO         5334    .text               fz_ps.l(ffixi.o)
    0x080012a4   0x080012a4   0x0000005e   Code   RO         5336    .text               fz_ps.l(fflti.o)
    0x08001302   0x08001302   0x000000b0   Code   RO         5351    .text               c_p.l(_printf_intcommon.o)
    0x080013b2   0x080013b2   0x00000002   PAD
    0x080013b4   0x080013b4   0x00000418   Code   RO         5353    .text               c_p.l(_printf_fp_dec.o)
    0x080017cc   0x080017cc   0x00000030   Code   RO         5355    .text               c_p.l(_printf_char_common.o)
    0x080017fc   0x080017fc   0x0000000a   Code   RO         5357    .text               c_p.l(_sputc.o)
    0x08001806   0x08001806   0x00000010   Code   RO         5359    .text               c_p.l(_snputc.o)
    0x08001816   0x08001816   0x00000028   Code   RO         5362    .text               c_p.l(rtudiv10.o)
    0x0800183e   0x0800183e   0x00000002   PAD
    0x08001840   0x08001840   0x000000f0   Code   RO         5368    .text               fz_ps.l(drnd.o)
    0x08001930   0x08001930   0x00000008   Code   RO         5393    .text               c_p.l(rt_locale_intlibspace.o)
    0x08001938   0x08001938   0x0000007a   Code   RO         5395    .text               c_p.l(lludiv10.o)
    0x080019b2   0x080019b2   0x00000002   PAD
    0x080019b4   0x080019b4   0x00000088   Code   RO         5397    .text               c_p.l(_printf_fp_infnan.o)
    0x08001a3c   0x08001a3c   0x000000d8   Code   RO         5401    .text               c_p.l(bigflt0.o)
    0x08001b14   0x08001b14   0x00000580   Code   RO         5404    .text               c_p.l(btod.o)
    0x08002094   0x08002094   0x0000002e   Code   RO         5411    .text               fz_ps.l(cmpret.o)
    0x080020c2   0x080020c2   0x00000002   PAD
    0x080020c4   0x080020c4   0x00000090   Code   RO         5413    .text               fz_ps.l(dcmpin.o)
    0x08002154   0x08002154   0x00000008   Code   RO         5421    .text               c_p.l(libspace.o)
    0x0800215c   0x0800215c   0x0000003e   Code   RO         5424    .text               c_p.l(sys_stackheap_outer.o)
    0x0800219a   0x0800219a   0x00000010   Code   RO         5427    .text               c_p.l(exit.o)
    0x080021aa   0x080021aa   0x00000002   PAD
    0x080021ac   0x080021ac   0x00000088   Code   RO         5433    .text               c_p.l(strcmp.o)
    0x08002234   0x08002234   0x00000014   Code   RO         5486    .text               fz_ps.l(dnan2.o)
    0x08002248   0x08002248   0x0000005e   Code   RO         5488    .text               fz_ps.l(retnan.o)
    0x080022a6   0x080022a6   0x00000002   PAD
    0x080022a8   0x080022a8   0x0000000c   Code   RO         5503    .text               c_p.l(sys_exit.o)
    0x080022b4   0x080022b4   0x00000002   Code   RO         5524    .text               c_p.l(use_no_semi.o)
    0x080022b6   0x080022b6   0x00000000   Code   RO         5526    .text               c_p.l(indicate_semi.o)
    0x080022b6   0x080022b6   0x00000056   Code   RO         5572    .text               c_p.l(__dczerorl2.o)
    0x0800230c   0x0800230c   0x000000d8   Code   RO         1875    i.ADC_Bsp_Init      adc_config.o
    0x080023e4   0x080023e4   0x00000080   Code   RO         1877    i.ADC_Channelx_Init  adc_config.o
    0x08002464   0x08002464   0x0000005a   Code   RO         2374    i.ADC_ConversionStop  py32f072_hal_adc.o
    0x080024be   0x080024be   0x0000005e   Code   RO         2375    i.ADC_ConversionStop_Disable  py32f072_hal_adc.o
    0x0800251c   0x0800251c   0x0000006c   Code   RO         1878    i.ADC_DeviceCtrl    adc_config.o
    0x08002588   0x08002588   0x000000a0   Code   RO         2379    i.ADC_Enable        py32f072_hal_adc.o
    0x08002628   0x08002628   0x00000024   Code   RO         1879    i.ADC_GetData       adc_config.o
    0x0800264c   0x0800264c   0x00000138   Code   RO         1880    i.ADC_ScanTask      adc_config.o
    0x08002784   0x08002784   0x000002bc   Code   RO         1994    i.APPDataEmpty      flash_config.o
    0x08002a40   0x08002a40   0x0000001c   Code   RO         1995    i.APPDataFlashWrite  flash_config.o
    0x08002a5c   0x08002a5c   0x000000a0   Code   RO            3    i.APP_SystemClockConfig  main.o
    0x08002afc   0x08002afc   0x00000454   Code   RO         1996    i.AppDataInit       flash_config.o
    0x08002f50   0x08002f50   0x0000001c   Code   RO         1997    i.AppDataRead       flash_config.o
    0x08002f6c   0x08002f6c   0x0000002c   Code   RO         1998    i.AppDataWrite      flash_config.o
    0x08002f98   0x08002f98   0x00000024   Code   RO         1999    i.AppSetRange       flash_config.o
    0x08002fbc   0x08002fbc   0x00000b18   Code   RO         1534    i.App_Register      app_modreg.o
    0x08003ad4   0x08003ad4   0x00000044   Code   RO          347    i.Button_ADD_EventMsp  app_key.o
    0x08003b18   0x08003b18   0x00000256   Code   RO          348    i.Button_StatusMachine  app_key.o
    0x08003d6e   0x08003d6e   0x00000002   PAD
    0x08003d70   0x08003d70   0x00000338   Code   RO         2000    i.CalibDataWritePoll_Task  flash_config.o
    0x080040a8   0x080040a8   0x0000007c   Code   RO         1929    i.CurrentOutput_Init  pwm_config.o
    0x08004124   0x08004124   0x0000000c   Code   RO         1930    i.CurrentOutput_PwmValueSet  pwm_config.o
    0x08004130   0x08004130   0x00000068   Code   RO         1931    i.CurrentOutput_UA  pwm_config.o
    0x08004198   0x08004198   0x00000044   Code   RO         1932    i.CurrentOutput_UpdateCalcData  pwm_config.o
    0x080041dc   0x080041dc   0x00000664   Code   RO          833    i.CurrentsCalibration_20mAFuntion  meterinterface.o
    0x08004840   0x08004840   0x00000664   Code   RO          834    i.CurrentsCalibration_4mAFuntion  meterinterface.o
    0x08004ea4   0x08004ea4   0x0000001c   Code   RO         1428    i.Delay             app_jm1203.o
    0x08004ec0   0x08004ec0   0x00000030   Code   RO          779    i.ExternalOutputChannelEnable  app_externaloutput.o
    0x08004ef0   0x08004ef0   0x0000003c   Code   RO          780    i.ExternalOutputImageRef  app_externaloutput.o
    0x08004f2c   0x08004f2c   0x000002e0   Code   RO          781    i.ExternalOutputScanTask  app_externaloutput.o
    0x0800520c   0x0800520c   0x000000b8   Code   RO          782    i.ExternalOutput_Init  app_externaloutput.o
    0x080052c4   0x080052c4   0x00000038   Code   RO          835    i.ExternalRefVolTaskReady  meterinterface.o
    0x080052fc   0x080052fc   0x00000188   Code   RO          836    i.ExternalReferenceVolGetTask  meterinterface.o
    0x08005484   0x08005484   0x00000028   Code   RO         2945    i.FLASH_MassErase   py32f072_hal_flash.o
    0x080054ac   0x080054ac   0x00000020   Code   RO         2950    i.FLASH_PageErase   py32f072_hal_flash.o
    0x080054cc   0x080054cc   0x00000054   Code   RO         2951    i.FLASH_Program_Page  py32f072_hal_flash.o
    0x08005520   0x08005520   0x00000018   Code   RO         2952    i.FLASH_SectorErase  py32f072_hal_flash.o
    0x08005538   0x08005538   0x0000003c   Code   RO         2953    i.FLASH_WaitForLastOperation  py32f072_hal_flash.o
    0x08005574   0x08005574   0x000000a4   Code   RO         1562    i.Filter            app_sensor.o
    0x08005618   0x08005618   0x00000060   Code   RO         2001    i.FlashPageErase    flash_config.o
    0x08005678   0x08005678   0x00000018   Code   RO         2002    i.Flash_Read_DATA   flash_config.o
    0x08005690   0x08005690   0x00000002   Code   RO         1669    i.FloatToUInt32     modbusrtu.o
    0x08005692   0x08005692   0x00000002   PAD
    0x08005694   0x08005694   0x0000009c   Code   RO         1747    i.GPIO_BSP_Init     gpio_config.o
    0x08005730   0x08005730   0x0000002c   Code   RO          492    i.GetAirPressureVal  app_system.o
    0x0800575c   0x0800575c   0x00000024   Code   RO          493    i.GetRefVoltageValue  app_system.o
    0x08005780   0x08005780   0x0000000c   Code   RO         2074    i.GetSystemTick     timer_config.o
    0x0800578c   0x0800578c   0x0000000c   Code   RO         1429    i.Get_Bridge_RawData  app_jm1203.o
    0x08005798   0x08005798   0x00000018   Code   RO         1563    i.Get_CalibAD       app_sensor.o
    0x080057b0   0x080057b0   0x0000000c   Code   RO         1564    i.Get_CalibDotNum   app_sensor.o
    0x080057bc   0x080057bc   0x00000018   Code   RO         1565    i.Get_Extreme_Value  app_sensor.o
    0x080057d4   0x080057d4   0x0000000c   Code   RO         1566    i.Get_INT_Value     app_sensor.o
    0x080057e0   0x080057e0   0x00000014   Code   RO         1430    i.Get_JM1203_Set    app_jm1203.o
    0x080057f4   0x080057f4   0x00000014   Code   RO         1567    i.Get_Para          app_sensor.o
    0x08005808   0x08005808   0x00000018   Code   RO         1568    i.Get_PressureCal   app_sensor.o
    0x08005820   0x08005820   0x00000018   Code   RO         1670    i.Get_UART_PARA     modbusrtu.o
    0x08005838   0x08005838   0x0000000c   Code   RO         1569    i.Get_Value         app_sensor.o
    0x08005844   0x08005844   0x0000012c   Code   RO         2570    i.HAL_ADCEx_Calibration_Start  py32f072_hal_adc_ex.o
    0x08005970   0x08005970   0x0000018c   Code   RO         2381    i.HAL_ADC_ConfigChannel  py32f072_hal_adc.o
    0x08005afc   0x08005afc   0x00000108   Code   RO         2385    i.HAL_ADC_DeInit    py32f072_hal_adc.o
    0x08005c04   0x08005c04   0x0000016c   Code   RO         2391    i.HAL_ADC_Init      py32f072_hal_adc.o
    0x08005d70   0x08005d70   0x00000002   Code   RO         1334    i.HAL_ADC_MspDeInit  py32f072_hal_msp.o
    0x08005d72   0x08005d72   0x00000002   PAD
    0x08005d74   0x08005d74   0x00000048   Code   RO         1335    i.HAL_ADC_MspInit   py32f072_hal_msp.o
    0x08005dbc   0x08005dbc   0x0000002c   Code   RO         2179    i.HAL_Delay         py32f072_hal.o
    0x08005de8   0x08005de8   0x00000248   Code   RO         2955    i.HAL_FLASH_Erase   py32f072_hal_flash.o
    0x08006030   0x08006030   0x00000024   Code   RO         2959    i.HAL_FLASH_Lock    py32f072_hal_flash.o
    0x08006054   0x08006054   0x000001b4   Code   RO         2969    i.HAL_FLASH_Program  py32f072_hal_flash.o
    0x08006208   0x08006208   0x00000034   Code   RO         2971    i.HAL_FLASH_Unlock  py32f072_hal_flash.o
    0x0800623c   0x0800623c   0x00000100   Code   RO         3123    i.HAL_GPIO_DeInit   py32f072_hal_gpio.o
    0x0800633c   0x0800633c   0x000001c4   Code   RO         3126    i.HAL_GPIO_Init     py32f072_hal_gpio.o
    0x08006500   0x08006500   0x0000000c   Code   RO         3130    i.HAL_GPIO_WritePin  py32f072_hal_gpio.o
    0x0800650c   0x0800650c   0x0000000c   Code   RO         2182    i.HAL_GetTick       py32f072_hal.o
    0x08006518   0x08006518   0x00000058   Code   RO         3216    i.HAL_IWDG_Init     py32f072_hal_iwdg.o
    0x08006570   0x08006570   0x00000018   Code   RO         2188    i.HAL_IncTick       py32f072_hal.o
    0x08006588   0x08006588   0x0000001a   Code   RO         2189    i.HAL_Init          py32f072_hal.o
    0x080065a2   0x080065a2   0x00000002   PAD
    0x080065a4   0x080065a4   0x00000060   Code   RO         2190    i.HAL_InitTick      py32f072_hal.o
    0x08006604   0x08006604   0x00000044   Code   RO         1336    i.HAL_MspInit       py32f072_hal_msp.o
    0x08006648   0x08006648   0x0000001c   Code   RO         2664    i.HAL_NVIC_EnableIRQ  py32f072_hal_cortex.o
    0x08006664   0x08006664   0x00000012   Code   RO         2668    i.HAL_NVIC_SetPriority  py32f072_hal_cortex.o
    0x08006676   0x08006676   0x00000002   PAD
    0x08006678   0x08006678   0x00000038   Code   RO         2669    i.HAL_NVIC_SystemReset  py32f072_hal_cortex.o
    0x080066b0   0x080066b0   0x0000008c   Code   RO         3270    i.HAL_OPA_DeInit    py32f072_hal_opa.o
    0x0800673c   0x0800673c   0x00000034   Code   RO         3272    i.HAL_OPA_Init      py32f072_hal_opa.o
    0x08006770   0x08006770   0x00000002   Code   RO         3274    i.HAL_OPA_MspDeInit  py32f072_hal_opa.o
    0x08006772   0x08006772   0x00000002   Code   RO         3275    i.HAL_OPA_MspInit   py32f072_hal_opa.o
    0x08006774   0x08006774   0x0000008c   Code   RO         3276    i.HAL_OPA_Start     py32f072_hal_opa.o
    0x08006800   0x08006800   0x000003c0   Code   RO         3575    i.HAL_RCCEx_GetPeriphCLKFreq  py32f072_hal_rcc_ex.o
    0x08006bc0   0x08006bc0   0x00000208   Code   RO         3576    i.HAL_RCCEx_PeriphCLKConfig  py32f072_hal_rcc_ex.o
    0x08006dc8   0x08006dc8   0x000001d4   Code   RO         3463    i.HAL_RCC_ClockConfig  py32f072_hal_rcc.o
    0x08006f9c   0x08006f9c   0x0000000c   Code   RO         3469    i.HAL_RCC_GetHCLKFreq  py32f072_hal_rcc.o
    0x08006fa8   0x08006fa8   0x00000028   Code   RO         3471    i.HAL_RCC_GetPCLK1Freq  py32f072_hal_rcc.o
    0x08006fd0   0x08006fd0   0x000000fc   Code   RO         3472    i.HAL_RCC_GetSysClockFreq  py32f072_hal_rcc.o
    0x080070cc   0x080070cc   0x0000062c   Code   RO         3476    i.HAL_RCC_OscConfig  py32f072_hal_rcc.o
    0x080076f8   0x080076f8   0x00000038   Code   RO         2672    i.HAL_SYSTICK_Config  py32f072_hal_cortex.o
    0x08007730   0x08007730   0x00000038   Code   RO         3956    i.HAL_TIM_Base_Init  py32f072_hal_tim.o
    0x08007768   0x08007768   0x000000f0   Code   RO         1338    i.HAL_TIM_Base_MspInit  py32f072_hal_msp.o
    0x08007858   0x08007858   0x00000112   Code   RO         4025    i.HAL_TIM_PWM_ConfigChannel  py32f072_hal_tim.o
    0x0800796a   0x0800796a   0x00000038   Code   RO         4028    i.HAL_TIM_PWM_Init  py32f072_hal_tim.o
    0x080079a2   0x080079a2   0x00000002   Code   RO         4030    i.HAL_TIM_PWM_MspInit  py32f072_hal_tim.o
    0x080079a4   0x080079a4   0x00000074   Code   RO         4033    i.HAL_TIM_PWM_Start  py32f072_hal_tim.o
    0x08007a18   0x08007a18   0x00000040   Code   RO         4917    i.HAL_UART_DeInit   py32f072_hal_uart.o
    0x08007a58   0x08007a58   0x0000008a   Code   RO         4923    i.HAL_UART_Init     py32f072_hal_uart.o
    0x08007ae2   0x08007ae2   0x00000002   Code   RO         4924    i.HAL_UART_MspDeInit  py32f072_hal_uart.o
    0x08007ae4   0x08007ae4   0x000000a4   Code   RO         1339    i.HAL_UART_MspInit  py32f072_hal_msp.o
    0x08007b88   0x08007b88   0x00000004   Code   RO         1387    i.HardFault_Handler  py32f072_it.o
    0x08007b8c   0x08007b8c   0x0000002c   Code   RO         1432    i.IIC_Ack           app_jm1203.o
    0x08007bb8   0x08007bb8   0x0000002c   Code   RO         1433    i.IIC_NAck          app_jm1203.o
    0x08007be4   0x08007be4   0x0000005c   Code   RO         1434    i.IIC_Read_Byte     app_jm1203.o
    0x08007c40   0x08007c40   0x00000058   Code   RO         1435    i.IIC_Send_Byte     app_jm1203.o
    0x08007c98   0x08007c98   0x0000002c   Code   RO         1436    i.IIC_Start         app_jm1203.o
    0x08007cc4   0x08007cc4   0x00000028   Code   RO         1437    i.IIC_Stop          app_jm1203.o
    0x08007cec   0x08007cec   0x00000044   Code   RO         1438    i.IIC_Wait_Ack      app_jm1203.o
    0x08007d30   0x08007d30   0x00000044   Code   RO            4    i.IwdgInit          main.o
    0x08007d74   0x08007d74   0x0000007c   Code   RO         1439    i.JM1203_Init       app_jm1203.o
    0x08007df0   0x08007df0   0x0000004c   Code   RO         1440    i.JM1203_Read_Reg   app_jm1203.o
    0x08007e3c   0x08007e3c   0x00000198   Code   RO         1441    i.JM1203_Task       app_jm1203.o
    0x08007fd4   0x08007fd4   0x0000004a   Code   RO         1442    i.JM1203_Write_Reg  app_jm1203.o
    0x0800801e   0x0800801e   0x00000002   PAD
    0x08008020   0x08008020   0x00000024   Code   RO          349    i.KEY_AddWrok       app_key.o
    0x08008044   0x08008044   0x0000002e   Code   RO          350    i.KEY_Config        app_key.o
    0x08008072   0x08008072   0x00000002   PAD
    0x08008074   0x08008074   0x00000024   Code   RO          351    i.KEY_DOWN_Press_END_Msp  app_key.o
    0x08008098   0x08008098   0x0000000e   Code   RO          352    i.KEY_DOWN_Read     app_key.o
    0x080080a6   0x080080a6   0x00000002   PAD
    0x080080a8   0x080080a8   0x00000014   Code   RO          353    i.KEY_DOWN_Short_Press_Once_Msp  app_key.o
    0x080080bc   0x080080bc   0x00000014   Code   RO          354    i.KEY_DOWN_Short_Press_Repeat_Msp  app_key.o
    0x080080d0   0x080080d0   0x00000014   Code   RO          356    i.KEY_ENTER_Long_Press_Once_Msp  app_key.o
    0x080080e4   0x080080e4   0x00000020   Code   RO          357    i.KEY_ENTER_Press_END_Msp  app_key.o
    0x08008104   0x08008104   0x00000010   Code   RO          358    i.KEY_ENTER_Read    app_key.o
    0x08008114   0x08008114   0x00000014   Code   RO          359    i.KEY_ENTER_Short_Press_Once_Msp  app_key.o
    0x08008128   0x08008128   0x0000013c   Code   RO          360    i.KEY_Init          app_key.o
    0x08008264   0x08008264   0x00000048   Code   RO          361    i.KEY_ReadEvent     app_key.o
    0x080082ac   0x080082ac   0x0000001c   Code   RO          362    i.KEY_Scan          app_key.o
    0x080082c8   0x080082c8   0x00000020   Code   RO          363    i.KEY_UP_Press_END_Msp  app_key.o
    0x080082e8   0x080082e8   0x00000010   Code   RO          364    i.KEY_UP_Read       app_key.o
    0x080082f8   0x080082f8   0x00000014   Code   RO          365    i.KEY_UP_Short_Press_Once_Msp  app_key.o
    0x0800830c   0x0800830c   0x00000014   Code   RO          366    i.KEY_UP_Short_Press_Repeat_Msp  app_key.o
    0x08008320   0x08008320   0x00000042   Code   RO          170    i.LCD_Address_Set   lcd.o
    0x08008362   0x08008362   0x00000024   Code   RO          171    i.LCD_BackLightCtrl  lcd.o
    0x08008386   0x08008386   0x0000001a   Code   RO          172    i.LCD_Delay         lcd.o
    0x080083a0   0x080083a0   0x00000274   Code   RO          174    i.LCD_DrawLine      lcd.o
    0x08008614   0x08008614   0x0000001c   Code   RO          175    i.LCD_DrawPoint     lcd.o
    0x08008630   0x08008630   0x00000048   Code   RO          176    i.LCD_DrawRectangle  lcd.o
    0x08008678   0x08008678   0x00000046   Code   RO          184    i.LCD_Fill          lcd.o
    0x080086be   0x080086be   0x00000002   PAD
    0x080086c0   0x080086c0   0x000002e0   Code   RO          185    i.LCD_Init          lcd.o
    0x080089a0   0x080089a0   0x00000028   Code   RO          186    i.LCD_Init_WR_Comm  lcd.o
    0x080089c8   0x080089c8   0x0000007a   Code   RO          187    i.LCD_Init_WR_DATA8  lcd.o
    0x08008a42   0x08008a42   0x00000002   PAD
    0x08008a44   0x08008a44   0x000005ea   Code   RO          494    i.LCD_MainInterfaceTask  app_system.o
    0x0800902e   0x0800902e   0x00000002   PAD
    0x08009030   0x08009030   0x000001a0   Code   RO          188    i.LCD_ShowChar      lcd.o
    0x080091d0   0x080091d0   0x00000118   Code   RO          189    i.LCD_ShowChinese   lcd.o
    0x080092e8   0x080092e8   0x000000a0   Code   RO          190    i.LCD_ShowIntNum    lcd.o
    0x08009388   0x08009388   0x00000034   Code   RO          192    i.LCD_ShowString    lcd.o
    0x080093bc   0x080093bc   0x0000001c   Code   RO          193    i.LCD_WR_Comm       lcd.o
    0x080093d8   0x080093d8   0x00000012   Code   RO          194    i.LCD_WR_DATA16     lcd.o
    0x080093ea   0x080093ea   0x0000019a   Code   RO          195    i.LCD_WR_DATA8      lcd.o
    0x08009584   0x08009584   0x00000044   Code   RO         1748    i.LED_Ctrl          gpio_config.o
    0x080095c8   0x080095c8   0x0000001c   Code   RO          495    i.MainInterfaceDisplay  app_system.o
    0x080095e4   0x080095e4   0x00001c98   Code   RO          496    i.MainPageParamDisplayTask  app_system.o
    0x0800b27c   0x0800b27c   0x000004ae   Code   RO          497    i.MainPageRefreshScan  app_system.o
    0x0800b72a   0x0800b72a   0x00000002   PAD
    0x0800b72c   0x0800b72c   0x00000164   Code   RO          837    i.MenuCatalogMessagePrint  meterinterface.o
    0x0800b890   0x0800b890   0x0000031c   Code   RO          838    i.MenuExtraInformationDisplayTask  meterinterface.o
    0x0800bbac   0x0800bbac   0x00000070   Code   RO          839    i.MenuItemFrameEndCalcuate  meterinterface.o
    0x0800bc1c   0x0800bc1c   0x000003e0   Code   RO          840    i.Menu_Display      meterinterface.o
    0x0800bffc   0x0800bffc   0x000001c8   Code   RO          841    i.MeterInterfaceInit  meterinterface.o
    0x0800c1c4   0x0800c1c4   0x0000000c   Code   RO          842    i.MeterInterfaceKeyShield  meterinterface.o
    0x0800c1d0   0x0800c1d0   0x00000454   Code   RO          843    i.MeterInterfaceTask  meterinterface.o
    0x0800c624   0x0800c624   0x000000e0   Code   RO          844    i.MeterInterfaceTaskQuit  meterinterface.o
    0x0800c704   0x0800c704   0x000000d0   Code   RO         1671    i.MobudRtuInit      modbusrtu.o
    0x0800c7d4   0x0800c7d4   0x000000a0   Code   RO         1672    i.ModbusRTU_Task    modbusrtu.o
    0x0800c874   0x0800c874   0x000000ae   Code   RO         1673    i.Modbus_03H        modbusrtu.o
    0x0800c922   0x0800c922   0x00000030   Code   RO         1674    i.Modbus_06H        modbusrtu.o
    0x0800c952   0x0800c952   0x000000b4   Code   RO         1675    i.Modbus_10H        modbusrtu.o
    0x0800ca06   0x0800ca06   0x00000002   PAD
    0x0800ca08   0x0800ca08   0x00000040   Code   RO         1676    i.Modbus_16CRC      modbusrtu.o
    0x0800ca48   0x0800ca48   0x00000036   Code   RO          498    i.My_IntegerSplit   app_system.o
    0x0800ca7e   0x0800ca7e   0x0000001e   Code   RO          499    i.My_NumberCount    app_system.o
    0x0800ca9c   0x0800ca9c   0x0000001a   Code   RO          500    i.My_Pow            app_system.o
    0x0800cab6   0x0800cab6   0x00000002   Code   RO         1388    i.NMI_Handler       py32f072_it.o
    0x0800cab8   0x0800cab8   0x00000040   Code   RO         1749    i.NpnOut_Ctrl       gpio_config.o
    0x0800caf8   0x0800caf8   0x000000d4   Code   RO          783    i.OutputChannelCtrl_1  app_externaloutput.o
    0x0800cbcc   0x0800cbcc   0x000000d4   Code   RO          784    i.OutputChannelCtrl_2  app_externaloutput.o
    0x0800cca0   0x0800cca0   0x00000738   Code   RO          845    i.ParamSetCompensationValFuntion  meterinterface.o
    0x0800d3d8   0x0800d3d8   0x00000150   Code   RO          846    i.ParamSetEndDisplayPage  meterinterface.o
    0x0800d528   0x0800d528   0x000008e0   Code   RO          712    i.ParamSetInterfaceTask  app_paraminput.o
    0x0800de08   0x0800de08   0x0000000c   Code   RO          847    i.ParamSetMenuFuntion  meterinterface.o
    0x0800de14   0x0800de14   0x00000400   Code   RO          848    i.ParamSetOut1DelayTimeFuntion  meterinterface.o
    0x0800e214   0x0800e214   0x0000000c   Code   RO          849    i.ParamSetOut1Funtion  meterinterface.o
    0x0800e220   0x0800e220   0x000004cc   Code   RO          850    i.ParamSetOut1LagValFuntion  meterinterface.o
    0x0800e6ec   0x0800e6ec   0x00000048   Code   RO          851    i.ParamSetOut1ModeFuntion  meterinterface.o
    0x0800e734   0x0800e734   0x00000088   Code   RO          852    i.ParamSetOut1ModeLagFuntion  meterinterface.o
    0x0800e7bc   0x0800e7bc   0x00000088   Code   RO          853    i.ParamSetOut1ModeOrdinaryFuntion  meterinterface.o
    0x0800e844   0x0800e844   0x00000088   Code   RO          854    i.ParamSetOut1ModeWindowFuntion  meterinterface.o
    0x0800e8cc   0x0800e8cc   0x000003c0   Code   RO          855    i.ParamSetOut1PeakValueFuntion  meterinterface.o
    0x0800ec8c   0x0800ec8c   0x000003b8   Code   RO          856    i.ParamSetOut1ThresholdValueFuntion  meterinterface.o
    0x0800f044   0x0800f044   0x000003c0   Code   RO          857    i.ParamSetOut1ValleyValueFuntion  meterinterface.o
    0x0800f404   0x0800f404   0x0000003c   Code   RO          858    i.ParamSetOut1WayFuntion  meterinterface.o
    0x0800f440   0x0800f440   0x00000088   Code   RO          859    i.ParamSetOut1WayNoReverseFuntion  meterinterface.o
    0x0800f4c8   0x0800f4c8   0x00000088   Code   RO          860    i.ParamSetOut1WayReverseFuntion  meterinterface.o
    0x0800f550   0x0800f550   0x00000400   Code   RO          861    i.ParamSetOut2DelayTimeFuntion  meterinterface.o
    0x0800f950   0x0800f950   0x0000000c   Code   RO          862    i.ParamSetOut2Funtion  meterinterface.o
    0x0800f95c   0x0800f95c   0x00000498   Code   RO          863    i.ParamSetOut2LagValFuntion  meterinterface.o
    0x0800fdf4   0x0800fdf4   0x00000048   Code   RO          864    i.ParamSetOut2ModeFuntion  meterinterface.o
    0x0800fe3c   0x0800fe3c   0x00000088   Code   RO          865    i.ParamSetOut2ModeLagFuntion  meterinterface.o
    0x0800fec4   0x0800fec4   0x00000088   Code   RO          866    i.ParamSetOut2ModeOrdinaryFuntion  meterinterface.o
    0x0800ff4c   0x0800ff4c   0x00000088   Code   RO          867    i.ParamSetOut2ModeWindowFuntion  meterinterface.o
    0x0800ffd4   0x0800ffd4   0x000003c0   Code   RO          868    i.ParamSetOut2PeakValueFuntion  meterinterface.o
    0x08010394   0x08010394   0x000003c8   Code   RO          869    i.ParamSetOut2ThresholdValueFuntion  meterinterface.o
    0x0801075c   0x0801075c   0x000003c0   Code   RO          870    i.ParamSetOut2ValleyValueFuntion  meterinterface.o
    0x08010b1c   0x08010b1c   0x0000003c   Code   RO          871    i.ParamSetOut2WayFuntion  meterinterface.o
    0x08010b58   0x08010b58   0x00000088   Code   RO          872    i.ParamSetOut2WayNoReverseFuntion  meterinterface.o
    0x08010be0   0x08010be0   0x00000088   Code   RO          873    i.ParamSetOut2WayReverseFuntion  meterinterface.o
    0x08010c68   0x08010c68   0x000000ac   Code   RO          874    i.ParamSetRange10Funtion  meterinterface.o
    0x08010d14   0x08010d14   0x000000ac   Code   RO          875    i.ParamSetRange11Funtion  meterinterface.o
    0x08010dc0   0x08010dc0   0x000000ac   Code   RO          876    i.ParamSetRange12Funtion  meterinterface.o
    0x08010e6c   0x08010e6c   0x000000ac   Code   RO          877    i.ParamSetRange13Funtion  meterinterface.o
    0x08010f18   0x08010f18   0x000000a4   Code   RO          878    i.ParamSetRange1Funtion  meterinterface.o
    0x08010fbc   0x08010fbc   0x000000ac   Code   RO          879    i.ParamSetRange2Funtion  meterinterface.o
    0x08011068   0x08011068   0x000000ac   Code   RO          880    i.ParamSetRange3Funtion  meterinterface.o
    0x08011114   0x08011114   0x000000ac   Code   RO          881    i.ParamSetRange4Funtion  meterinterface.o
    0x080111c0   0x080111c0   0x000000ac   Code   RO          882    i.ParamSetRange5Funtion  meterinterface.o
    0x0801126c   0x0801126c   0x000000ac   Code   RO          883    i.ParamSetRange6Funtion  meterinterface.o
    0x08011318   0x08011318   0x000000ac   Code   RO          884    i.ParamSetRange7Funtion  meterinterface.o
    0x080113c4   0x080113c4   0x000000ac   Code   RO          885    i.ParamSetRange8Funtion  meterinterface.o
    0x08011470   0x08011470   0x000000ac   Code   RO          886    i.ParamSetRange9Funtion  meterinterface.o
    0x0801151c   0x0801151c   0x00000040   Code   RO          887    i.ParamSetRangeFuntion  meterinterface.o
    0x0801155c   0x0801155c   0x0000001c   Code   RO          713    i.ParamSetTaskCreate  app_paraminput.o
    0x08011578   0x08011578   0x00000074   Code   RO          714    i.ParamSetTaskDelete  app_paraminput.o
    0x080115ec   0x080115ec   0x00000010   Code   RO          715    i.ParamSetTaskIdleQuery  app_paraminput.o
    0x080115fc   0x080115fc   0x00000010   Code   RO          716    i.ParamSetTaskReady  app_paraminput.o
    0x0801160c   0x0801160c   0x00000024   Code   RO          717    i.ParamSetTaskStart  app_paraminput.o
    0x08011630   0x08011630   0x0000004c   Code   RO          888    i.ParamSetUnitFuntion  meterinterface.o
    0x0801167c   0x0801167c   0x00000088   Code   RO          889    i.ParamSetUnitKpaFuntion  meterinterface.o
    0x08011704   0x08011704   0x00000088   Code   RO          890    i.ParamSetUnitMpaFuntion  meterinterface.o
    0x0801178c   0x0801178c   0x00000090   Code   RO          891    i.ParamSetZeroResetFuntion  meterinterface.o
    0x0801181c   0x0801181c   0x00000002   Code   RO         1389    i.PendSV_Handler    py32f072_it.o
    0x0801181e   0x0801181e   0x00000002   PAD
    0x08011820   0x08011820   0x0000001c   Code   RO          718    i.PressureParamIntputEnable  app_paraminput.o
    0x0801183c   0x0801183c   0x00000024   Code   RO          719    i.PressureParamIntputUnitRead  app_paraminput.o
    0x08011860   0x08011860   0x00000020   Code   RO          892    i.QuitMenuFuntion   meterinterface.o
    0x08011880   0x08011880   0x0000001c   Code   RO         3477    i.RCC_GetHSIFreq    py32f072_hal_rcc.o
    0x0801189c   0x0801189c   0x00000184   Code   RO          501    i.ResultCalculateTask  app_system.o
    0x08011a20   0x08011a20   0x00000002   Code   RO         1390    i.SVC_Handler       py32f072_it.o
    0x08011a22   0x08011a22   0x00000002   PAD
    0x08011a24   0x08011a24   0x000005d8   Code   RO         1570    i.Sensor_Task       app_sensor.o
    0x08011ffc   0x08011ffc   0x00000020   Code   RO         1571    i.Set_CalibAD       app_sensor.o
    0x0801201c   0x0801201c   0x0000002c   Code   RO         1572    i.Set_CalibDotNum   app_sensor.o
    0x08012048   0x08012048   0x0000000c   Code   RO         2003    i.Set_Calib_WriteFlag  flash_config.o
    0x08012054   0x08012054   0x00000020   Code   RO         1573    i.Set_Extreme_Value  app_sensor.o
    0x08012074   0x08012074   0x00000020   Code   RO         1443    i.Set_JM1203_Set    app_jm1203.o
    0x08012094   0x08012094   0x00000044   Code   RO         1574    i.Set_Para          app_sensor.o
    0x080120d8   0x080120d8   0x00000020   Code   RO         1575    i.Set_PressureCal   app_sensor.o
    0x080120f8   0x080120f8   0x0000004c   Code   RO         1677    i.Set_UART_PARA     modbusrtu.o
    0x08012144   0x08012144   0x0000000a   Code   RO          502    i.ShortTimeTask     app_system.o
    0x0801214e   0x0801214e   0x00000002   PAD
    0x08012150   0x08012150   0x0000007c   Code   RO         2075    i.SysTick_Handler   timer_config.o
    0x080121cc   0x080121cc   0x000000ec   Code   RO         2134    i.SystemCoreClockUpdate  system_py32f072.o
    0x080122b8   0x080122b8   0x00000038   Code   RO         2135    i.SystemInit        system_py32f072.o
    0x080122f0   0x080122f0   0x0000000c   Code   RO          893    i.SystemSetCurrentsFuntion  meterinterface.o
    0x080122fc   0x080122fc   0x0000070c   Code   RO          894    i.SystemSetFactoryResetFuntion  meterinterface.o
    0x08012a08   0x08012a08   0x000000f0   Code   RO          895    i.SystemSetFontColourBlueFuntion  meterinterface.o
    0x08012af8   0x08012af8   0x0000009c   Code   RO          896    i.SystemSetFontColourFuntion  meterinterface.o
    0x08012b94   0x08012b94   0x000000f0   Code   RO          897    i.SystemSetFontColourGreenFuntion  meterinterface.o
    0x08012c84   0x08012c84   0x000000f0   Code   RO          898    i.SystemSetFontColourOrangeFuntion  meterinterface.o
    0x08012d74   0x08012d74   0x000000f0   Code   RO          899    i.SystemSetFontColourVioletFuntion  meterinterface.o
    0x08012e64   0x08012e64   0x000000f0   Code   RO          900    i.SystemSetFontColourWhiteFuntion  meterinterface.o
    0x08012f54   0x08012f54   0x000000f0   Code   RO          901    i.SystemSetFontColourYellowFuntion  meterinterface.o
    0x08013044   0x08013044   0x000000b4   Code   RO          902    i.SystemSetLanguageChineseFuntion  meterinterface.o
    0x080130f8   0x080130f8   0x000000b4   Code   RO          903    i.SystemSetLanguageEnglishFuntion  meterinterface.o
    0x080131ac   0x080131ac   0x0000000c   Code   RO          904    i.SystemSetLanguageFuntion  meterinterface.o
    0x080131b8   0x080131b8   0x0000000c   Code   RO          905    i.SystemSetMenuFuntion  meterinterface.o
    0x080131c4   0x080131c4   0x0000000c   Code   RO          906    i.SystemSetOutput1Funtion  meterinterface.o
    0x080131d0   0x080131d0   0x00000098   Code   RO          907    i.SystemSetOutput1TestCloseFuntion  meterinterface.o
    0x08013268   0x08013268   0x00000098   Code   RO          908    i.SystemSetOutput1TestOpenFuntion  meterinterface.o
    0x08013300   0x08013300   0x0000000c   Code   RO          909    i.SystemSetOutput2Funtion  meterinterface.o
    0x0801330c   0x0801330c   0x00000098   Code   RO          910    i.SystemSetOutput2TestCloseFuntion  meterinterface.o
    0x080133a4   0x080133a4   0x00000098   Code   RO          911    i.SystemSetOutput2TestOpenFuntion  meterinterface.o
    0x0801343c   0x0801343c   0x0000002c   Code   RO          912    i.SystemSetOutputTestFuntion  meterinterface.o
    0x08013468   0x08013468   0x000003b8   Code   RO          913    i.SystemSetVersionFuntion  meterinterface.o
    0x08013820   0x08013820   0x00000498   Code   RO          503    i.SystemTask        app_system.o
    0x08013cb8   0x08013cb8   0x0000002a   Code   RO          504    i.System_DeviceInit  app_system.o
    0x08013ce2   0x08013ce2   0x00000002   PAD
    0x08013ce4   0x08013ce4   0x000006e4   Code   RO          505    i.System_ParameterReset  app_system.o
    0x080143c8   0x080143c8   0x00000090   Code   RO         4046    i.TIM_Base_SetConfig  py32f072_hal_tim.o
    0x08014458   0x08014458   0x00000022   Code   RO         4047    i.TIM_CCxChannelCmd  py32f072_hal_tim.o
    0x0801447a   0x0801447a   0x00000002   PAD
    0x0801447c   0x0801447c   0x000000a8   Code   RO         4059    i.TIM_OC1_SetConfig  py32f072_hal_tim.o
    0x08014524   0x08014524   0x000000b8   Code   RO         4060    i.TIM_OC2_SetConfig  py32f072_hal_tim.o
    0x080145dc   0x080145dc   0x000000b4   Code   RO         4061    i.TIM_OC3_SetConfig  py32f072_hal_tim.o
    0x08014690   0x08014690   0x00000080   Code   RO         4062    i.TIM_OC4_SetConfig  py32f072_hal_tim.o
    0x08014710   0x08014710   0x0000000c   Code   RO         1678    i.TTL_RxCallbackMsp  modbusrtu.o
    0x0801471c   0x0801471c   0x00000050   Code   RO         2076    i.TimerTaskCreate   timer_config.o
    0x0801476c   0x0801476c   0x00000040   Code   RO         2077    i.TimerTaskDelete   timer_config.o
    0x080147ac   0x080147ac   0x00000078   Code   RO         2078    i.TimerTaskHandle   timer_config.o
    0x08014824   0x08014824   0x00000010   Code   RO         2080    i.Timer_Init        timer_config.o
    0x08014834   0x08014834   0x00000038   Code   RO         4936    i.UART_AdvFeatureConfig  py32f072_hal_uart.o
    0x0801486c   0x0801486c   0x000000b4   Code   RO         1779    i.UART_Bsp_Init     uart_config.o
    0x08014920   0x08014920   0x0000001c   Code   RO         1782    i.UART_InitAll      uart_config.o
    0x0801493c   0x0801493c   0x00000056   Code   RO         1783    i.UART_ReadData     uart_config.o
    0x08014992   0x08014992   0x00000002   PAD
    0x08014994   0x08014994   0x0000001c   Code   RO         1784    i.UART_RxCallBackAdd  uart_config.o
    0x080149b0   0x080149b0   0x0000003c   Code   RO         1785    i.UART_SendData     uart_config.o
    0x080149ec   0x080149ec   0x000001a4   Code   RO         4951    i.UART_SetConfig    py32f072_hal_uart.o
    0x08014b90   0x08014b90   0x00000002   Code   RO         1679    i.UInt32ToFloat     modbusrtu.o
    0x08014b92   0x08014b92   0x00000002   PAD
    0x08014b94   0x08014b94   0x00000140   Code   RO         1787    i.USART2_IRQHandler  uart_config.o
    0x08014cd4   0x08014cd4   0x00000064   Code   RO         1788    i.UartGetRxFifoLength  uart_config.o
    0x08014d38   0x08014d38   0x00000064   Code   RO         1789    i.UartGetTxFifoLength  uart_config.o
    0x08014d9c   0x08014d9c   0x000000c8   Code   RO         1790    i.UartReadFromFifo  uart_config.o
    0x08014e64   0x08014e64   0x0000004c   Code   RO         1791    i.UartStartTx       uart_config.o
    0x08014eb0   0x08014eb0   0x00000094   Code   RO         1792    i.UartWriteFromFifo  uart_config.o
    0x08014f44   0x08014f44   0x00000030   Code   RO         5406    i.__ARM_common_ll_muluu  c_p.l(btod.o)
    0x08014f74   0x08014f74   0x0000001c   Code   RO          479    i.__ARM_common_switch8  app_key.o
    0x08014f90   0x08014f90   0x0000002c   Code   RO         5419    i.__ARM_fpclassify  m_ps.l(fpclassify.o)
    0x08014fbc   0x08014fbc   0x00000078   Code   RO         2674    i.__NVIC_SetPriority  py32f072_hal_cortex.o
    0x08015034   0x08015034   0x0000000e   Code   RO         5281    i._is_digit         c_p.l(__printf_wp.o)
    0x08015042   0x08015042   0x00000002   PAD
    0x08015044   0x08015044   0x00000050   Code   RO            5    i.main              main.o
    0x08015094   0x08015094   0x0000001a   Code   RO          196    i.mypow             lcd.o
    0x080150ae   0x080150ae   0x00000002   PAD
    0x080150b0   0x080150b0   0x0000009c   Code   RO         5344    i.round             m_ps.l(round.o)
    0x0801514c   0x0801514c   0x0000002c   Code   RO         5409    locale$$code        c_p.l(lc_numeric_c.o)
    0x08015178   0x08015178   0x00000064   Code   RO         5364    x$fpl$dleqf         fz_ps.l(dlef.o)
    0x080151dc   0x080151dc   0x00000068   Code   RO         5366    x$fpl$drleqf        fz_ps.l(drlef.o)
    0x08015244   0x08015244   0x0000008c   Code   RO         5325    x$fpl$fadd          fz_ps.l(faddsub.o)
    0x080152d0   0x080152d0   0x000000b0   Code   RO         5340    x$fpl$fmul          fz_ps.l(fmul.o)
    0x08015380   0x08015380   0x00000018   Code   RO         5326    x$fpl$frsb          fz_ps.l(faddsub.o)
    0x08015398   0x08015398   0x000000d0   Code   RO         5327    x$fpl$fsub          fz_ps.l(faddsub.o)
    0x08015468   0x08015468   0x00000010   Code   RO         5342    x$fpl$printf1       fz_ps.l(printf1.o)
    0x08015478   0x08015478   0x00000000   Code   RO         5372    x$fpl$usenofp       fz_ps.l(usenofp.o)
    0x08015478   0x08015478   0x00008c7c   Data   RO          197    .constdata          lcd.o
    0x0801e0f4   0x0801e0f4   0x00000080   Data   RO         2136    .constdata          system_py32f072.o
    0x0801e174   0x0801e174   0x00000020   Data   RO         2973    .constdata          py32f072_hal_flash.o
    0x0801e194   0x0801e194   0x00000034   Data   RO         3478    .constdata          py32f072_hal_rcc.o
    0x0801e1c8   0x0801e1c8   0x00000014   Data   RO         3577    .constdata          py32f072_hal_rcc_ex.o
    0x0801e1dc   0x0801e1dc   0x00000080   Data   RO         5313    .constdata          fz_ps.l(ddiv.o)
    0x0801e25c   0x0801e25c   0x00000040   Data   RO         5332    .constdata          fz_ps.l(fdiv.o)
    0x0801e29c   0x0801e29c   0x00000094   Data   RO         5402    .constdata          c_p.l(bigflt0.o)
    0x0801e330   0x0801e330   0x00000311   Data   RO          915    .conststring        meterinterface.o
    0x0801e641   0x0801e641   0x00000003   PAD
    0x0801e644   0x0801e644   0x00000020   Data   RO         5570    Region$$Table       anon$$obj.o
    0x0801e664   0x0801e664   0x0000001c   Data   RO         5408    locale$$data        c_p.l(lc_numeric_c.o)


    Execution Region RW_IRAM1 (Exec base: 0x20000000, Load base: 0x0801e680, Size: 0x00002108, Max: 0x00004000, ABSOLUTE, COMPRESSED[0x000005b4])

    Exec Addr    Load Addr    Size         Type   Attr      Idx    E Section Name        Object

    0x20000000   COMPRESSED   0x00000008   Data   RW          368    .data               app_key.o
    0x20000008   COMPRESSED   0x0000007c   Data   RW          506    .data               app_system.o
    0x20000084   COMPRESSED   0x0000001c   Data   RW          720    .data               app_paraminput.o
    0x200000a0   COMPRESSED   0x00000040   Data   RW          785    .data               app_externaloutput.o
    0x200000e0   COMPRESSED   0x00001161   Data   RW          916    .data               meterinterface.o
    0x20001241   COMPRESSED   0x00000003   PAD
    0x20001244   COMPRESSED   0x0000001f   Data   RW         1445    .data               app_jm1203.o
    0x20001263   COMPRESSED   0x00000001   PAD
    0x20001264   COMPRESSED   0x00000002   Data   RW         1535    .data               app_modreg.o
    0x20001266   COMPRESSED   0x00000002   PAD
    0x20001268   COMPRESSED   0x00000014   Data   RW         1577    .data               app_sensor.o
    0x2000127c   COMPRESSED   0x00000008   Data   RW         1681    .data               modbusrtu.o
    0x20001284   COMPRESSED   0x00000020   Data   RW         1794    .data               uart_config.o
    0x200012a4   COMPRESSED   0x00000014   Data   RW         1882    .data               adc_config.o
    0x200012b8   COMPRESSED   0x00000010   Data   RW         1934    .data               pwm_config.o
    0x200012c8   COMPRESSED   0x00000008   Data   RW         2005    .data               flash_config.o
    0x200012d0   COMPRESSED   0x00000008   Data   RW         2082    .data               timer_config.o
    0x200012d8   COMPRESSED   0x00000004   Data   RW         2137    .data               system_py32f072.o
    0x200012dc   COMPRESSED   0x0000000c   Data   RW         2204    .data               py32f072_hal.o
    0x200012e8        -       0x0000006c   Zero   RW          367    .bss                app_key.o
    0x20001354   COMPRESSED   0x00000004   PAD
    0x20001358        -       0x000000a8   Zero   RW          914    .bss                meterinterface.o
    0x20001400        -       0x0000000a   Zero   RW         1444    .bss                app_jm1203.o
    0x2000140a   COMPRESSED   0x00000002   PAD
    0x2000140c        -       0x00000174   Zero   RW         1576    .bss                app_sensor.o
    0x20001580        -       0x00000080   Zero   RW         1680    .bss                modbusrtu.o
    0x20001600        -       0x000000cc   Zero   RW         1793    .bss                uart_config.o
    0x200016cc        -       0x00000054   Zero   RW         1881    .bss                adc_config.o
    0x20001720        -       0x0000005c   Zero   RW         1933    .bss                pwm_config.o
    0x2000177c        -       0x0000044c   Zero   RW         2004    .bss                flash_config.o
    0x20001bc8        -       0x000000c8   Zero   RW         2081    .bss                timer_config.o
    0x20001c90        -       0x00000018   Zero   RW         2972    .bss                py32f072_hal_flash.o
    0x20001ca8        -       0x00000060   Zero   RW         5422    .bss                c_p.l(libspace.o)
    0x20001d08        -       0x00000000   Zero   RW         2166    HEAP                startup_py32f072xx.o
    0x20001d08        -       0x00000400   Zero   RW         2165    STACK               startup_py32f072xx.o


==============================================================================

Image component sizes


      Code (inc. data)   RO Data    RW Data    ZI Data      Debug   Object Name

       800         64          0         20         84       4091   adc_config.o
      1452         50          0         64          0       5087   app_externaloutput.o
      1194        122          0         31         10       9795   app_jm1203.o
      1458        148          0          8        108      12072   app_key.o
      2840         18          0          2          0       3030   app_modreg.o
      2548        140          0         28          0       7098   app_paraminput.o
      1996        180          0         20        372       9962   app_sensor.o
     13630        650          0        124          0      33198   app_system.o
      2900        114          0          8       1100       7107   flash_config.o
       288         14          0          0          0       1977   gpio_config.o
      3214         56      35964          0          0      15584   lcd.o
       308         26          0          0          0     388210   main.o
     30072       2066        785       4449        168      60292   meterinterface.o
       950         54          0          8        128       7328   modbusrtu.o
       308         46          0         16         92       2841   pwm_config.o
       202         34          0         12          0       3809   py32f072_hal.o
      1368         46          0          0          0       5435   py32f072_hal_adc.o
       300          6          0          0          0       1458   py32f072_hal_adc_ex.o
       278         34          0          0          0      10464   py32f072_hal_cortex.o
      1348         98         32          0         24      19175   py32f072_hal_flash.o
       720         28          0          0          0       2994   py32f072_hal_gpio.o
        88         12          0          0          0       1120   py32f072_hal_iwdg.o
       546         34          0          0          0       3598   py32f072_hal_msp.o
       336         10          0          0          0       3478   py32f072_hal_opa.o
      2380        100         52          0          0       6157   py32f072_hal_rcc.o
      1480         30         20          0          0       2993   py32f072_hal_rcc_ex.o
      1342        102          0          0          0       8058   py32f072_hal_tim.o
       680          6          0          0          0       3479   py32f072_hal_uart.o
        10          0          0          0          0       1733   py32f072_it.o
        52         22        192          0       1024        628   startup_py32f072xx.o
       292         40        128          4          0       1912   system_py32f072.o
       416         40          0          8        200       3950   timer_config.o
      1326         70          0         32        204       7820   uart_config.o

    ----------------------------------------------------------------------
     77164       4460      37208       4840       3520     655933   Object Totals
         0          0         32          0          0          0   (incl. Generated)
        42          0          3          6          6          0   (incl. Padding)

    ----------------------------------------------------------------------

      Code (inc. data)   RO Data    RW Data    ZI Data      Debug   Library Member Name

        60          6          0          0          0         92   __2snprintf.o
        86          0          0          0          0          0   __dczerorl2.o
         8          0          0          0          0         68   __main.o
       284          0          0          0          0        136   __printf_wp.o
         0          0          0          0          0          0   __rtentry.o
        12          0          0          0          0          0   __rtentry2.o
         6          0          0          0          0          0   __rtentry4.o
        60          8          0          0          0          0   __scatter.o
        28          0          0          0          0          0   __scatter_zi.o
        48          6          0          0          0         88   _printf_char_common.o
        10          0          0          0          0          0   _printf_d.o
       108         18          0          0          0         76   _printf_dec.o
        10          0          0          0          0          0   _printf_f.o
      1048         14          0          0          0        176   _printf_fp_dec.o
       136         16          0          0          0         76   _printf_fp_infnan.o
       176          0          0          0          0         84   _printf_intcommon.o
         2          0          0          0          0          0   _printf_percent.o
         4          0          0          0          0          0   _printf_percent_end.o
        16          0          0          0          0         60   _snputc.o
        10          0          0          0          0         60   _sputc.o
       346          0          0          0          0         92   aeabi_sdiv.o
       216          6        148          0          0         80   bigflt0.o
      1456         30          0          0          0        336   btod.o
        16          0          0          0          0         68   exit.o
         6          0          0          0          0        136   heapauxi.o
         0          0          0          0          0          0   indicate_semi.o
        44         10         28          0          0         76   lc_numeric_c.o
         2          0          0          0          0          0   libinit.o
        18          0          0          0          0          0   libinit2.o
         2          0          0          0          0          0   libshutdown.o
         2          0          0          0          0          0   libshutdown2.o
         8          4          0          0         96         68   libspace.o
       122          0          0          0          0         72   lludiv10.o
         8          4          0          0          0         68   rt_locale_intlibspace.o
        64          0          0          0          0        108   rt_memclr.o
        56          0          0          0          0         68   rt_memcpy.o
         2          0          0          0          0          0   rtexit.o
        10          0          0          0          0          0   rtexit2.o
        40          0          0          0          0         60   rtudiv10.o
       136          4          0          0          0         72   strcmp.o
        12          4          0          0          0         60   sys_exit.o
        62          0          0          0          0         80   sys_stackheap_outer.o
         2          0          0          0          0         68   use_no_semi.o
        46          0          0          0          0         60   cmpret.o
       124          4          0          0          0         72   d2f.o
       856         20          0          0          0        208   daddsub.o
       144          4          0          0          0         76   dcmpin.o
      1096         26        128          0          0        112   ddiv.o
       108         10          0          0          0         72   dfixi.o
        72          4          0          0          0         68   dfixui.o
        88          0          0          0          0         92   dflti.o
       100          4          0          0          0         92   dlef.o
       584         26          0          0          0         84   dmul.o
        20          6          0          0          0         68   dnan2.o
       104          4          0          0          0        104   drlef.o
       240          8          0          0          0         76   drnd.o
        84          4          0          0          0         60   f2d.o
       372          8          0          0          0        240   faddsub.o
       352         10         64          0          0         92   fdiv.o
        76          0          0          0          0         68   ffixi.o
        94          0          0          0          0         92   fflti.o
       176          4          0          0          0         80   fmul.o
        16          4          0          0          0         76   printf1.o
        94          0          0          0          0         68   retnan.o
         0          0          0          0          0          0   usenofp.o
        44          4          0          0          0         60   fpclassify.o
       156         14          0          0          0         84   round.o

    ----------------------------------------------------------------------
      9804        294        368          0         96       4532   Library Totals
        16          0          0          0          0          0   (incl. Padding)

    ----------------------------------------------------------------------

      Code (inc. data)   RO Data    RW Data    ZI Data      Debug   Library Name

      4742        130        176          0         96       2428   c_p.l
      4846        146        192          0          0       1960   fz_ps.l
       200         18          0          0          0        144   m_ps.l

    ----------------------------------------------------------------------
      9804        294        368          0         96       4532   Library Totals

    ----------------------------------------------------------------------

==============================================================================


      Code (inc. data)   RO Data    RW Data    ZI Data      Debug   

     86968       4754      37576       4840       3616     645241   Grand Totals
     86968       4754      37576       1460       3616     645241   ELF Image Totals (compressed)
     86968       4754      37576       1460          0          0   ROM Totals

==============================================================================

    Total RO  Size (Code + RO Data)               124544 ( 121.63kB)
    Total RW  Size (RW Data + ZI Data)              8456 (   8.26kB)
    Total ROM Size (Code + RO Data + RW Data)     126004 ( 123.05kB)

==============================================================================

