Component: ARM Compiler 5.06 update 5 (build 528) Tool: armlink [4d35e2]

==============================================================================

Section Cross References

    main.o(i.APP_SystemClockConfig) refers to rt_memclr.o(.text) for __aeabi_memclr4
    main.o(i.APP_SystemClockConfig) refers to py32f072_hal_rcc.o(i.HAL_RCC_OscConfig) for HAL_RCC_OscConfig
    main.o(i.APP_SystemClockConfig) refers to py32f072_hal_rcc.o(i.HAL_RCC_ClockConfig) for HAL_RCC_ClockConfig
    main.o(i.APP_SystemClockConfig) refers to py32f072_hal_rcc_ex.o(i.HAL_RCCEx_PeriphCLKConfig) for HAL_RCCEx_PeriphCLKConfig
    main.o(i.IwdgInit) refers to py32f072_hal_iwdg.o(i.HAL_IWDG_Init) for HAL_IWDG_Init
    main.o(i.main) refers to py32f072_hal.o(i.HAL_Init) for HAL_Init
    main.o(i.main) refers to main.o(i.APP_SystemClockConfig) for APP_SystemClockConfig
    main.o(i.main) refers to system_py32f072.o(i.SystemCoreClockUpdate) for SystemCoreClockUpdate
    main.o(i.main) refers to app_system.o(i.System_DeviceInit) for System_DeviceInit
    main.o(i.main) refers to modbusrtu.o(i.MobudRtuInit) for MobudRtuInit
    main.o(i.main) refers to app_jm1203.o(i.JM1203_Init) for JM1203_Init
    main.o(i.main) refers to main.o(i.IwdgInit) for IwdgInit
    main.o(i.main) refers to app_system.o(i.SystemTask) for SystemTask
    main.o(i.main) refers to adc_config.o(i.ADC_ScanTask) for ADC_ScanTask
    main.o(i.main) refers to app_externaloutput.o(i.ExternalOutputScanTask) for ExternalOutputScanTask
    main.o(i.main) refers to timer_config.o(i.TimerTaskHandle) for TimerTaskHandle
    main.o(i.main) refers to app_jm1203.o(i.JM1203_Task) for JM1203_Task
    main.o(i.main) refers to flash_config.o(i.CalibDataWritePoll_Task) for CalibDataWritePoll_Task
    main.o(i.main) refers to app_sensor.o(i.Sensor_Task) for Sensor_Task
    main.o(i.main) refers to modbusrtu.o(i.ModbusRTU_Task) for ModbusRTU_Task
    lcd.o(i.Draw_Circle) refers to lcd.o(i.LCD_DrawPoint) for LCD_DrawPoint
    lcd.o(i.LCD_Address_Set) refers to lcd.o(i.LCD_WR_Comm) for LCD_WR_Comm
    lcd.o(i.LCD_Address_Set) refers to lcd.o(i.LCD_WR_DATA16) for LCD_WR_DATA16
    lcd.o(i.LCD_BackLightCtrl) refers to lcd.o(i.LCD_Fill) for LCD_Fill
    lcd.o(i.LCD_BackLightCtrl) refers to py32f072_hal.o(i.HAL_Delay) for HAL_Delay
    lcd.o(i.LCD_BackLightCtrl) refers to lcd.o(i.LCD_WR_Comm) for LCD_WR_Comm
    lcd.o(i.LCD_DrawEllipse) refers to fflti.o(.text) for __aeabi_i2f
    lcd.o(i.LCD_DrawEllipse) refers to faddsub.o(x$fpl$fadd) for __aeabi_fadd
    lcd.o(i.LCD_DrawEllipse) refers to fmul.o(x$fpl$fmul) for __aeabi_fmul
    lcd.o(i.LCD_DrawEllipse) refers to lcd.o(i.LCD_Draw_4_Pixels) for LCD_Draw_4_Pixels
    lcd.o(i.LCD_DrawEllipse) refers to flef.o(x$fpl$fleqf) for __aeabi_cfcmple
    lcd.o(i.LCD_DrawEllipse) refers to faddsub.o(x$fpl$fsub) for __aeabi_fsub
    lcd.o(i.LCD_DrawLine) refers to lcd.o(i.LCD_DrawPoint) for LCD_DrawPoint
    lcd.o(i.LCD_DrawPoint) refers to lcd.o(i.LCD_Address_Set) for LCD_Address_Set
    lcd.o(i.LCD_DrawPoint) refers to lcd.o(i.LCD_WR_DATA16) for LCD_WR_DATA16
    lcd.o(i.LCD_DrawRectangle) refers to lcd.o(i.LCD_DrawLine) for LCD_DrawLine
    lcd.o(i.LCD_Draw_4_Pixels) refers to lcd.o(i.LCD_DrawPoint) for LCD_DrawPoint
    lcd.o(i.LCD_Draw_4_Pixels_Lines) refers to lcd.o(i.LCD_DrawLine) for LCD_DrawLine
    lcd.o(i.LCD_Draw_8_Pixels_Lines) refers to lcd.o(i.LCD_DrawLine) for LCD_DrawLine
    lcd.o(i.LCD_Draw_8_Pixels_Spread_Out_From_Center) refers to lcd.o(i.LCD_DrawPoint) for LCD_DrawPoint
    lcd.o(i.LCD_Draw_Filled_Circle) refers to lcd.o(i.LCD_Draw_8_Pixels_Lines) for LCD_Draw_8_Pixels_Lines
    lcd.o(i.LCD_Draw_Filled_Ellipse) refers to fflti.o(.text) for __aeabi_i2f
    lcd.o(i.LCD_Draw_Filled_Ellipse) refers to faddsub.o(x$fpl$fadd) for __aeabi_fadd
    lcd.o(i.LCD_Draw_Filled_Ellipse) refers to fmul.o(x$fpl$fmul) for __aeabi_fmul
    lcd.o(i.LCD_Draw_Filled_Ellipse) refers to lcd.o(i.LCD_Draw_4_Pixels_Lines) for LCD_Draw_4_Pixels_Lines
    lcd.o(i.LCD_Draw_Filled_Ellipse) refers to flef.o(x$fpl$fleqf) for __aeabi_cfcmple
    lcd.o(i.LCD_Draw_Filled_Ellipse) refers to faddsub.o(x$fpl$fsub) for __aeabi_fsub
    lcd.o(i.LCD_Draw_Rounded_Rectangle) refers to lcd.o(i.LCD_DrawLine) for LCD_DrawLine
    lcd.o(i.LCD_Draw_Rounded_Rectangle) refers to lcd.o(i.LCD_Draw_8_Pixels_Spread_Out_From_Center) for LCD_Draw_8_Pixels_Spread_Out_From_Center
    lcd.o(i.LCD_Fill) refers to lcd.o(i.LCD_Address_Set) for LCD_Address_Set
    lcd.o(i.LCD_Fill) refers to lcd.o(i.LCD_WR_DATA16) for LCD_WR_DATA16
    lcd.o(i.LCD_Init) refers to rt_memclr.o(.text) for __aeabi_memclr4
    lcd.o(i.LCD_Init) refers to py32f072_hal_gpio.o(i.HAL_GPIO_Init) for HAL_GPIO_Init
    lcd.o(i.LCD_Init) refers to py32f072_hal.o(i.HAL_Delay) for HAL_Delay
    lcd.o(i.LCD_Init) refers to lcd.o(i.LCD_Init_WR_Comm) for LCD_Init_WR_Comm
    lcd.o(i.LCD_Init) refers to lcd.o(i.LCD_Init_WR_DATA8) for LCD_Init_WR_DATA8
    lcd.o(i.LCD_Init_WR_Comm) refers to lcd.o(i.LCD_Delay) for LCD_Delay
[...]
    __aeabi_dmul                             0x08000d35   Thumb Code     0  dmul.o(.text)
    _dmul                                    0x08000d35   Thumb Code   558  dmul.o(.text)
    __aeabi_f2d                              0x08000f7d   Thumb Code     0  f2d.o(.text)
    _f2d                                     0x08000f7d   Thumb Code    80  f2d.o(.text)
    __aeabi_fdiv                             0x08000fd1   Thumb Code     0  fdiv.o(.text)
    _fdiv                                    0x08000fd1   Thumb Code   334  fdiv.o(.text)
    _frdiv                                   0x0800111f   Thumb Code     8  fdiv.o(.text)
    __aeabi_f2iz                             0x08001131   Thumb Code     0  ffixi.o(.text)
    _ffix                                    0x08001131   Thumb Code    76  ffixi.o(.text)
    __aeabi_i2f_normalise                    0x0800117d   Thumb Code    72  fflti.o(.text)
    __aeabi_i2f                              0x080011c5   Thumb Code    16  fflti.o(.text)
    _fflt                                    0x080011c5   Thumb Code     0  fflti.o(.text)
    __aeabi_ui2f                             0x080011d5   Thumb Code     6  fflti.o(.text)
    _ffltu                                   0x080011d5   Thumb Code     0  fflti.o(.text)
    _printf_int_common                       0x080011db   Thumb Code   176  _printf_intcommon.o(.text)
    _printf_char_common                      0x08001297   Thumb Code    32  _printf_char_common.o(.text)
    _sputc                                   0x080012bd   Thumb Code    10  _sputc.o(.text)
    _snputc                                  0x080012c7   Thumb Code    16  _snputc.o(.text)
    __rt_udiv10                              0x080012d7   Thumb Code    40  rtudiv10.o(.text)
    _drnd                                    0x08001301   Thumb Code   232  drnd.o(.text)
    __fpl_cmpreturn                          0x080013f1   Thumb Code    46  cmpret.o(.text)
    __fpl_dcmp_InfNaN                        0x08001421   Thumb Code   140  dcmpin.o(.text)
    __user_setup_stackheap                   0x080014b1   Thumb Code    62  sys_stackheap_outer.o(.text)
    exit                                     0x080014ef   Thumb Code    16  exit.o(.text)
    __fpl_dcheck_NaN2                        0x08001501   Thumb Code    14  dnan2.o(.text)
    __fpl_return_NaN                         0x08001515   Thumb Code    94  retnan.o(.text)
    __user_libspace                          0x08001575   Thumb Code     8  libspace.o(.text)
    __user_perproc_libspace                  0x08001575   Thumb Code     0  libspace.o(.text)
    __user_perthread_libspace                0x08001575   Thumb Code     0  libspace.o(.text)
    _sys_exit                                0x0800157d   Thumb Code     8  sys_exit.o(.text)
    __I$use$semihosting                      0x08001589   Thumb Code     0  use_no_semi.o(.text)
    __use_no_semihosting_swi                 0x08001589   Thumb Code     2  use_no_semi.o(.text)
    __decompress                             0x0800158b   Thumb Code     0  __dczerorl2.o(.text)
    __decompress1                            0x0800158b   Thumb Code    86  __dczerorl2.o(.text)
    __semihosting_library_function           0x0800158b   Thumb Code     0  indicate_semi.o(.text)
    ADC_Bsp_Init                             0x080015e1   Thumb Code   200  adc_config.o(i.ADC_Bsp_Init)
    ADC_Channelx_Init                        0x080016b9   Thumb Code   114  adc_config.o(i.ADC_Channelx_Init)
    ADC_ConversionStop                       0x08001739   Thumb Code    90  py32f072_hal_adc.o(i.ADC_ConversionStop)
    ADC_ConversionStop_Disable               0x08001793   Thumb Code    94  py32f072_hal_adc.o(i.ADC_ConversionStop_Disable)
    ADC_DeviceCtrl                           0x080017f1   Thumb Code    96  adc_config.o(i.ADC_DeviceCtrl)
    ADC_Enable                               0x0800185d   Thumb Code   152  py32f072_hal_adc.o(i.ADC_Enable)
    ADC_GetData                              0x080018fd   Thumb Code    30  adc_config.o(i.ADC_GetData)
    ADC_ScanTask                             0x08001921   Thumb Code   296  adc_config.o(i.ADC_ScanTask)
    APPDataEmpty                             0x08001a59   Thumb Code   440  flash_config.o(i.APPDataEmpty)
    APPDataFlashWrite                        0x08001c25   Thumb Code    22  flash_config.o(i.APPDataFlashWrite)
    AppDataInit                              0x08001ce1   Thumb Code   538  flash_config.o(i.AppDataInit)
    AppDataRead                              0x08001f11   Thumb Code    22  flash_config.o(i.AppDataRead)
    AppDataWrite                             0x08001f2d   Thumb Code    34  flash_config.o(i.AppDataWrite)
    AppSetRange                              0x08001f59   Thumb Code    24  flash_config.o(i.AppSetRange)
    App_Register                             0x08001f79   Thumb Code   916  app_modreg.o(i.App_Register)
    Button_ADD_EventMsp                      0x08002315   Thumb Code    68  app_key.o(i.Button_ADD_EventMsp)
    Button_StatusMachine                     0x08002359   Thumb Code   598  app_key.o(i.Button_StatusMachine)
    CalibDataWritePoll_Task                  0x080025b1   Thumb Code   390  flash_config.o(i.CalibDataWritePoll_Task)
    CurrentOutput_Init                       0x08002745   Thumb Code   108  pwm_config.o(i.CurrentOutput_Init)
    CurrentOutput_PwmValueSet                0x080027c1   Thumb Code     8  pwm_config.o(i.CurrentOutput_PwmValueSet)
    CurrentOutput_UA                         0x080027cd   Thumb Code    90  pwm_config.o(i.CurrentOutput_UA)
    CurrentOutput_UpdateCalcData             0x08002835   Thumb Code    56  pwm_config.o(i.CurrentOutput_UpdateCalcData)
    CurrentsCalibration_20mAFuntion          0x08002879   Thumb Code  1612  meterinterface.o(i.CurrentsCalibration_20mAFuntion)
    CurrentsCalibration_4mAFuntion           0x08002edd   Thumb Code  1612  meterinterface.o(i.CurrentsCalibration_4mAFuntion)
    ExternalOutputChannelEnable              0x0800355d   Thumb Code    42  app_externaloutput.o(i.ExternalOutputChannelEnable)
    ExternalOutputImageRef                   0x0800358d   Thumb Code    54  app_externaloutput.o(i.ExternalOutputImageRef)
    ExternalOutputScanTask                   0x080035c9   Thumb Code   730  app_externaloutput.o(i.ExternalOutputScanTask)
    ExternalOutput_Init                      0x080038a9   Thumb Code   180  app_externaloutput.o(i.ExternalOutput_Init)
    ExternalRefVolTaskReady                  0x08003961   Thumb Code    48  meterinterface.o(i.ExternalRefVolTaskReady)
    ExternalReferenceVolGetTask              0x08003999   Thumb Code   380  meterinterface.o(i.ExternalReferenceVolGetTask)
    FLASH_WaitForLastOperation               0x08003bd5   Thumb Code    50  py32f072_hal_flash.o(i.FLASH_WaitForLastOperation)
    FloatToUInt32                            0x08003d2d   Thumb Code     2  modbusrtu.o(i.FloatToUInt32)
    GPIO_BSP_Init                            0x08003d31   Thumb Code   146  gpio_config.o(i.GPIO_BSP_Init)
    GetAirPressureVal                        0x08003dcd   Thumb Code    40  app_system.o(i.GetAirPressureVal)
    GetRefVoltageValue                       0x08003df9   Thumb Code    26  app_system.o(i.GetRefVoltageValue)
    GetSystemTick                            0x08003e1d   Thumb Code     6  timer_config.o(i.GetSystemTick)
    Get_Bridge_RawData                       0x08003e29   Thumb Code     6  app_jm1203.o(i.Get_Bridge_RawData)
    Get_CalibAD                              0x08003e35   Thumb Code    18  app_sensor.o(i.Get_CalibAD)
    Get_Extreme_Value                        0x08003e4d   Thumb Code    18  app_sensor.o(i.Get_Extreme_Value)
    Get_INT_Value                            0x08003e65   Thumb Code     6  app_sensor.o(i.Get_INT_Value)
    Get_JM1203_Set                           0x08003e71   Thumb Code    16  app_jm1203.o(i.Get_JM1203_Set)
    Get_Para                                 0x08003e85   Thumb Code    16  app_sensor.o(i.Get_Para)
    Get_PressureCal                          0x08003e99   Thumb Code    18  app_sensor.o(i.Get_PressureCal)
    Get_UART_PARA                            0x08003eb1   Thumb Code    18  modbusrtu.o(i.Get_UART_PARA)
    Get_Value                                0x08003ec9   Thumb Code     6  app_sensor.o(i.Get_Value)
    HAL_ADCEx_Calibration_Start              0x08003ed5   Thumb Code   294  py32f072_hal_adc_ex.o(i.HAL_ADCEx_Calibration_Start)
    HAL_ADC_ConfigChannel                    0x08004001   Thumb Code   384  py32f072_hal_adc.o(i.HAL_ADC_ConfigChannel)
    HAL_ADC_DeInit                           0x0800418d   Thumb Code   252  py32f072_hal_adc.o(i.HAL_ADC_DeInit)
    HAL_ADC_Init                             0x08004295   Thumb Code   350  py32f072_hal_adc.o(i.HAL_ADC_Init)
    HAL_ADC_MspDeInit                        0x08004401   Thumb Code     2  py32f072_hal_msp.o(i.HAL_ADC_MspDeInit)
    HAL_ADC_MspInit                          0x08004405   Thumb Code    68  py32f072_hal_msp.o(i.HAL_ADC_MspInit)
    HAL_Delay                                0x0800444d   Thumb Code    38  py32f072_hal.o(i.HAL_Delay)
    HAL_FLASH_Erase                          0x08004479   Thumb Code   564  py32f072_hal_flash.o(i.HAL_FLASH_Erase)
    HAL_FLASH_Lock                           0x080046c1   Thumb Code    30  py32f072_hal_flash.o(i.HAL_FLASH_Lock)
    HAL_FLASH_Program                        0x080046e5   Thumb Code   416  py32f072_hal_flash.o(i.HAL_FLASH_Program)
    HAL_FLASH_Unlock                         0x08004899   Thumb Code    40  py32f072_hal_flash.o(i.HAL_FLASH_Unlock)
    HAL_GPIO_DeInit                          0x080048cd   Thumb Code   242  py32f072_hal_gpio.o(i.HAL_GPIO_DeInit)
    HAL_GPIO_Init                            0x080049cd   Thumb Code   438  py32f072_hal_gpio.o(i.HAL_GPIO_Init)
    HAL_GPIO_WritePin                        0x08004b91   Thumb Code    12  py32f072_hal_gpio.o(i.HAL_GPIO_WritePin)
    HAL_GetTick                              0x08004b9d   Thumb Code     6  py32f072_hal.o(i.HAL_GetTick)
    HAL_IWDG_Init                            0x08004ba9   Thumb Code    76  py32f072_hal_iwdg.o(i.HAL_IWDG_Init)
    HAL_IncTick                              0x08004c01   Thumb Code    16  py32f072_hal.o(i.HAL_IncTick)
    HAL_Init                                 0x08004c19   Thumb Code    26  py32f072_hal.o(i.HAL_Init)
    HAL_InitTick                             0x08004c35   Thumb Code    82  py32f072_hal.o(i.HAL_InitTick)
    HAL_MspInit                              0x08004c95   Thumb Code    64  py32f072_hal_msp.o(i.HAL_MspInit)
    HAL_NVIC_EnableIRQ                       0x08004cd9   Thumb Code    22  py32f072_hal_cortex.o(i.HAL_NVIC_EnableIRQ)
    HAL_NVIC_SetPriority                     0x08004cf5   Thumb Code    18  py32f072_hal_cortex.o(i.HAL_NVIC_SetPriority)
    HAL_OPA_DeInit                           0x08004d09   Thumb Code   136  py32f072_hal_opa.o(i.HAL_OPA_DeInit)
    HAL_OPA_Init                             0x08004d95   Thumb Code    52  py32f072_hal_opa.o(i.HAL_OPA_Init)
    HAL_OPA_MspDeInit                        0x08004dc9   Thumb Code     2  py32f072_hal_opa.o(i.HAL_OPA_MspDeInit)
    HAL_OPA_MspInit                          0x08004dcb   Thumb Code     2  py32f072_hal_opa.o(i.HAL_OPA_MspInit)
    HAL_OPA_Start                            0x08004dcd   Thumb Code   134  py32f072_hal_opa.o(i.HAL_OPA_Start)
    HAL_RCCEx_GetPeriphCLKFreq               0x08004e59   Thumb Code   944  py32f072_hal_rcc_ex.o(i.HAL_RCCEx_GetPeriphCLKFreq)
    HAL_RCCEx_PeriphCLKConfig                0x08005219   Thumb Code   506  py32f072_hal_rcc_ex.o(i.HAL_RCCEx_PeriphCLKConfig)
    HAL_RCC_ClockConfig                      0x08005421   Thumb Code   442  py32f072_hal_rcc.o(i.HAL_RCC_ClockConfig)
    HAL_RCC_GetHCLKFreq                      0x080055f5   Thumb Code     6  py32f072_hal_rcc.o(i.HAL_RCC_GetHCLKFreq)
    HAL_RCC_GetPCLK1Freq                     0x08005601   Thumb Code    32  py32f072_hal_rcc.o(i.HAL_RCC_GetPCLK1Freq)
    HAL_RCC_GetSysClockFreq                  0x08005629   Thumb Code   238  py32f072_hal_rcc.o(i.HAL_RCC_GetSysClockFreq)
    HAL_RCC_OscConfig                        0x08005725   Thumb Code  1566  py32f072_hal_rcc.o(i.HAL_RCC_OscConfig)
    HAL_SYSTICK_Config                       0x08005d51   Thumb Code    46  py32f072_hal_cortex.o(i.HAL_SYSTICK_Config)
    HAL_TIM_Base_Init                        0x08005d89   Thumb Code    56  py32f072_hal_tim.o(i.HAL_TIM_Base_Init)
    HAL_TIM_Base_MspInit                     0x08005dc1   Thumb Code   224  py32f072_hal_msp.o(i.HAL_TIM_Base_MspInit)
    HAL_TIM_PWM_ConfigChannel                0x08005eb1   Thumb Code   274  py32f072_hal_tim.o(i.HAL_TIM_PWM_ConfigChannel)
    HAL_TIM_PWM_Init                         0x08005fc3   Thumb Code    56  py32f072_hal_tim.o(i.HAL_TIM_PWM_Init)
    HAL_TIM_PWM_MspInit                      0x08005ffb   Thumb Code     2  py32f072_hal_tim.o(i.HAL_TIM_PWM_MspInit)
    HAL_TIM_PWM_Start                        0x08005ffd   Thumb Code   100  py32f072_hal_tim.o(i.HAL_TIM_PWM_Start)
    HAL_UART_DeInit                          0x08006071   Thumb Code    64  py32f072_hal_uart.o(i.HAL_UART_DeInit)
    HAL_UART_Init                            0x080060b1   Thumb Code   138  py32f072_hal_uart.o(i.HAL_UART_Init)
    HAL_UART_MspDeInit                       0x0800613b   Thumb Code     2  py32f072_hal_uart.o(i.HAL_UART_MspDeInit)
    HAL_UART_MspInit                         0x0800613d   Thumb Code   154  py32f072_hal_msp.o(i.HAL_UART_MspInit)
    HardFault_Handler                        0x080061e1   Thumb Code     4  py32f072_it.o(i.HardFault_Handler)
    IwdgInit                                 0x08006389   Thumb Code    58  main.o(i.IwdgInit)
    JM1203_Init                              0x080063cd   Thumb Code   106  app_jm1203.o(i.JM1203_Init)
    JM1203_Task                              0x08006495   Thumb Code   370  app_jm1203.o(i.JM1203_Task)
    KEY_AddWrok                              0x08006679   Thumb Code    32  app_key.o(i.KEY_AddWrok)
    KEY_Config                               0x0800669d   Thumb Code    46  app_key.o(i.KEY_Config)
    KEY_DOWN_Press_END_Msp                   0x080066cd   Thumb Code    30  app_key.o(i.KEY_DOWN_Press_END_Msp)
    KEY_DOWN_Read                            0x080066f1   Thumb Code    14  app_key.o(i.KEY_DOWN_Read)
    KEY_DOWN_Short_Press_Once_Msp            0x08006701   Thumb Code    16  app_key.o(i.KEY_DOWN_Short_Press_Once_Msp)
    KEY_DOWN_Short_Press_Repeat_Msp          0x08006715   Thumb Code    16  app_key.o(i.KEY_DOWN_Short_Press_Repeat_Msp)
    KEY_ENTER_Long_Press_Once_Msp            0x08006729   Thumb Code    14  app_key.o(i.KEY_ENTER_Long_Press_Once_Msp)
    KEY_ENTER_Press_END_Msp                  0x0800673d   Thumb Code    28  app_key.o(i.KEY_ENTER_Press_END_Msp)
    KEY_ENTER_Read                           0x0800675d   Thumb Code    12  app_key.o(i.KEY_ENTER_Read)
    KEY_ENTER_Short_Press_Once_Msp           0x0800676d   Thumb Code    14  app_key.o(i.KEY_ENTER_Short_Press_Once_Msp)
    KEY_Init                                 0x08006781   Thumb Code   248  app_key.o(i.KEY_Init)
    KEY_ReadEvent                            0x080068bd   Thumb Code    68  app_key.o(i.KEY_ReadEvent)
    KEY_Scan                                 0x08006905   Thumb Code    22  app_key.o(i.KEY_Scan)
    KEY_UP_Press_END_Msp                     0x08006921   Thumb Code    26  app_key.o(i.KEY_UP_Press_END_Msp)
    KEY_UP_Read                              0x08006941   Thumb Code    10  app_key.o(i.KEY_UP_Read)
    KEY_UP_Short_Press_Once_Msp              0x08006951   Thumb Code    14  app_key.o(i.KEY_UP_Short_Press_Once_Msp)
    KEY_UP_Short_Press_Repeat_Msp            0x08006965   Thumb Code    14  app_key.o(i.KEY_UP_Short_Press_Repeat_Msp)
    LCD_BackLightCtrl                        0x080069bb   Thumb Code    36  lcd.o(i.LCD_BackLightCtrl)
    LCD_Delay                                0x080069df   Thumb Code    26  lcd.o(i.LCD_Delay)
    LCD_DrawLine                             0x080069f9   Thumb Code   628  lcd.o(i.LCD_DrawLine)
    LCD_DrawRectangle                        0x08006c89   Thumb Code    72  lcd.o(i.LCD_DrawRectangle)
    LCD_Fill                                 0x08006cd1   Thumb Code    70  lcd.o(i.LCD_Fill)
    LCD_Init                                 0x08006d19   Thumb Code   728  lcd.o(i.LCD_Init)
    LCD_ShowChar                             0x080074d9   Thumb Code   392  lcd.o(i.LCD_ShowChar)
    LCD_ShowChinese                          0x08007679   Thumb Code   264  lcd.o(i.LCD_ShowChinese)
    LCD_ShowIntNum                           0x08007791   Thumb Code   160  lcd.o(i.LCD_ShowIntNum)
    LCD_ShowString                           0x08007831   Thumb Code    52  lcd.o(i.LCD_ShowString)
    LED_Ctrl                                 0x08007a2d   Thumb Code    64  gpio_config.o(i.LED_Ctrl)
    MeterInterfaceInit                       0x08009ffd   Thumb Code   410  meterinterface.o(i.MeterInterfaceInit)
    MeterInterfaceKeyShield                  0x0800a1c5   Thumb Code     6  meterinterface.o(i.MeterInterfaceKeyShield)
    MeterInterfaceTask                       0x0800a1d1   Thumb Code  1108  meterinterface.o(i.MeterInterfaceTask)
    MeterInterfaceTaskQuit                   0x0800a625   Thumb Code   156  meterinterface.o(i.MeterInterfaceTaskQuit)
    MobudRtuInit                             0x0800a705   Thumb Code   196  modbusrtu.o(i.MobudRtuInit)
    ModbusRTU_Task                           0x0800a7d5   Thumb Code   144  modbusrtu.o(i.ModbusRTU_Task)
    My_IntegerSplit                          0x0800aa49   Thumb Code    54  app_system.o(i.My_IntegerSplit)
    My_NumberCount                           0x0800aa7f   Thumb Code    30  app_system.o(i.My_NumberCount)
    My_Pow                                   0x0800aa9d   Thumb Code    26  app_system.o(i.My_Pow)
    NMI_Handler                              0x0800aab7   Thumb Code     2  py32f072_it.o(i.NMI_Handler)
    NpnOut_Ctrl                              0x0800aab9   Thumb Code    64  gpio_config.o(i.NpnOut_Ctrl)
    ParamSetCompensationValFuntion           0x0800aca1   Thumb Code  1822  meterinterface.o(i.ParamSetCompensationValFuntion)
    ParamSetMenuFuntion                      0x0800bd1d   Thumb Code   138  meterinterface.o(i.ParamSetMenuFuntion)
    ParamSetOut1DelayTimeFuntion             0x0800bdc5   Thumb Code   978  meterinterface.o(i.ParamSetOut1DelayTimeFuntion)
    ParamSetOut1Funtion                      0x0800c1c5   Thumb Code    12  meterinterface.o(i.ParamSetOut1Funtion)
    ParamSetOut1LagValFuntion                0x0800c1d1   Thumb Code  1162  meterinterface.o(i.ParamSetOut1LagValFuntion)
    ParamSetOut1ModeFuntion                  0x0800c669   Thumb Code    66  meterinterface.o(i.ParamSetOut1ModeFuntion)
    ParamSetOut1ModeLagFuntion               0x0800c6b1   Thumb Code   118  meterinterface.o(i.ParamSetOut1ModeLagFuntion)
    ParamSetOut1ModeOrdinaryFuntion          0x0800c739   Thumb Code   118  meterinterface.o(i.ParamSetOut1ModeOrdinaryFuntion)
    ParamSetOut1ModeWindowFuntion            0x0800c7c1   Thumb Code   118  meterinterface.o(i.ParamSetOut1ModeWindowFuntion)
    ParamSetOut1PeakValueFuntion             0x0800c849   Thumb Code   920  meterinterface.o(i.ParamSetOut1PeakValueFuntion)
    ParamSetOut1ThresholdValueFuntion        0x0800cc09   Thumb Code   912  meterinterface.o(i.ParamSetOut1ThresholdValueFuntion)
    ParamSetOut1ValleyValueFuntion           0x0800cfc1   Thumb Code   920  meterinterface.o(i.ParamSetOut1ValleyValueFuntion)
    ParamSetOut1WayFuntion                   0x0800d381   Thumb Code    54  meterinterface.o(i.ParamSetOut1WayFuntion)
    ParamSetOut1WayNoReverseFuntion          0x0800d3bd   Thumb Code   118  meterinterface.o(i.ParamSetOut1WayNoReverseFuntion)
    ParamSetOut1WayReverseFuntion            0x0800d445   Thumb Code   118  meterinterface.o(i.ParamSetOut1WayReverseFuntion)
    ParamSetOut2DelayTimeFuntion             0x0800d4cd   Thumb Code   978  meterinterface.o(i.ParamSetOut2DelayTimeFuntion)
    ParamSetOut2Funtion                      0x0800d8cd   Thumb Code    12  meterinterface.o(i.ParamSetOut2Funtion)
    ParamSetOut2LagValFuntion                0x0800d8d9   Thumb Code  1162  meterinterface.o(i.ParamSetOut2LagValFuntion)
    ParamSetOut2ModeFuntion                  0x0800dd71   Thumb Code    66  meterinterface.o(i.ParamSetOut2ModeFuntion)
    ParamSetOut2ModeLagFuntion               0x0800ddb9   Thumb Code   118  meterinterface.o(i.ParamSetOut2ModeLagFuntion)
    ParamSetOut2ModeOrdinaryFuntion          0x0800de41   Thumb Code   118  meterinterface.o(i.ParamSetOut2ModeOrdinaryFuntion)
    ParamSetOut2ModeWindowFuntion            0x0800dec9   Thumb Code   118  meterinterface.o(i.ParamSetOut2ModeWindowFuntion)
    ParamSetOut2PeakValueFuntion             0x0800df51   Thumb Code   920  meterinterface.o(i.ParamSetOut2PeakValueFuntion)
    ParamSetOut2ThresholdValueFuntion        0x0800e311   Thumb Code   928  meterinterface.o(i.ParamSetOut2ThresholdValueFuntion)
    ParamSetOut2ValleyValueFuntion           0x0800e6d9   Thumb Code   920  meterinterface.o(i.ParamSetOut2ValleyValueFuntion)
    ParamSetOut2WayFuntion                   0x0800ea99   Thumb Code    54  meterinterface.o(i.ParamSetOut2WayFuntion)
    ParamSetOut2WayNoReverseFuntion          0x0800ead5   Thumb Code   118  meterinterface.o(i.ParamSetOut2WayNoReverseFuntion)
    ParamSetOut2WayReverseFuntion            0x0800eb5d   Thumb Code   118  meterinterface.o(i.ParamSetOut2WayReverseFuntion)
    ParamSetRange10Funtion                   0x0800ebe5   Thumb Code   262  meterinterface.o(i.ParamSetRange10Funtion)
    ParamSetRange1Funtion                    0x0800ed15   Thumb Code   262  meterinterface.o(i.ParamSetRange1Funtion)
    ParamSetRange2Funtion                    0x0800ee45   Thumb Code   262  meterinterface.o(i.ParamSetRange2Funtion)
    ParamSetRange3Funtion                    0x0800ef75   Thumb Code   262  meterinterface.o(i.ParamSetRange3Funtion)
    ParamSetRange4Funtion                    0x0800f0a5   Thumb Code   262  meterinterface.o(i.ParamSetRange4Funtion)
    ParamSetRange5Funtion                    0x0800f1d5   Thumb Code   262  meterinterface.o(i.ParamSetRange5Funtion)
    ParamSetRange6Funtion                    0x0800f305   Thumb Code   262  meterinterface.o(i.ParamSetRange6Funtion)
    ParamSetRange7Funtion                    0x0800f435   Thumb Code   262  meterinterface.o(i.ParamSetRange7Funtion)
    ParamSetRange8Funtion                    0x0800f565   Thumb Code   262  meterinterface.o(i.ParamSetRange8Funtion)
    ParamSetRange9Funtion                    0x0800f695   Thumb Code   262  meterinterface.o(i.ParamSetRange9Funtion)
    ParamSetRangeFuntion                     0x0800f7c5   Thumb Code   136  meterinterface.o(i.ParamSetRangeFuntion)
    ParamSetTaskCreate                       0x0800f851   Thumb Code    20  app_paraminput.o(i.ParamSetTaskCreate)
    ParamSetTaskDelete                       0x0800f86d   Thumb Code    80  app_paraminput.o(i.ParamSetTaskDelete)
    ParamSetTaskIdleQuery                    0x0800f8e1   Thumb Code    12  app_paraminput.o(i.ParamSetTaskIdleQuery)
    ParamSetTaskReady                        0x0800f8f1   Thumb Code    12  app_paraminput.o(i.ParamSetTaskReady)
    ParamSetTaskStart                        0x0800f901   Thumb Code    32  app_paraminput.o(i.ParamSetTaskStart)
    ParamSetUnitFuntion                      0x0800f925   Thumb Code    54  meterinterface.o(i.ParamSetUnitFuntion)
    ParamSetUnitKpaFuntion                   0x0800f961   Thumb Code   118  meterinterface.o(i.ParamSetUnitKpaFuntion)
    ParamSetUnitMpaFuntion                   0x0800f9e9   Thumb Code   118  meterinterface.o(i.ParamSetUnitMpaFuntion)
    ParamSetZeroResetFuntion                 0x0800fa71   Thumb Code   122  meterinterface.o(i.ParamSetZeroResetFuntion)
    PendSV_Handler                           0x0800fb01   Thumb Code     2  py32f072_it.o(i.PendSV_Handler)
    PressureParamIntputEnable                0x0800fb05   Thumb Code    20  app_paraminput.o(i.PressureParamIntputEnable)
    PressureParamIntputUnitRead              0x0800fb21   Thumb Code    32  app_paraminput.o(i.PressureParamIntputUnitRead)
    QuitMenuFuntion                          0x0800fb45   Thumb Code    18  meterinterface.o(i.QuitMenuFuntion)
    SVC_Handler                              0x0800fcb1   Thumb Code     2  py32f072_it.o(i.SVC_Handler)
    Sensor_Task                              0x0800fcb5   Thumb Code   944  app_sensor.o(i.Sensor_Task)
    Set_CalibAD                              0x080100b9   Thumb Code    28  app_sensor.o(i.Set_CalibAD)
    Set_Calib_WriteFlag                      0x080100d9   Thumb Code     6  flash_config.o(i.Set_Calib_WriteFlag)
    Set_Extreme_Value                        0x080100e5   Thumb Code    28  app_sensor.o(i.Set_Extreme_Value)
    Set_JM1203_Set                           0x08010105   Thumb Code    26  app_jm1203.o(i.Set_JM1203_Set)
    Set_Para                                 0x08010125   Thumb Code    60  app_sensor.o(i.Set_Para)
    Set_PressureCal                          0x08010169   Thumb Code    28  app_sensor.o(i.Set_PressureCal)
    Set_UART_PARA                            0x08010189   Thumb Code    70  modbusrtu.o(i.Set_UART_PARA)
    SysTick_Handler                          0x080101e1   Thumb Code   114  timer_config.o(i.SysTick_Handler)
    SystemCoreClockUpdate                    0x0801025d   Thumb Code   212  system_py32f072.o(i.SystemCoreClockUpdate)
    SystemInit                               0x08010349   Thumb Code    40  system_py32f072.o(i.SystemInit)
    SystemSetCurrentsFuntion                 0x08010381   Thumb Code    12  meterinterface.o(i.SystemSetCurrentsFuntion)
    SystemSetFactoryResetFuntion             0x0801038d   Thumb Code  1770  meterinterface.o(i.SystemSetFactoryResetFuntion)
    SystemSetFontColourBlueFuntion           0x08010a95   Thumb Code   212  meterinterface.o(i.SystemSetFontColourBlueFuntion)
    SystemSetFontColourFuntion               0x08010b85   Thumb Code   130  meterinterface.o(i.SystemSetFontColourFuntion)
    SystemSetFontColourGreenFuntion          0x08010c21   Thumb Code   214  meterinterface.o(i.SystemSetFontColourGreenFuntion)
    SystemSetFontColourOrangeFuntion         0x08010d11   Thumb Code   212  meterinterface.o(i.SystemSetFontColourOrangeFuntion)
    SystemSetFontColourVioletFuntion         0x08010e01   Thumb Code   212  meterinterface.o(i.SystemSetFontColourVioletFuntion)
    SystemSetFontColourWhiteFuntion          0x08010ef1   Thumb Code   212  meterinterface.o(i.SystemSetFontColourWhiteFuntion)
    SystemSetFontColourYellowFuntion         0x08010fe1   Thumb Code   212  meterinterface.o(i.SystemSetFontColourYellowFuntion)
    SystemSetLanguageChineseFuntion          0x080110d1   Thumb Code   152  meterinterface.o(i.SystemSetLanguageChineseFuntion)
    SystemSetLanguageEnglishFuntion          0x08011185   Thumb Code   150  meterinterface.o(i.SystemSetLanguageEnglishFuntion)
    SystemSetLanguageFuntion                 0x08011239   Thumb Code    12  meterinterface.o(i.SystemSetLanguageFuntion)
    SystemSetMenuFuntion                     0x08011245   Thumb Code    12  meterinterface.o(i.SystemSetMenuFuntion)
    SystemSetOutput1Funtion                  0x08011251   Thumb Code    12  meterinterface.o(i.SystemSetOutput1Funtion)
    SystemSetOutput1TestCloseFuntion         0x0801125d   Thumb Code   132  meterinterface.o(i.SystemSetOutput1TestCloseFuntion)
    SystemSetOutput1TestOpenFuntion          0x080112f5   Thumb Code   132  meterinterface.o(i.SystemSetOutput1TestOpenFuntion)
    SystemSetOutput2Funtion                  0x0801138d   Thumb Code    12  meterinterface.o(i.SystemSetOutput2Funtion)
    SystemSetOutput2TestCloseFuntion         0x08011399   Thumb Code   132  meterinterface.o(i.SystemSetOutput2TestCloseFuntion)
    SystemSetOutput2TestOpenFuntion          0x08011431   Thumb Code   132  meterinterface.o(i.SystemSetOutput2TestOpenFuntion)
    SystemSetOutputTestFuntion               0x080114c9   Thumb Code    44  meterinterface.o(i.SystemSetOutputTestFuntion)
    SystemSetVersionFuntion                  0x080114f5   Thumb Code   812  meterinterface.o(i.SystemSetVersionFuntion)
    SystemTask                               0x08011875   Thumb Code  1160  app_system.o(i.SystemTask)
    System_DeviceInit                        0x08011d0d   Thumb Code    42  app_system.o(i.System_DeviceInit)
    System_ParameterReset                    0x08011d39   Thumb Code  1410  app_system.o(i.System_ParameterReset)
    TIM_Base_SetConfig                       0x080122e9   Thumb Code   124  py32f072_hal_tim.o(i.TIM_Base_SetConfig)
    TIM_CCxChannelCmd                        0x08012379   Thumb Code    34  py32f072_hal_tim.o(i.TIM_CCxChannelCmd)
    TIM_OC2_SetConfig                        0x08012445   Thumb Code   168  py32f072_hal_tim.o(i.TIM_OC2_SetConfig)
    TimerTaskCreate                          0x0801263d   Thumb Code    74  timer_config.o(i.TimerTaskCreate)
    TimerTaskDelete                          0x0801268d   Thumb Code    60  timer_config.o(i.TimerTaskDelete)
    TimerTaskHandle                          0x080126cd   Thumb Code   110  timer_config.o(i.TimerTaskHandle)
    Timer_Init                               0x08012745   Thumb Code    12  timer_config.o(i.Timer_Init)
    UART_Bsp_Init                            0x0801278d   Thumb Code   172  uart_config.o(i.UART_Bsp_Init)
    UART_InitAll                             0x08012841   Thumb Code    20  uart_config.o(i.UART_InitAll)
    UART_ReadData                            0x0801285d   Thumb Code    86  uart_config.o(i.UART_ReadData)
    UART_RxCallBackAdd                       0x080128b5   Thumb Code    22  uart_config.o(i.UART_RxCallBackAdd)
    UART_SendData                            0x080128d1   Thumb Code    60  uart_config.o(i.UART_SendData)
    UInt32ToFloat                            0x08012ab1   Thumb Code     2  modbusrtu.o(i.UInt32ToFloat)
    USART2_IRQHandler                        0x08012ab5   Thumb Code   306  uart_config.o(i.USART2_IRQHandler)
    __ARM_common_switch8                     0x08012e65   Thumb Code    28  app_key.o(i.__ARM_common_switch8)
    main                                     0x08012ef9   Thumb Code    70  main.o(i.main)
    round                                    0x08012f65   Thumb Code   142  round.o(i.round)
    __aeabi_cdcmple                          0x08013001   Thumb Code     0  dlef.o(x$fpl$dleqf)
    _dcmple                                  0x08013001   Thumb Code    94  dlef.o(x$fpl$dleqf)
    __aeabi_cdrcmple                         0x08013065   Thumb Code     0  drlef.o(x$fpl$drleqf)
    _drcmple                                 0x08013065   Thumb Code   100  drlef.o(x$fpl$drleqf)
    __aeabi_fadd                             0x080130cd   Thumb Code     0  faddsub.o(x$fpl$fadd)
    _fadd                                    0x080130cd   Thumb Code   134  faddsub.o(x$fpl$fadd)
    __aeabi_fmul                             0x08013159   Thumb Code     0  fmul.o(x$fpl$fmul)
    _fmul                                    0x08013159   Thumb Code   172  fmul.o(x$fpl$fmul)
    __aeabi_frsub                            0x08013209   Thumb Code     0  faddsub.o(x$fpl$frsb)
    _frsb                                    0x08013209   Thumb Code    24  faddsub.o(x$fpl$frsb)
    __aeabi_fsub                             0x08013221   Thumb Code     0  faddsub.o(x$fpl$fsub)
    _fsub                                    0x08013221   Thumb Code   204  faddsub.o(x$fpl$fsub)
    __I$use$fp                               0x080132f0   Number         0  usenofp.o(x$fpl$usenofp)
    ascii_1206                               0x080132f0   Data        1140  lcd.o(.constdata)
    ascii_1608                               0x08013764   Data        1600  lcd.o(.constdata)
    ascii_2412                               0x08013da4   Data        4560  lcd.o(.constdata)
    ascii_3216                               0x08014f74   Data        6080  lcd.o(.constdata)
    ascii_4824                               0x08016734   Data        3744  lcd.o(.constdata)
    ascii_6424                               0x080175d4   Data        4992  lcd.o(.constdata)
    tfont12                                  0x08018954   Data         792  lcd.o(.constdata)
    tfont16                                  0x08018c6c   Data        3776  lcd.o(.constdata)
    tfont24                                  0x08019b2c   Data        8640  lcd.o(.constdata)
    tfont32                                  0x0801bcec   Data         640  lcd.o(.constdata)
    AHBPrescTable                            0x0801bf6c   Data          64  system_py32f072.o(.constdata)
    APBPrescTable                            0x0801bfac   Data          32  system_py32f072.o(.constdata)
    HSIFreqTable                             0x0801bfcc   Data          32  system_py32f072.o(.constdata)
    _FlashTimmingParam                       0x0801bfec   Data          32  py32f072_hal_flash.o(.constdata)
    Region$$Table$$Base                      0x0801c3f4   Number         0  anon$$obj.o(Region$$Table)
    Region$$Table$$Limit                     0x0801c414   Number         0  anon$$obj.o(Region$$Table)
    RangeNumber                              0x20000008   Data           4  app_system.o(.data)
    RangeSet_Flag                            0x2000000c   Data           4  app_system.o(.data)
    ExternalOutObj                           0x20000098   Data          64  app_externaloutput.o(.data)
    MainMenu                                 0x200000d8   Data         144  meterinterface.o(.data)
    ParamSetMenu                             0x20000168   Data         336  meterinterface.o(.data)
    ParamSetMenu2                            0x200002b8   Data         288  meterinterface.o(.data)
    ParamSetRange                            0x200003d8   Data         528  meterinterface.o(.data)
    ParamSetOut1                             0x200005e8   Data         384  meterinterface.o(.data)
    ParamSetOut2                             0x20000768   Data         384  meterinterface.o(.data)
    ParamSetUnit                             0x200008e8   Data         144  meterinterface.o(.data)
    ParamSetOut1Mode                         0x20000978   Data         192  meterinterface.o(.data)
    ParamSetOut1Way                          0x20000a38   Data         144  meterinterface.o(.data)
    ParamSetOut2Mode                         0x20000ac8   Data         192  meterinterface.o(.data)
    ParamSetOut2Way                          0x20000b88   Data         144  meterinterface.o(.data)
    SystemSetMenu                            0x20000c18   Data         336  meterinterface.o(.data)
    SystemSetLanguage                        0x20000d68   Data         144  meterinterface.o(.data)
    SystemSetOutputTest                      0x20000df8   Data         144  meterinterface.o(.data)
    SystemSetOutput1Test                     0x20000e88   Data         144  meterinterface.o(.data)
    SystemSetOutput2Test                     0x20000f18   Data         144  meterinterface.o(.data)
    SystemSetFontColour                      0x20000fa8   Data         336  meterinterface.o(.data)
    SystemSetCurrents                        0x200010f8   Data         144  meterinterface.o(.data)
    k                                        0x200011d8   Data           4  app_sensor.o(.data)
    t                                        0x200011dc   Data           4  app_sensor.o(.data)
    ADCxSacnTaskObj                          0x2000120c   Data          16  adc_config.o(.data)
    SystemCoreClock                          0x20001240   Data           4  system_py32f072.o(.data)
    uwTick                                   0x20001244   Data           4  py32f072_hal.o(.data)
    uwTickPrio                               0x20001248   Data           4  py32f072_hal.o(.data)
    uwTickFreq                               0x2000124c   Data           4  py32f072_hal.o(.data)
    AdcHandle                                0x200015e8   Data          52  adc_config.o(.bss)
    OpaHandle                                0x2000161c   Data          12  adc_config.o(.bss)
    TimerIniture                             0x20001628   Data          64  pwm_config.o(.bss)
    TimerOcIniture                           0x20001668   Data          28  pwm_config.o(.bss)
    Param_Config                             0x20001a84   Data          76  flash_config.o(.bss)
    _gTimerTaskObj                           0x20001ad0   Data         200  timer_config.o(.bss)
    pFlash                                   0x20001b98   Data          24  py32f072_hal_flash.o(.bss)
    __libspace_start                         0x20001bb0   Data          96  libspace.o(.bss)
    __temporary_stack_top$libspace           0x20001c10   Data           0  libspace.o(.bss)



==============================================================================

Memory Map of the image

  Image Entry point : 0x080000c1

  Load Region LR_IROM1 (Base: 0x08000000, Size: 0x0001d664, Max: 0x0001f000, ABSOLUTE, COMPRESSED[0x0001c99c])

    Execution Region ER_IROM1 (Exec base: 0x08000000, Load base: 0x08000000, Size: 0x0001c414, Max: 0x0001f000, ABSOLUTE)

    Exec Addr    Load Addr    Size         Type   Attr      Idx    E Section Name        Object

    0x08000000   0x08000000   0x000000c0   Data   RO         2009    RESET               startup_py32f072xx.o
    0x080000c0   0x080000c0   0x00000008   Code   RO         5147  * !!!main             c_p.l(__main.o)
    0x080000c8   0x080000c8   0x0000003c   Code   RO         5384    !!!scatter          c_p.l(__scatter.o)
    0x08000104   0x08000104   0x0000001c   Code   RO         5386    !!handler_zi        c_p.l(__scatter_zi.o)
    0x08000120   0x08000120   0x00000002   Code   RO         5134    .ARM.Collect$$_printf_percent$$00000000  c_p.l(_printf_percent.o)
    0x08000122   0x08000122   0x0000000a   Code   RO         5133    .ARM.Collect$$_printf_percent$$00000009  c_p.l(_printf_d.o)
    0x0800012c   0x0800012c   0x00000004   Code   RO         5196    .ARM.Collect$$_printf_percent$$00000017  c_p.l(_printf_percent_end.o)
    0x08000130   0x08000130   0x00000002   Code   RO         5247    .ARM.Collect$$libinit$$00000000  c_p.l(libinit.o)
    0x08000132   0x08000132   0x00000000   Code   RO         5265    .ARM.Collect$$libinit$$00000002  c_p.l(libinit2.o)
    0x08000132   0x08000132   0x00000000   Code   RO         5267    .ARM.Collect$$libinit$$00000004  c_p.l(libinit2.o)
    0x08000132   0x08000132   0x00000000   Code   RO         5270    .ARM.Collect$$libinit$$0000000A  c_p.l(libinit2.o)
    0x08000132   0x08000132   0x00000000   Code   RO         5272    .ARM.Collect$$libinit$$0000000C  c_p.l(libinit2.o)
    0x08000132   0x08000132   0x00000000   Code   RO         5274    .ARM.Collect$$libinit$$0000000E  c_p.l(libinit2.o)
    0x08000132   0x08000132   0x00000000   Code   RO         5277    .ARM.Collect$$libinit$$00000011  c_p.l(libinit2.o)
    0x08000132   0x08000132   0x00000000   Code   RO         5279    .ARM.Collect$$libinit$$00000013  c_p.l(libinit2.o)
    0x08000132   0x08000132   0x00000000   Code   RO         5281    .ARM.Collect$$libinit$$00000015  c_p.l(libinit2.o)
    0x08000132   0x08000132   0x00000000   Code   RO         5283    .ARM.Collect$$libinit$$00000017  c_p.l(libinit2.o)
    0x08000132   0x08000132   0x00000000   Code   RO         5285    .ARM.Collect$$libinit$$00000019  c_p.l(libinit2.o)
    0x08000132   0x08000132   0x00000000   Code   RO         5287    .ARM.Collect$$libinit$$0000001B  c_p.l(libinit2.o)
    0x08000132   0x08000132   0x00000000   Code   RO         5289    .ARM.Collect$$libinit$$0000001D  c_p.l(libinit2.o)
    0x08000132   0x08000132   0x00000000   Code   RO         5291    .ARM.Collect$$libinit$$0000001F  c_p.l(libinit2.o)
    0x08000132   0x08000132   0x00000000   Code   RO         5293    .ARM.Collect$$libinit$$00000021  c_p.l(libinit2.o)
    0x08000132   0x08000132   0x00000000   Code   RO         5295    .ARM.Collect$$libinit$$00000023  c_p.l(libinit2.o)
    0x08000132   0x08000132   0x00000000   Code   RO         5297    .ARM.Collect$$libinit$$00000025  c_p.l(libinit2.o)
    0x08000132   0x08000132   0x00000000   Code   RO         5301    .ARM.Collect$$libinit$$0000002C  c_p.l(libinit2.o)
    0x08000132   0x08000132   0x00000000   Code   RO         5303    .ARM.Collect$$libinit$$0000002E  c_p.l(libinit2.o)
    0x08000132   0x08000132   0x00000000   Code   RO         5305    .ARM.Collect$$libinit$$00000030  c_p.l(libinit2.o)
    0x08000132   0x08000132   0x00000000   Code   RO         5307    .ARM.Collect$$libinit$$00000032  c_p.l(libinit2.o)
    0x08000132   0x08000132   0x00000002   Code   RO         5308    .ARM.Collect$$libinit$$00000033  c_p.l(libinit2.o)
    0x08000134   0x08000134   0x00000002   Code   RO         5339    .ARM.Collect$$libshutdown$$00000000  c_p.l(libshutdown.o)
    0x08000136   0x08000136   0x00000000   Code   RO         5365    .ARM.Collect$$libshutdown$$00000002  c_p.l(libshutdown2.o)
    0x08000136   0x08000136   0x00000000   Code   RO         5367    .ARM.Collect$$libshutdown$$00000004  c_p.l(libshutdown2.o)
    0x08000136   0x08000136   0x00000000   Code   RO         5370    .ARM.Collect$$libshutdown$$00000007  c_p.l(libshutdown2.o)
    0x08000136   0x08000136   0x00000000   Code   RO         5373    .ARM.Collect$$libshutdown$$0000000A  c_p.l(libshutdown2.o)
    0x08000136   0x08000136   0x00000000   Code   RO         5375    .ARM.Collect$$libshutdown$$0000000C  c_p.l(libshutdown2.o)
    0x08000136   0x08000136   0x00000000   Code   RO         5378    .ARM.Collect$$libshutdown$$0000000F  c_p.l(libshutdown2.o)
    0x08000136   0x08000136   0x00000002   Code   RO         5379    .ARM.Collect$$libshutdown$$00000010  c_p.l(libshutdown2.o)
    0x08000138   0x08000138   0x00000000   Code   RO         5183    .ARM.Collect$$rtentry$$00000000  c_p.l(__rtentry.o)
    0x08000138   0x08000138   0x00000000   Code   RO         5209    .ARM.Collect$$rtentry$$00000002  c_p.l(__rtentry2.o)
    0x08000138   0x08000138   0x00000006   Code   RO         5221    .ARM.Collect$$rtentry$$00000004  c_p.l(__rtentry4.o)
    0x0800013e   0x0800013e   0x00000000   Code   RO         5211    .ARM.Collect$$rtentry$$00000009  c_p.l(__rtentry2.o)
    0x0800013e   0x0800013e   0x00000004   Code   RO         5212    .ARM.Collect$$rtentry$$0000000A  c_p.l(__rtentry2.o)
    0x08000142   0x08000142   0x00000000   Code   RO         5214    .ARM.Collect$$rtentry$$0000000C  c_p.l(__rtentry2.o)
    0x08000142   0x08000142   0x00000008   Code   RO         5215    .ARM.Collect$$rtentry$$0000000D  c_p.l(__rtentry2.o)
    0x0800014a   0x0800014a   0x00000002   Code   RO         5256    .ARM.Collect$$rtexit$$00000000  c_p.l(rtexit.o)
    0x0800014c   0x0800014c   0x00000000   Code   RO         5312    .ARM.Collect$$rtexit$$00000002  c_p.l(rtexit2.o)
    0x0800014c   0x0800014c   0x00000004   Code   RO         5313    .ARM.Collect$$rtexit$$00000003  c_p.l(rtexit2.o)
    0x08000150   0x08000150   0x00000006   Code   RO         5314    .ARM.Collect$$rtexit$$00000004  c_p.l(rtexit2.o)
    0x08000156   0x08000156   0x00000002   PAD
    0x08000158   0x08000158   0x00000038   Code   RO         5135    .emb_text           c_p.l(rt_memcpy.o)
    0x08000190   0x08000190   0x00000034   Code   RO         2010    .text               startup_py32f072xx.o
    0x080001c4   0x080001c4   0x0000003c   Code   RO         5105    .text               c_p.l(__2snprintf.o)
    0x08000200   0x08000200   0x0000006c   Code   RO         5109    .text               c_p.l(__printf.o)
    0x0800026c   0x0800026c   0x0000006c   Code   RO         5111    .text               c_p.l(_printf_dec.o)
    0x080002d8   0x080002d8   0x00000040   Code   RO         5139    .text               c_p.l(rt_memclr.o)
    0x08000318   0x08000318   0x0000015a   Code   RO         5141    .text               c_p.l(aeabi_sdiv.o)
    0x08000472   0x08000472   0x00000006   Code   RO         5145    .text               c_p.l(heapauxi.o)
    0x08000478   0x08000478   0x0000007c   Code   RO         5149    .text               fz_ps.l(d2f.o)
    0x080004f4   0x080004f4   0x00000358   Code   RO         5151    .text               fz_ps.l(daddsub.o)
    0x0800084c   0x0800084c   0x00000448   Code   RO         5153    .text               fz_ps.l(ddiv.o)
    0x08000c94   0x08000c94   0x00000048   Code   RO         5156    .text               fz_ps.l(dfixui.o)
    0x08000cdc   0x08000cdc   0x00000058   Code   RO         5158    .text               fz_ps.l(dflti.o)
    0x08000d34   0x08000d34   0x00000248   Code   RO         5160    .text               fz_ps.l(dmul.o)
    0x08000f7c   0x08000f7c   0x00000054   Code   RO         5162    .text               fz_ps.l(f2d.o)
    0x08000fd0   0x08000fd0   0x00000160   Code   RO         5170    .text               fz_ps.l(fdiv.o)
    0x08001130   0x08001130   0x0000004c   Code   RO         5173    .text               fz_ps.l(ffixi.o)
    0x0800117c   0x0800117c   0x0000005e   Code   RO         5175    .text               fz_ps.l(fflti.o)
    0x080011da   0x080011da   0x000000b0   Code   RO         5188    .text               c_p.l(_printf_intcommon.o)
    0x0800128a   0x0800128a   0x00000002   PAD
    0x0800128c   0x0800128c   0x00000030   Code   RO         5190    .text               c_p.l(_printf_char_common.o)
    0x080012bc   0x080012bc   0x0000000a   Code   RO         5192    .text               c_p.l(_sputc.o)
    0x080012c6   0x080012c6   0x00000010   Code   RO         5194    .text               c_p.l(_snputc.o)
    0x080012d6   0x080012d6   0x00000028   Code   RO         5197    .text               c_p.l(rtudiv10.o)
    0x080012fe   0x080012fe   0x00000002   PAD
    0x08001300   0x08001300   0x000000f0   Code   RO         5203    .text               fz_ps.l(drnd.o)
    0x080013f0   0x080013f0   0x0000002e   Code   RO         5227    .text               fz_ps.l(cmpret.o)
    0x0800141e   0x0800141e   0x00000002   PAD
    0x08001420   0x08001420   0x00000090   Code   RO         5229    .text               fz_ps.l(dcmpin.o)
    0x080014b0   0x080014b0   0x0000003e   Code   RO         5233    .text               c_p.l(sys_stackheap_outer.o)
    0x080014ee   0x080014ee   0x00000010   Code   RO         5236    .text               c_p.l(exit.o)
    0x080014fe   0x080014fe   0x00000002   PAD
    0x08001500   0x08001500   0x00000014   Code   RO         5248    .text               fz_ps.l(dnan2.o)
    0x08001514   0x08001514   0x0000005e   Code   RO         5250    .text               fz_ps.l(retnan.o)
    0x08001572   0x08001572   0x00000002   PAD
    0x08001574   0x08001574   0x00000008   Code   RO         5252    .text               c_p.l(libspace.o)
    0x0800157c   0x0800157c   0x0000000c   Code   RO         5309    .text               c_p.l(sys_exit.o)
    0x08001588   0x08001588   0x00000002   Code   RO         5328    .text               c_p.l(use_no_semi.o)
    0x0800158a   0x0800158a   0x00000000   Code   RO         5330    .text               c_p.l(indicate_semi.o)
    0x0800158a   0x0800158a   0x00000056   Code   RO         5382    .text               c_p.l(__dczerorl2.o)
    0x080015e0   0x080015e0   0x000000d8   Code   RO         1720    i.ADC_Bsp_Init      adc_config.o
    0x080016b8   0x080016b8   0x00000080   Code   RO         1722    i.ADC_Channelx_Init  adc_config.o
    0x08001738   0x08001738   0x0000005a   Code   RO         2216    i.ADC_ConversionStop  py32f072_hal_adc.o
    0x08001792   0x08001792   0x0000005e   Code   RO         2217    i.ADC_ConversionStop_Disable  py32f072_hal_adc.o
    0x080017f0   0x080017f0   0x0000006c   Code   RO         1723    i.ADC_DeviceCtrl    adc_config.o
    0x0800185c   0x0800185c   0x000000a0   Code   RO         2221    i.ADC_Enable        py32f072_hal_adc.o
    0x080018fc   0x080018fc   0x00000024   Code   RO         1724    i.ADC_GetData       adc_config.o
    0x08001920   0x08001920   0x00000138   Code   RO         1725    i.ADC_ScanTask      adc_config.o
    0x08001a58   0x08001a58   0x000001cc   Code   RO         1839    i.APPDataEmpty      flash_config.o
    0x08001c24   0x08001c24   0x0000001c   Code   RO         1840    i.APPDataFlashWrite  flash_config.o
    0x08001c40   0x08001c40   0x000000a0   Code   RO            3    i.APP_SystemClockConfig  main.o
    0x08001ce0   0x08001ce0   0x00000230   Code   RO         1841    i.AppDataInit       flash_config.o
    0x08001f10   0x08001f10   0x0000001c   Code   RO         1842    i.AppDataRead       flash_config.o
    0x08001f2c   0x08001f2c   0x0000002c   Code   RO         1843    i.AppDataWrite      flash_config.o
    0x08001f58   0x08001f58   0x00000020   Code   RO         1844    i.AppSetRange       flash_config.o
    0x08001f78   0x08001f78   0x0000039c   Code   RO         1394    i.App_Register      app_modreg.o
    0x08002314   0x08002314   0x00000044   Code   RO          347    i.Button_ADD_EventMsp  app_key.o
    0x08002358   0x08002358   0x00000256   Code   RO          348    i.Button_StatusMachine  app_key.o
    0x080025ae   0x080025ae   0x00000002   PAD
    0x080025b0   0x080025b0   0x00000194   Code   RO         1845    i.CalibDataWritePoll_Task  flash_config.o
    0x08002744   0x08002744   0x0000007c   Code   RO         1774    i.CurrentOutput_Init  pwm_config.o
    0x080027c0   0x080027c0   0x0000000c   Code   RO         1775    i.CurrentOutput_PwmValueSet  pwm_config.o
    0x080027cc   0x080027cc   0x00000068   Code   RO         1776    i.CurrentOutput_UA  pwm_config.o
    0x08002834   0x08002834   0x00000044   Code   RO         1777    i.CurrentOutput_UpdateCalcData  pwm_config.o
    0x08002878   0x08002878   0x00000664   Code   RO          714    i.CurrentsCalibration_20mAFuntion  meterinterface.o
    0x08002edc   0x08002edc   0x00000664   Code   RO          715    i.CurrentsCalibration_4mAFuntion  meterinterface.o
    0x08003540   0x08003540   0x0000001c   Code   RO         1291    i.Delay             app_jm1203.o
    0x0800355c   0x0800355c   0x00000030   Code   RO          663    i.ExternalOutputChannelEnable  app_externaloutput.o
    0x0800358c   0x0800358c   0x0000003c   Code   RO          664    i.ExternalOutputImageRef  app_externaloutput.o
    0x080035c8   0x080035c8   0x000002e0   Code   RO          665    i.ExternalOutputScanTask  app_externaloutput.o
    0x080038a8   0x080038a8   0x000000b8   Code   RO          666    i.ExternalOutput_Init  app_externaloutput.o
    0x08003960   0x08003960   0x00000038   Code   RO          716    i.ExternalRefVolTaskReady  meterinterface.o
    0x08003998   0x08003998   0x00000188   Code   RO          717    i.ExternalReferenceVolGetTask  meterinterface.o
    0x08003b20   0x08003b20   0x00000028   Code   RO         2787    i.FLASH_MassErase   py32f072_hal_flash.o
    0x08003b48   0x08003b48   0x00000020   Code   RO         2792    i.FLASH_PageErase   py32f072_hal_flash.o
    0x08003b68   0x08003b68   0x00000054   Code   RO         2793    i.FLASH_Program_Page  py32f072_hal_flash.o
    0x08003bbc   0x08003bbc   0x00000018   Code   RO         2794    i.FLASH_SectorErase  py32f072_hal_flash.o
    0x08003bd4   0x08003bd4   0x0000003c   Code   RO         2795    i.FLASH_WaitForLastOperation  py32f072_hal_flash.o
    0x08003c10   0x08003c10   0x000000a4   Code   RO         1422    i.Filter            app_sensor.o
    0x08003cb4   0x08003cb4   0x00000060   Code   RO         1846    i.FlashPageErase    flash_config.o
    0x08003d14   0x08003d14   0x00000018   Code   RO         1847    i.Flash_Read_DATA   flash_config.o
    0x08003d2c   0x08003d2c   0x00000002   Code   RO         1514    i.FloatToUInt32     modbusrtu.o
    0x08003d2e   0x08003d2e   0x00000002   PAD
    0x08003d30   0x08003d30   0x0000009c   Code   RO         1592    i.GPIO_BSP_Init     gpio_config.o
    0x08003dcc   0x08003dcc   0x0000002c   Code   RO          492    i.GetAirPressureVal  app_system.o
    0x08003df8   0x08003df8   0x00000024   Code   RO          493    i.GetRefVoltageValue  app_system.o
    0x08003e1c   0x08003e1c   0x0000000c   Code   RO         1916    i.GetSystemTick     timer_config.o
    0x08003e28   0x08003e28   0x0000000c   Code   RO         1292    i.Get_Bridge_RawData  app_jm1203.o
    0x08003e34   0x08003e34   0x00000018   Code   RO         1423    i.Get_CalibAD       app_sensor.o
    0x08003e4c   0x08003e4c   0x00000018   Code   RO         1424    i.Get_Extreme_Value  app_sensor.o
    0x08003e64   0x08003e64   0x0000000c   Code   RO         1425    i.Get_INT_Value     app_sensor.o
    0x08003e70   0x08003e70   0x00000014   Code   RO         1293    i.Get_JM1203_Set    app_jm1203.o
    0x08003e84   0x08003e84   0x00000014   Code   RO         1426    i.Get_Para          app_sensor.o
    0x08003e98   0x08003e98   0x00000018   Code   RO         1427    i.Get_PressureCal   app_sensor.o
    0x08003eb0   0x08003eb0   0x00000018   Code   RO         1515    i.Get_UART_PARA     modbusrtu.o
    0x08003ec8   0x08003ec8   0x0000000c   Code   RO         1428    i.Get_Value         app_sensor.o
    0x08003ed4   0x08003ed4   0x0000012c   Code   RO         2412    i.HAL_ADCEx_Calibration_Start  py32f072_hal_adc_ex.o
    0x08004000   0x08004000   0x0000018c   Code   RO         2223    i.HAL_ADC_ConfigChannel  py32f072_hal_adc.o
    0x0800418c   0x0800418c   0x00000108   Code   RO         2227    i.HAL_ADC_DeInit    py32f072_hal_adc.o
    0x08004294   0x08004294   0x0000016c   Code   RO         2233    i.HAL_ADC_Init      py32f072_hal_adc.o
    0x08004400   0x08004400   0x00000002   Code   RO         1197    i.HAL_ADC_MspDeInit  py32f072_hal_msp.o
    0x08004402   0x08004402   0x00000002   PAD
    0x08004404   0x08004404   0x00000048   Code   RO         1198    i.HAL_ADC_MspInit   py32f072_hal_msp.o
    0x0800444c   0x0800444c   0x0000002c   Code   RO         2021    i.HAL_Delay         py32f072_hal.o
    0x08004478   0x08004478   0x00000248   Code   RO         2797    i.HAL_FLASH_Erase   py32f072_hal_flash.o
    0x080046c0   0x080046c0   0x00000024   Code   RO         2801    i.HAL_FLASH_Lock    py32f072_hal_flash.o
    0x080046e4   0x080046e4   0x000001b4   Code   RO         2811    i.HAL_FLASH_Program  py32f072_hal_flash.o
    0x08004898   0x08004898   0x00000034   Code   RO         2813    i.HAL_FLASH_Unlock  py32f072_hal_flash.o
    0x080048cc   0x080048cc   0x00000100   Code   RO         2965    i.HAL_GPIO_DeInit   py32f072_hal_gpio.o
    0x080049cc   0x080049cc   0x000001c4   Code   RO         2968    i.HAL_GPIO_Init     py32f072_hal_gpio.o
    0x08004b90   0x08004b90   0x0000000c   Code   RO         2972    i.HAL_GPIO_WritePin  py32f072_hal_gpio.o
    0x08004b9c   0x08004b9c   0x0000000c   Code   RO         2024    i.HAL_GetTick       py32f072_hal.o
    0x08004ba8   0x08004ba8   0x00000058   Code   RO         3058    i.HAL_IWDG_Init     py32f072_hal_iwdg.o
    0x08004c00   0x08004c00   0x00000018   Code   RO         2030    i.HAL_IncTick       py32f072_hal.o
    0x08004c18   0x08004c18   0x0000001a   Code   RO         2031    i.HAL_Init          py32f072_hal.o
    0x08004c32   0x08004c32   0x00000002   PAD
    0x08004c34   0x08004c34   0x00000060   Code   RO         2032    i.HAL_InitTick      py32f072_hal.o
    0x08004c94   0x08004c94   0x00000044   Code   RO         1199    i.HAL_MspInit       py32f072_hal_msp.o
    0x08004cd8   0x08004cd8   0x0000001c   Code   RO         2506    i.HAL_NVIC_EnableIRQ  py32f072_hal_cortex.o
    0x08004cf4   0x08004cf4   0x00000012   Code   RO         2510    i.HAL_NVIC_SetPriority  py32f072_hal_cortex.o
    0x08004d06   0x08004d06   0x00000002   PAD
    0x08004d08   0x08004d08   0x0000008c   Code   RO         3112    i.HAL_OPA_DeInit    py32f072_hal_opa.o
    0x08004d94   0x08004d94   0x00000034   Code   RO         3114    i.HAL_OPA_Init      py32f072_hal_opa.o
    0x08004dc8   0x08004dc8   0x00000002   Code   RO         3116    i.HAL_OPA_MspDeInit  py32f072_hal_opa.o
    0x08004dca   0x08004dca   0x00000002   Code   RO         3117    i.HAL_OPA_MspInit   py32f072_hal_opa.o
    0x08004dcc   0x08004dcc   0x0000008c   Code   RO         3118    i.HAL_OPA_Start     py32f072_hal_opa.o
    0x08004e58   0x08004e58   0x000003c0   Code   RO         3417    i.HAL_RCCEx_GetPeriphCLKFreq  py32f072_hal_rcc_ex.o
    0x08005218   0x08005218   0x00000208   Code   RO         3418    i.HAL_RCCEx_PeriphCLKConfig  py32f072_hal_rcc_ex.o
    0x08005420   0x08005420   0x000001d4   Code   RO         3305    i.HAL_RCC_ClockConfig  py32f072_hal_rcc.o
    0x080055f4   0x080055f4   0x0000000c   Code   RO         3311    i.HAL_RCC_GetHCLKFreq  py32f072_hal_rcc.o
    0x08005600   0x08005600   0x00000028   Code   RO         3313    i.HAL_RCC_GetPCLK1Freq  py32f072_hal_rcc.o
    0x08005628   0x08005628   0x000000fc   Code   RO         3314    i.HAL_RCC_GetSysClockFreq  py32f072_hal_rcc.o
    0x08005724   0x08005724   0x0000062c   Code   RO         3318    i.HAL_RCC_OscConfig  py32f072_hal_rcc.o
    0x08005d50   0x08005d50   0x00000038   Code   RO         2514    i.HAL_SYSTICK_Config  py32f072_hal_cortex.o
    0x08005d88   0x08005d88   0x00000038   Code   RO         3798    i.HAL_TIM_Base_Init  py32f072_hal_tim.o
    0x08005dc0   0x08005dc0   0x000000f0   Code   RO         1201    i.HAL_TIM_Base_MspInit  py32f072_hal_msp.o
    0x08005eb0   0x08005eb0   0x00000112   Code   RO         3867    i.HAL_TIM_PWM_ConfigChannel  py32f072_hal_tim.o
    0x08005fc2   0x08005fc2   0x00000038   Code   RO         3870    i.HAL_TIM_PWM_Init  py32f072_hal_tim.o
    0x08005ffa   0x08005ffa   0x00000002   Code   RO         3872    i.HAL_TIM_PWM_MspInit  py32f072_hal_tim.o
    0x08005ffc   0x08005ffc   0x00000074   Code   RO         3875    i.HAL_TIM_PWM_Start  py32f072_hal_tim.o
    0x08006070   0x08006070   0x00000040   Code   RO         4759    i.HAL_UART_DeInit   py32f072_hal_uart.o
    0x080060b0   0x080060b0   0x0000008a   Code   RO         4765    i.HAL_UART_Init     py32f072_hal_uart.o
    0x0800613a   0x0800613a   0x00000002   Code   RO         4766    i.HAL_UART_MspDeInit  py32f072_hal_uart.o
    0x0800613c   0x0800613c   0x000000a4   Code   RO         1202    i.HAL_UART_MspInit  py32f072_hal_msp.o
    0x080061e0   0x080061e0   0x00000004   Code   RO         1250    i.HardFault_Handler  py32f072_it.o
    0x080061e4   0x080061e4   0x0000002c   Code   RO         1295    i.IIC_Ack           app_jm1203.o
    0x08006210   0x08006210   0x0000002c   Code   RO         1296    i.IIC_NAck          app_jm1203.o
    0x0800623c   0x0800623c   0x0000005c   Code   RO         1297    i.IIC_Read_Byte     app_jm1203.o
    0x08006298   0x08006298   0x00000058   Code   RO         1298    i.IIC_Send_Byte     app_jm1203.o
    0x080062f0   0x080062f0   0x0000002c   Code   RO         1299    i.IIC_Start         app_jm1203.o
    0x0800631c   0x0800631c   0x00000028   Code   RO         1300    i.IIC_Stop          app_jm1203.o
    0x08006344   0x08006344   0x00000044   Code   RO         1301    i.IIC_Wait_Ack      app_jm1203.o
    0x08006388   0x08006388   0x00000044   Code   RO            4    i.IwdgInit          main.o
    0x080063cc   0x080063cc   0x0000007c   Code   RO         1302    i.JM1203_Init       app_jm1203.o
    0x08006448   0x08006448   0x0000004c   Code   RO         1303    i.JM1203_Read_Reg   app_jm1203.o
    0x08006494   0x08006494   0x00000198   Code   RO         1304    i.JM1203_Task       app_jm1203.o
    0x0800662c   0x0800662c   0x0000004a   Code   RO         1305    i.JM1203_Write_Reg  app_jm1203.o
    0x08006676   0x08006676   0x00000002   PAD
    0x08006678   0x08006678   0x00000024   Code   RO          349    i.KEY_AddWrok       app_key.o
    0x0800669c   0x0800669c   0x0000002e   Code   RO          350    i.KEY_Config        app_key.o
    0x080066ca   0x080066ca   0x00000002   PAD
    0x080066cc   0x080066cc   0x00000024   Code   RO          351    i.KEY_DOWN_Press_END_Msp  app_key.o
    0x080066f0   0x080066f0   0x0000000e   Code   RO          352    i.KEY_DOWN_Read     app_key.o
    0x080066fe   0x080066fe   0x00000002   PAD
    0x08006700   0x08006700   0x00000014   Code   RO          353    i.KEY_DOWN_Short_Press_Once_Msp  app_key.o
    0x08006714   0x08006714   0x00000014   Code   RO          354    i.KEY_DOWN_Short_Press_Repeat_Msp  app_key.o
    0x08006728   0x08006728   0x00000014   Code   RO          356    i.KEY_ENTER_Long_Press_Once_Msp  app_key.o
    0x0800673c   0x0800673c   0x00000020   Code   RO          357    i.KEY_ENTER_Press_END_Msp  app_key.o
    0x0800675c   0x0800675c   0x00000010   Code   RO          358    i.KEY_ENTER_Read    app_key.o
    0x0800676c   0x0800676c   0x00000014   Code   RO          359    i.KEY_ENTER_Short_Press_Once_Msp  app_key.o
    0x08006780   0x08006780   0x0000013c   Code   RO          360    i.KEY_Init          app_key.o
    0x080068bc   0x080068bc   0x00000048   Code   RO          361    i.KEY_ReadEvent     app_key.o
    0x08006904   0x08006904   0x0000001c   Code   RO          362    i.KEY_Scan          app_key.o
    0x08006920   0x08006920   0x00000020   Code   RO          363    i.KEY_UP_Press_END_Msp  app_key.o
    0x08006940   0x08006940   0x00000010   Code   RO          364    i.KEY_UP_Read       app_key.o
    0x08006950   0x08006950   0x00000014   Code   RO          365    i.KEY_UP_Short_Press_Once_Msp  app_key.o
    0x08006964   0x08006964   0x00000014   Code   RO          366    i.KEY_UP_Short_Press_Repeat_Msp  app_key.o
    0x08006978   0x08006978   0x00000042   Code   RO          170    i.LCD_Address_Set   lcd.o
    0x080069ba   0x080069ba   0x00000024   Code   RO          171    i.LCD_BackLightCtrl  lcd.o
    0x080069de   0x080069de   0x0000001a   Code   RO          172    i.LCD_Delay         lcd.o
    0x080069f8   0x080069f8   0x00000274   Code   RO          174    i.LCD_DrawLine      lcd.o
    0x08006c6c   0x08006c6c   0x0000001c   Code   RO          175    i.LCD_DrawPoint     lcd.o
    0x08006c88   0x08006c88   0x00000048   Code   RO          176    i.LCD_DrawRectangle  lcd.o
    0x08006cd0   0x08006cd0   0x00000046   Code   RO          184    i.LCD_Fill          lcd.o
    0x08006d16   0x08006d16   0x00000002   PAD
    0x08006d18   0x08006d18   0x000002e0   Code   RO          185    i.LCD_Init          lcd.o
    0x08006ff8   0x08006ff8   0x00000028   Code   RO          186    i.LCD_Init_WR_Comm  lcd.o
    0x08007020   0x08007020   0x0000007a   Code   RO          187    i.LCD_Init_WR_DATA8  lcd.o
    0x0800709a   0x0800709a   0x00000002   PAD
    0x0800709c   0x0800709c   0x0000043c   Code   RO          494    i.LCD_MainInterfaceTask  app_system.o
    0x080074d8   0x080074d8   0x000001a0   Code   RO          188    i.LCD_ShowChar      lcd.o
    0x08007678   0x08007678   0x00000118   Code   RO          189    i.LCD_ShowChinese   lcd.o
    0x08007790   0x08007790   0x000000a0   Code   RO          190    i.LCD_ShowIntNum    lcd.o
    0x08007830   0x08007830   0x00000034   Code   RO          192    i.LCD_ShowString    lcd.o
    0x08007864   0x08007864   0x0000001c   Code   RO          193    i.LCD_WR_Comm       lcd.o
    0x08007880   0x08007880   0x00000012   Code   RO          194    i.LCD_WR_DATA16     lcd.o
    0x08007892   0x08007892   0x0000019a   Code   RO          195    i.LCD_WR_DATA8      lcd.o
    0x08007a2c   0x08007a2c   0x00000044   Code   RO         1593    i.LED_Ctrl          gpio_config.o
    0x08007a70   0x08007a70   0x0000001c   Code   RO          495    i.MainInterfaceDisplay  app_system.o
    0x08007a8c   0x08007a8c   0x000017f0   Code   RO          496    i.MainPageParamDisplayTask  app_system.o
    0x0800927c   0x0800927c   0x000004ae   Code   RO          497    i.MainPageRefreshScan  app_system.o
    0x0800972a   0x0800972a   0x00000002   PAD
    0x0800972c   0x0800972c   0x00000164   Code   RO          718    i.MenuCatalogMessagePrint  meterinterface.o
    0x08009890   0x08009890   0x0000031c   Code   RO          719    i.MenuExtraInformationDisplayTask  meterinterface.o
    0x08009bac   0x08009bac   0x00000070   Code   RO          720    i.MenuItemFrameEndCalcuate  meterinterface.o
    0x08009c1c   0x08009c1c   0x000003e0   Code   RO          721    i.Menu_Display      meterinterface.o
    0x08009ffc   0x08009ffc   0x000001c8   Code   RO          722    i.MeterInterfaceInit  meterinterface.o
    0x0800a1c4   0x0800a1c4   0x0000000c   Code   RO          723    i.MeterInterfaceKeyShield  meterinterface.o
    0x0800a1d0   0x0800a1d0   0x00000454   Code   RO          724    i.MeterInterfaceTask  meterinterface.o
    0x0800a624   0x0800a624   0x000000e0   Code   RO          725    i.MeterInterfaceTaskQuit  meterinterface.o
    0x0800a704   0x0800a704   0x000000d0   Code   RO         1516    i.MobudRtuInit      modbusrtu.o
    0x0800a7d4   0x0800a7d4   0x000000a0   Code   RO         1517    i.ModbusRTU_Task    modbusrtu.o
    0x0800a874   0x0800a874   0x000000ae   Code   RO         1518    i.Modbus_03H        modbusrtu.o
    0x0800a922   0x0800a922   0x00000030   Code   RO         1519    i.Modbus_06H        modbusrtu.o
    0x0800a952   0x0800a952   0x000000b4   Code   RO         1520    i.Modbus_10H        modbusrtu.o
    0x0800aa06   0x0800aa06   0x00000002   PAD
    0x0800aa08   0x0800aa08   0x00000040   Code   RO         1521    i.Modbus_16CRC      modbusrtu.o
    0x0800aa48   0x0800aa48   0x00000036   Code   RO          498    i.My_IntegerSplit   app_system.o
    0x0800aa7e   0x0800aa7e   0x0000001e   Code   RO          499    i.My_NumberCount    app_system.o
    0x0800aa9c   0x0800aa9c   0x0000001a   Code   RO          500    i.My_Pow            app_system.o
    0x0800aab6   0x0800aab6   0x00000002   Code   RO         1251    i.NMI_Handler       py32f072_it.o
    0x0800aab8   0x0800aab8   0x00000040   Code   RO         1594    i.NpnOut_Ctrl       gpio_config.o
    0x0800aaf8   0x0800aaf8   0x000000d4   Code   RO          667    i.OutputChannelCtrl_1  app_externaloutput.o
    0x0800abcc   0x0800abcc   0x000000d4   Code   RO          668    i.OutputChannelCtrl_2  app_externaloutput.o
    0x0800aca0   0x0800aca0   0x00000738   Code   RO          726    i.ParamSetCompensationValFuntion  meterinterface.o
    0x0800b3d8   0x0800b3d8   0x00000150   Code   RO          727    i.ParamSetEndDisplayPage  meterinterface.o
    0x0800b528   0x0800b528   0x000007f4   Code   RO          597    i.ParamSetInterfaceTask  app_paraminput.o
    0x0800bd1c   0x0800bd1c   0x000000a8   Code   RO          728    i.ParamSetMenuFuntion  meterinterface.o
    0x0800bdc4   0x0800bdc4   0x00000400   Code   RO          729    i.ParamSetOut1DelayTimeFuntion  meterinterface.o
    0x0800c1c4   0x0800c1c4   0x0000000c   Code   RO          730    i.ParamSetOut1Funtion  meterinterface.o
    0x0800c1d0   0x0800c1d0   0x00000498   Code   RO          731    i.ParamSetOut1LagValFuntion  meterinterface.o
    0x0800c668   0x0800c668   0x00000048   Code   RO          732    i.ParamSetOut1ModeFuntion  meterinterface.o
    0x0800c6b0   0x0800c6b0   0x00000088   Code   RO          733    i.ParamSetOut1ModeLagFuntion  meterinterface.o
    0x0800c738   0x0800c738   0x00000088   Code   RO          734    i.ParamSetOut1ModeOrdinaryFuntion  meterinterface.o
    0x0800c7c0   0x0800c7c0   0x00000088   Code   RO          735    i.ParamSetOut1ModeWindowFuntion  meterinterface.o
    0x0800c848   0x0800c848   0x000003c0   Code   RO          736    i.ParamSetOut1PeakValueFuntion  meterinterface.o
    0x0800cc08   0x0800cc08   0x000003b8   Code   RO          737    i.ParamSetOut1ThresholdValueFuntion  meterinterface.o
    0x0800cfc0   0x0800cfc0   0x000003c0   Code   RO          738    i.ParamSetOut1ValleyValueFuntion  meterinterface.o
    0x0800d380   0x0800d380   0x0000003c   Code   RO          739    i.ParamSetOut1WayFuntion  meterinterface.o
    0x0800d3bc   0x0800d3bc   0x00000088   Code   RO          740    i.ParamSetOut1WayNoReverseFuntion  meterinterface.o
    0x0800d444   0x0800d444   0x00000088   Code   RO          741    i.ParamSetOut1WayReverseFuntion  meterinterface.o
    0x0800d4cc   0x0800d4cc   0x00000400   Code   RO          742    i.ParamSetOut2DelayTimeFuntion  meterinterface.o
    0x0800d8cc   0x0800d8cc   0x0000000c   Code   RO          743    i.ParamSetOut2Funtion  meterinterface.o
    0x0800d8d8   0x0800d8d8   0x00000498   Code   RO          744    i.ParamSetOut2LagValFuntion  meterinterface.o
    0x0800dd70   0x0800dd70   0x00000048   Code   RO          745    i.ParamSetOut2ModeFuntion  meterinterface.o
    0x0800ddb8   0x0800ddb8   0x00000088   Code   RO          746    i.ParamSetOut2ModeLagFuntion  meterinterface.o
    0x0800de40   0x0800de40   0x00000088   Code   RO          747    i.ParamSetOut2ModeOrdinaryFuntion  meterinterface.o
    0x0800dec8   0x0800dec8   0x00000088   Code   RO          748    i.ParamSetOut2ModeWindowFuntion  meterinterface.o
    0x0800df50   0x0800df50   0x000003c0   Code   RO          749    i.ParamSetOut2PeakValueFuntion  meterinterface.o
    0x0800e310   0x0800e310   0x000003c8   Code   RO          750    i.ParamSetOut2ThresholdValueFuntion  meterinterface.o
    0x0800e6d8   0x0800e6d8   0x000003c0   Code   RO          751    i.ParamSetOut2ValleyValueFuntion  meterinterface.o
    0x0800ea98   0x0800ea98   0x0000003c   Code   RO          752    i.ParamSetOut2WayFuntion  meterinterface.o
    0x0800ead4   0x0800ead4   0x00000088   Code   RO          753    i.ParamSetOut2WayNoReverseFuntion  meterinterface.o
    0x0800eb5c   0x0800eb5c   0x00000088   Code   RO          754    i.ParamSetOut2WayReverseFuntion  meterinterface.o
    0x0800ebe4   0x0800ebe4   0x00000130   Code   RO          755    i.ParamSetRange10Funtion  meterinterface.o
    0x0800ed14   0x0800ed14   0x00000130   Code   RO          756    i.ParamSetRange1Funtion  meterinterface.o
    0x0800ee44   0x0800ee44   0x00000130   Code   RO          757    i.ParamSetRange2Funtion  meterinterface.o
    0x0800ef74   0x0800ef74   0x00000130   Code   RO          758    i.ParamSetRange3Funtion  meterinterface.o
    0x0800f0a4   0x0800f0a4   0x00000130   Code   RO          759    i.ParamSetRange4Funtion  meterinterface.o
    0x0800f1d4   0x0800f1d4   0x00000130   Code   RO          760    i.ParamSetRange5Funtion  meterinterface.o
    0x0800f304   0x0800f304   0x00000130   Code   RO          761    i.ParamSetRange6Funtion  meterinterface.o
    0x0800f434   0x0800f434   0x00000130   Code   RO          762    i.ParamSetRange7Funtion  meterinterface.o
    0x0800f564   0x0800f564   0x00000130   Code   RO          763    i.ParamSetRange8Funtion  meterinterface.o
    0x0800f694   0x0800f694   0x00000130   Code   RO          764    i.ParamSetRange9Funtion  meterinterface.o
    0x0800f7c4   0x0800f7c4   0x0000008c   Code   RO          765    i.ParamSetRangeFuntion  meterinterface.o
    0x0800f850   0x0800f850   0x0000001c   Code   RO          598    i.ParamSetTaskCreate  app_paraminput.o
    0x0800f86c   0x0800f86c   0x00000074   Code   RO          599    i.ParamSetTaskDelete  app_paraminput.o
    0x0800f8e0   0x0800f8e0   0x00000010   Code   RO          600    i.ParamSetTaskIdleQuery  app_paraminput.o
    0x0800f8f0   0x0800f8f0   0x00000010   Code   RO          601    i.ParamSetTaskReady  app_paraminput.o
    0x0800f900   0x0800f900   0x00000024   Code   RO          602    i.ParamSetTaskStart  app_paraminput.o
    0x0800f924   0x0800f924   0x0000003c   Code   RO          766    i.ParamSetUnitFuntion  meterinterface.o
    0x0800f960   0x0800f960   0x00000088   Code   RO          767    i.ParamSetUnitKpaFuntion  meterinterface.o
    0x0800f9e8   0x0800f9e8   0x00000088   Code   RO          768    i.ParamSetUnitMpaFuntion  meterinterface.o
    0x0800fa70   0x0800fa70   0x00000090   Code   RO          769    i.ParamSetZeroResetFuntion  meterinterface.o
    0x0800fb00   0x0800fb00   0x00000002   Code   RO         1252    i.PendSV_Handler    py32f072_it.o
    0x0800fb02   0x0800fb02   0x00000002   PAD
    0x0800fb04   0x0800fb04   0x0000001c   Code   RO          603    i.PressureParamIntputEnable  app_paraminput.o
    0x0800fb20   0x0800fb20   0x00000024   Code   RO          604    i.PressureParamIntputUnitRead  app_paraminput.o
    0x0800fb44   0x0800fb44   0x00000020   Code   RO          770    i.QuitMenuFuntion   meterinterface.o
    0x0800fb64   0x0800fb64   0x0000001c   Code   RO         3319    i.RCC_GetHSIFreq    py32f072_hal_rcc.o
    0x0800fb80   0x0800fb80   0x00000130   Code   RO          501    i.ResultCalculateTask  app_system.o
    0x0800fcb0   0x0800fcb0   0x00000002   Code   RO         1253    i.SVC_Handler       py32f072_it.o
    0x0800fcb2   0x0800fcb2   0x00000002   PAD
    0x0800fcb4   0x0800fcb4   0x00000404   Code   RO         1429    i.Sensor_Task       app_sensor.o
    0x080100b8   0x080100b8   0x00000020   Code   RO         1430    i.Set_CalibAD       app_sensor.o
    0x080100d8   0x080100d8   0x0000000c   Code   RO         1848    i.Set_Calib_WriteFlag  flash_config.o
    0x080100e4   0x080100e4   0x00000020   Code   RO         1431    i.Set_Extreme_Value  app_sensor.o
    0x08010104   0x08010104   0x00000020   Code   RO         1306    i.Set_JM1203_Set    app_jm1203.o
    0x08010124   0x08010124   0x00000044   Code   RO         1432    i.Set_Para          app_sensor.o
    0x08010168   0x08010168   0x00000020   Code   RO         1433    i.Set_PressureCal   app_sensor.o
    0x08010188   0x08010188   0x0000004c   Code   RO         1522    i.Set_UART_PARA     modbusrtu.o
    0x080101d4   0x080101d4   0x0000000a   Code   RO          502    i.ShortTimeTask     app_system.o
    0x080101de   0x080101de   0x00000002   PAD
    0x080101e0   0x080101e0   0x0000007c   Code   RO         1917    i.SysTick_Handler   timer_config.o
    0x0801025c   0x0801025c   0x000000ec   Code   RO         1976    i.SystemCoreClockUpdate  system_py32f072.o
    0x08010348   0x08010348   0x00000038   Code   RO         1977    i.SystemInit        system_py32f072.o
    0x08010380   0x08010380   0x0000000c   Code   RO          771    i.SystemSetCurrentsFuntion  meterinterface.o
    0x0801038c   0x0801038c   0x00000708   Code   RO          772    i.SystemSetFactoryResetFuntion  meterinterface.o
    0x08010a94   0x08010a94   0x000000f0   Code   RO          773    i.SystemSetFontColourBlueFuntion  meterinterface.o
    0x08010b84   0x08010b84   0x0000009c   Code   RO          774    i.SystemSetFontColourFuntion  meterinterface.o
    0x08010c20   0x08010c20   0x000000f0   Code   RO          775    i.SystemSetFontColourGreenFuntion  meterinterface.o
    0x08010d10   0x08010d10   0x000000f0   Code   RO          776    i.SystemSetFontColourOrangeFuntion  meterinterface.o
    0x08010e00   0x08010e00   0x000000f0   Code   RO          777    i.SystemSetFontColourVioletFuntion  meterinterface.o
    0x08010ef0   0x08010ef0   0x000000f0   Code   RO          778    i.SystemSetFontColourWhiteFuntion  meterinterface.o
    0x08010fe0   0x08010fe0   0x000000f0   Code   RO          779    i.SystemSetFontColourYellowFuntion  meterinterface.o
    0x080110d0   0x080110d0   0x000000b4   Code   RO          780    i.SystemSetLanguageChineseFuntion  meterinterface.o
    0x08011184   0x08011184   0x000000b4   Code   RO          781    i.SystemSetLanguageEnglishFuntion  meterinterface.o
    0x08011238   0x08011238   0x0000000c   Code   RO          782    i.SystemSetLanguageFuntion  meterinterface.o
    0x08011244   0x08011244   0x0000000c   Code   RO          783    i.SystemSetMenuFuntion  meterinterface.o
    0x08011250   0x08011250   0x0000000c   Code   RO          784    i.SystemSetOutput1Funtion  meterinterface.o
    0x0801125c   0x0801125c   0x00000098   Code   RO          785    i.SystemSetOutput1TestCloseFuntion  meterinterface.o
    0x080112f4   0x080112f4   0x00000098   Code   RO          786    i.SystemSetOutput1TestOpenFuntion  meterinterface.o
    0x0801138c   0x0801138c   0x0000000c   Code   RO          787    i.SystemSetOutput2Funtion  meterinterface.o
    0x08011398   0x08011398   0x00000098   Code   RO          788    i.SystemSetOutput2TestCloseFuntion  meterinterface.o
    0x08011430   0x08011430   0x00000098   Code   RO          789    i.SystemSetOutput2TestOpenFuntion  meterinterface.o
    0x080114c8   0x080114c8   0x0000002c   Code   RO          790    i.SystemSetOutputTestFuntion  meterinterface.o
    0x080114f4   0x080114f4   0x00000380   Code   RO          791    i.SystemSetVersionFuntion  meterinterface.o
    0x08011874   0x08011874   0x00000498   Code   RO          503    i.SystemTask        app_system.o
    0x08011d0c   0x08011d0c   0x0000002a   Code   RO          504    i.System_DeviceInit  app_system.o
    0x08011d36   0x08011d36   0x00000002   PAD
    0x08011d38   0x08011d38   0x000005b0   Code   RO          505    i.System_ParameterReset  app_system.o
    0x080122e8   0x080122e8   0x00000090   Code   RO         3888    i.TIM_Base_SetConfig  py32f072_hal_tim.o
    0x08012378   0x08012378   0x00000022   Code   RO         3889    i.TIM_CCxChannelCmd  py32f072_hal_tim.o
    0x0801239a   0x0801239a   0x00000002   PAD
    0x0801239c   0x0801239c   0x000000a8   Code   RO         3901    i.TIM_OC1_SetConfig  py32f072_hal_tim.o
    0x08012444   0x08012444   0x000000b8   Code   RO         3902    i.TIM_OC2_SetConfig  py32f072_hal_tim.o
    0x080124fc   0x080124fc   0x000000b4   Code   RO         3903    i.TIM_OC3_SetConfig  py32f072_hal_tim.o
    0x080125b0   0x080125b0   0x00000080   Code   RO         3904    i.TIM_OC4_SetConfig  py32f072_hal_tim.o
    0x08012630   0x08012630   0x0000000c   Code   RO         1523    i.TTL_RxCallbackMsp  modbusrtu.o
    0x0801263c   0x0801263c   0x00000050   Code   RO         1918    i.TimerTaskCreate   timer_config.o
    0x0801268c   0x0801268c   0x00000040   Code   RO         1919    i.TimerTaskDelete   timer_config.o
    0x080126cc   0x080126cc   0x00000078   Code   RO         1920    i.TimerTaskHandle   timer_config.o
    0x08012744   0x08012744   0x00000010   Code   RO         1922    i.Timer_Init        timer_config.o
    0x08012754   0x08012754   0x00000038   Code   RO         4778    i.UART_AdvFeatureConfig  py32f072_hal_uart.o
    0x0801278c   0x0801278c   0x000000b4   Code   RO         1624    i.UART_Bsp_Init     uart_config.o
    0x08012840   0x08012840   0x0000001c   Code   RO         1627    i.UART_InitAll      uart_config.o
    0x0801285c   0x0801285c   0x00000056   Code   RO         1628    i.UART_ReadData     uart_config.o
    0x080128b2   0x080128b2   0x00000002   PAD
    0x080128b4   0x080128b4   0x0000001c   Code   RO         1629    i.UART_RxCallBackAdd  uart_config.o
    0x080128d0   0x080128d0   0x0000003c   Code   RO         1630    i.UART_SendData     uart_config.o
    0x0801290c   0x0801290c   0x000001a4   Code   RO         4793    i.UART_SetConfig    py32f072_hal_uart.o
    0x08012ab0   0x08012ab0   0x00000002   Code   RO         1524    i.UInt32ToFloat     modbusrtu.o
    0x08012ab2   0x08012ab2   0x00000002   PAD
    0x08012ab4   0x08012ab4   0x00000140   Code   RO         1632    i.USART2_IRQHandler  uart_config.o
    0x08012bf4   0x08012bf4   0x00000064   Code   RO         1633    i.UartGetRxFifoLength  uart_config.o
    0x08012c58   0x08012c58   0x00000064   Code   RO         1634    i.UartGetTxFifoLength  uart_config.o
    0x08012cbc   0x08012cbc   0x000000c8   Code   RO         1635    i.UartReadFromFifo  uart_config.o
    0x08012d84   0x08012d84   0x0000004c   Code   RO         1636    i.UartStartTx       uart_config.o
    0x08012dd0   0x08012dd0   0x00000094   Code   RO         1637    i.UartWriteFromFifo  uart_config.o
    0x08012e64   0x08012e64   0x0000001c   Code   RO          479    i.__ARM_common_switch8  app_key.o
    0x08012e80   0x08012e80   0x00000078   Code   RO         2516    i.__NVIC_SetPriority  py32f072_hal_cortex.o
    0x08012ef8   0x08012ef8   0x00000050   Code   RO            5    i.main              main.o
    0x08012f48   0x08012f48   0x0000001a   Code   RO          196    i.mypow             lcd.o
    0x08012f62   0x08012f62   0x00000002   PAD
    0x08012f64   0x08012f64   0x0000009c   Code   RO         5181    i.round             m_ps.l(round.o)
    0x08013000   0x08013000   0x00000064   Code   RO         5199    x$fpl$dleqf         fz_ps.l(dlef.o)
    0x08013064   0x08013064   0x00000068   Code   RO         5201    x$fpl$drleqf        fz_ps.l(drlef.o)
    0x080130cc   0x080130cc   0x0000008c   Code   RO         5164    x$fpl$fadd          fz_ps.l(faddsub.o)
    0x08013158   0x08013158   0x000000b0   Code   RO         5179    x$fpl$fmul          fz_ps.l(fmul.o)
    0x08013208   0x08013208   0x00000018   Code   RO         5165    x$fpl$frsb          fz_ps.l(faddsub.o)
    0x08013220   0x08013220   0x000000d0   Code   RO         5166    x$fpl$fsub          fz_ps.l(faddsub.o)
    0x080132f0   0x080132f0   0x00000000   Code   RO         5207    x$fpl$usenofp       fz_ps.l(usenofp.o)
    0x080132f0   0x080132f0   0x00008c7c   Data   RO          197    .constdata          lcd.o
    0x0801bf6c   0x0801bf6c   0x00000080   Data   RO         1978    .constdata          system_py32f072.o
    0x0801bfec   0x0801bfec   0x00000020   Data   RO         2815    .constdata          py32f072_hal_flash.o
    0x0801c00c   0x0801c00c   0x00000034   Data   RO         3320    .constdata          py32f072_hal_rcc.o
    0x0801c040   0x0801c040   0x00000014   Data   RO         3419    .constdata          py32f072_hal_rcc_ex.o
    0x0801c054   0x0801c054   0x00000080   Data   RO         5154    .constdata          fz_ps.l(ddiv.o)
    0x0801c0d4   0x0801c0d4   0x00000040   Data   RO         5171    .constdata          fz_ps.l(fdiv.o)
    0x0801c114   0x0801c114   0x000002dd   Data   RO          793    .conststring        meterinterface.o
    0x0801c3f1   0x0801c3f1   0x00000003   PAD
    0x0801c3f4   0x0801c3f4   0x00000020   Data   RO         5380    Region$$Table       anon$$obj.o


    Execution Region RW_IRAM1 (Exec base: 0x20000000, Load base: 0x0801c414, Size: 0x00002010, Max: 0x00004000, ABSOLUTE, COMPRESSED[0x00000588])

    Exec Addr    Load Addr    Size         Type   Attr      Idx    E Section Name        Object

    0x20000000   COMPRESSED   0x00000008   Data   RW          368    .data               app_key.o
    0x20000008   COMPRESSED   0x00000074   Data   RW          506    .data               app_system.o
    0x2000007c   COMPRESSED   0x0000001c   Data   RW          605    .data               app_paraminput.o
    0x20000098   COMPRESSED   0x00000040   Data   RW          669    .data               app_externaloutput.o
    0x200000d8   COMPRESSED   0x000010cd   Data   RW          794    .data               meterinterface.o
    0x200011a5   COMPRESSED   0x00000003   PAD
    0x200011a8   COMPRESSED   0x0000001f   Data   RW         1308    .data               app_jm1203.o
    0x200011c7   COMPRESSED   0x00000001   PAD
    0x200011c8   COMPRESSED   0x00000002   Data   RW         1395    .data               app_modreg.o
    0x200011ca   COMPRESSED   0x00000002   PAD
    0x200011cc   COMPRESSED   0x00000014   Data   RW         1435    .data               app_sensor.o
    0x200011e0   COMPRESSED   0x00000008   Data   RW         1526    .data               modbusrtu.o
    0x200011e8   COMPRESSED   0x00000020   Data   RW         1639    .data               uart_config.o
    0x20001208   COMPRESSED   0x00000014   Data   RW         1727    .data               adc_config.o
    0x2000121c   COMPRESSED   0x00000004   PAD
    0x20001220   COMPRESSED   0x00000010   Data   RW         1779    .data               pwm_config.o
    0x20001230   COMPRESSED   0x00000008   Data   RW         1850    .data               flash_config.o
    0x20001238   COMPRESSED   0x00000008   Data   RW         1924    .data               timer_config.o
    0x20001240   COMPRESSED   0x00000004   Data   RW         1979    .data               system_py32f072.o
    0x20001244   COMPRESSED   0x0000000c   Data   RW         2046    .data               py32f072_hal.o
    0x20001250        -       0x0000006c   Zero   RW          367    .bss                app_key.o
    0x200012bc   COMPRESSED   0x00000004   PAD
    0x200012c0        -       0x000000a8   Zero   RW          792    .bss                meterinterface.o
    0x20001368        -       0x0000000a   Zero   RW         1307    .bss                app_jm1203.o
    0x20001372   COMPRESSED   0x00000002   PAD
    0x20001374        -       0x00000114   Zero   RW         1434    .bss                app_sensor.o
    0x20001488        -       0x00000080   Zero   RW         1525    .bss                modbusrtu.o
    0x20001508        -       0x000000cc   Zero   RW         1638    .bss                uart_config.o
    0x200015d4        -       0x00000054   Zero   RW         1726    .bss                adc_config.o
    0x20001628        -       0x0000005c   Zero   RW         1778    .bss                pwm_config.o
    0x20001684        -       0x0000044c   Zero   RW         1849    .bss                flash_config.o
    0x20001ad0        -       0x000000c8   Zero   RW         1923    .bss                timer_config.o
    0x20001b98        -       0x00000018   Zero   RW         2814    .bss                py32f072_hal_flash.o
    0x20001bb0        -       0x00000060   Zero   RW         5253    .bss                c_p.l(libspace.o)
    0x20001c10        -       0x00000000   Zero   RW         2008    HEAP                startup_py32f072xx.o
    0x20001c10        -       0x00000400   Zero   RW         2007    STACK               startup_py32f072xx.o


==============================================================================

Image component sizes


      Code (inc. data)   RO Data    RW Data    ZI Data      Debug   Object Name

       800         64          0         20         84       4027   adc_config.o
      1452         50          0         64          0       4595   app_externaloutput.o
      1194        122          0         31         10       9159   app_jm1203.o
      1458        148          0          8        108      11872   app_key.o
       924          8          0          2          0       2218   app_modreg.o
      2312        136          0         28          0       6804   app_paraminput.o
      1472        154          0         20        276       8338   app_sensor.o
     11616        544          0        116          0      15529   app_system.o
      1688        106          0          8       1100       6655   flash_config.o
       288         14          0          0          0       1937   gpio_config.o
      3214         56      35964          0          0      15368   lcd.o
       308         26          0          0          0     402139   main.o
     30988       2276        733       4301        168      58500   meterinterface.o
       950         54          0          8        128       7204   modbusrtu.o
       308         46          0         16         92       2785   pwm_config.o
       202         34          0         12          0       3749   py32f072_hal.o
      1368         46          0          0          0       5375   py32f072_hal_adc.o
       300          6          0          0          0       1438   py32f072_hal_adc_ex.o
       222         26          0          0          0       9797   py32f072_hal_cortex.o
      1348         98         32          0         24      19071   py32f072_hal_flash.o
       720         28          0          0          0       2958   py32f072_hal_gpio.o
        88         12          0          0          0       1104   py32f072_hal_iwdg.o
       546         34          0          0          0       3542   py32f072_hal_msp.o
       336         10          0          0          0       3418   py32f072_hal_opa.o
      2380        100         52          0          0       6089   py32f072_hal_rcc.o
      1480         30         20          0          0       2969   py32f072_hal_rcc_ex.o
      1342        102          0          0          0       7958   py32f072_hal_tim.o
       680          6          0          0          0       3431   py32f072_hal_uart.o
        10          0          0          0          0       1697   py32f072_it.o
        52         22        192          0       1024        620   startup_py32f072xx.o
       292         40        128          4          0       1876   system_py32f072.o
       416         40          0          8        200       3878   timer_config.o
      1326         70          0         32        204       7700   uart_config.o

    ----------------------------------------------------------------------
     72120       4508      37156       4688       3424     643800   Object Totals
         0          0         32          0          0          0   (incl. Generated)
        40          0          3         10          6          0   (incl. Padding)

    ----------------------------------------------------------------------

      Code (inc. data)   RO Data    RW Data    ZI Data      Debug   Library Member Name

        60          6          0          0          0         92   __2snprintf.o
        86          0          0          0          0          0   __dczerorl2.o
         8          0          0          0          0         68   __main.o
       108          0          0          0          0         76   __printf.o
         0          0          0          0          0          0   __rtentry.o
        12          0          0          0          0          0   __rtentry2.o
         6          0          0          0          0          0   __rtentry4.o
        60          8          0          0          0          0   __scatter.o
        28          0          0          0          0          0   __scatter_zi.o
        48          6          0          0          0         88   _printf_char_common.o
        10          0          0          0          0          0   _printf_d.o
       108         18          0          0          0         76   _printf_dec.o
       176          0          0          0          0         84   _printf_intcommon.o
         2          0          0          0          0          0   _printf_percent.o
         4          0          0          0          0          0   _printf_percent_end.o
        16          0          0          0          0         60   _snputc.o
        10          0          0          0          0         60   _sputc.o
       346          0          0          0          0         92   aeabi_sdiv.o
        16          0          0          0          0         68   exit.o
         6          0          0          0          0        136   heapauxi.o
         0          0          0          0          0          0   indicate_semi.o
         2          0          0          0          0          0   libinit.o
         2          0          0          0          0          0   libinit2.o
         2          0          0          0          0          0   libshutdown.o
         2          0          0          0          0          0   libshutdown2.o
         8          4          0          0         96         68   libspace.o
        64          0          0          0          0        108   rt_memclr.o
        56          0          0          0          0         68   rt_memcpy.o
         2          0          0          0          0          0   rtexit.o
        10          0          0          0          0          0   rtexit2.o
        40          0          0          0          0         60   rtudiv10.o
        12          4          0          0          0         60   sys_exit.o
        62          0          0          0          0         80   sys_stackheap_outer.o
         2          0          0          0          0         68   use_no_semi.o
        46          0          0          0          0         60   cmpret.o
       124          4          0          0          0         72   d2f.o
       856         20          0          0          0        208   daddsub.o
       144          4          0          0          0         76   dcmpin.o
      1096         26        128          0          0        112   ddiv.o
        72          4          0          0          0         68   dfixui.o
        88          0          0          0          0         92   dflti.o
       100          4          0          0          0         92   dlef.o
       584         26          0          0          0         84   dmul.o
        20          6          0          0          0         68   dnan2.o
       104          4          0          0          0        104   drlef.o
       240          8          0          0          0         76   drnd.o
        84          4          0          0          0         60   f2d.o
       372          8          0          0          0        240   faddsub.o
       352         10         64          0          0         92   fdiv.o
        76          0          0          0          0         68   ffixi.o
        94          0          0          0          0         92   fflti.o
       176          4          0          0          0         80   fmul.o
        94          0          0          0          0         68   retnan.o
         0          0          0          0          0          0   usenofp.o
       156         14          0          0          0         84   round.o

    ----------------------------------------------------------------------
      6264        192        192          0         96       3308   Library Totals
        12          0          0          0          0          0   (incl. Padding)

    ----------------------------------------------------------------------

      Code (inc. data)   RO Data    RW Data    ZI Data      Debug   Library Name

      1374         46          0          0         96       1412   c_p.l
      4722        132        192          0          0       1812   fz_ps.l
       156         14          0          0          0         84   m_ps.l

    ----------------------------------------------------------------------
      6264        192        192          0         96       3308   Library Totals

    ----------------------------------------------------------------------

==============================================================================


      Code (inc. data)   RO Data    RW Data    ZI Data      Debug   

     78384       4700      37348       4688       3520     632788   Grand Totals
     78384       4700      37348       1416       3520     632788   ELF Image Totals (compressed)
     78384       4700      37348       1416          0          0   ROM Totals

==============================================================================

    Total RO  Size (Code + RO Data)               115732 ( 113.02kB)
    Total RW  Size (RW Data + ZI Data)              8208 (   8.02kB)
    Total ROM Size (Code + RO Data + RW Data)     117148 ( 114.40kB)

==============================================================================

