<!doctype html public "-//w3c//dtd html 4.0 transitional//en">
<html><head>
<title>Static Call Graph - [.\Objects\LCD_PressureGage.axf]</title></head>
<body><HR>
<H1>Static Call Graph for image .\Objects\LCD_PressureGage.axf</H1><HR>
<BR><P>#&#060CALLGRAPH&#062# ARM Linker, 5060528: Last Updated: Fri Apr 17 10:33:15 2026
<BR><P>
<H3>Maximum Stack Usage =        248 bytes + Unknown(Functions without stacksize, Cycles, Untraceable Function Pointers)</H3><H3>
Call chain for Maximum Stack Depth:</H3>
__rt_entry_main &rArr; main &rArr; SystemTask &rArr; MainPageParamDisplayTask &rArr; LCD_ShowIntNum &rArr; LCD_ShowChar &rArr; LCD_DrawPoint &rArr; LCD_Address_Set &rArr; LCD_WR_DATA16
<P>
<H3>
Functions with no stack information
</H3><UL>
 <LI><a href="#[b9]">__user_initial_stackheap</a>
</UL>
</UL>
<P>
<H3>
Mutually Recursive functions
</H3> <LI><a href="#[5c]">ADC_COMP_IRQHandler</a>&nbsp;&nbsp;&nbsp;&rArr;&nbsp;&nbsp;&nbsp;<a href="#[5c]">ADC_COMP_IRQHandler</a><BR>
</UL>
<P>
<H3>
Function Pointers
</H3><UL>
 <LI><a href="#[5c]">ADC_COMP_IRQHandler</a> from startup_py32f072xx.o(.text) referenced from startup_py32f072xx.o(RESET)
 <LI><a href="#[6e]">CAN_IRQHandler</a> from startup_py32f072xx.o(.text) referenced from startup_py32f072xx.o(RESET)
 <LI><a href="#[49]">CurrentsCalibration_20mAFuntion</a> from meterinterface.o(i.CurrentsCalibration_20mAFuntion) referenced 2 times from meterinterface.o(.data)
 <LI><a href="#[48]">CurrentsCalibration_4mAFuntion</a> from meterinterface.o(i.CurrentsCalibration_4mAFuntion) referenced 2 times from meterinterface.o(.data)
 <LI><a href="#[59]">DMA1_Channel1_IRQHandler</a> from startup_py32f072xx.o(.text) referenced from startup_py32f072xx.o(RESET)
 <LI><a href="#[5a]">DMA1_Channel2_3_IRQHandler</a> from startup_py32f072xx.o(.text) referenced from startup_py32f072xx.o(RESET)
 <LI><a href="#[5b]">DMA1_Channel4_5_6_7_IRQHandler</a> from startup_py32f072xx.o(.text) referenced from startup_py32f072xx.o(RESET)
 <LI><a href="#[55]">EXTI0_1_IRQHandler</a> from startup_py32f072xx.o(.text) referenced from startup_py32f072xx.o(RESET)
 <LI><a href="#[56]">EXTI2_3_IRQHandler</a> from startup_py32f072xx.o(.text) referenced from startup_py32f072xx.o(RESET)
 <LI><a href="#[57]">EXTI4_15_IRQHandler</a> from startup_py32f072xx.o(.text) referenced from startup_py32f072xx.o(RESET)
 <LI><a href="#[53]">FLASH_IRQHandler</a> from startup_py32f072xx.o(.text) referenced from startup_py32f072xx.o(RESET)
 <LI><a href="#[4c]">HardFault_Handler</a> from py32f072_it.o(i.HardFault_Handler) referenced from startup_py32f072xx.o(RESET)
 <LI><a href="#[67]">I2C1_IRQHandler</a> from startup_py32f072xx.o(.text) referenced from startup_py32f072xx.o(RESET)
 <LI><a href="#[68]">I2C2_IRQHandler</a> from startup_py32f072xx.o(.text) referenced from startup_py32f072xx.o(RESET)
 <LI><a href="#[7f]">KEY_DOWN_Press_END_Msp</a> from app_key.o(i.KEY_DOWN_Press_END_Msp) referenced from app_key.o(i.KEY_Init)
 <LI><a href="#[76]">KEY_DOWN_Read</a> from app_key.o(i.KEY_DOWN_Read) referenced from app_key.o(i.KEY_Init)
 <LI><a href="#[79]">KEY_DOWN_Short_Press_Once_Msp</a> from app_key.o(i.KEY_DOWN_Short_Press_Once_Msp) referenced from app_key.o(i.KEY_Init)
 <LI><a href="#[7b]">KEY_DOWN_Short_Press_Repeat_Msp</a> from app_key.o(i.KEY_DOWN_Short_Press_Repeat_Msp) referenced from app_key.o(i.KEY_Init)
 <LI><a href="#[7c]">KEY_ENTER_Long_Press_Once_Msp</a> from app_key.o(i.KEY_ENTER_Long_Press_Once_Msp) referenced from app_key.o(i.KEY_Init)
 <LI><a href="#[7e]">KEY_ENTER_Press_END_Msp</a> from app_key.o(i.KEY_ENTER_Press_END_Msp) referenced from app_key.o(i.KEY_Init)
 <LI><a href="#[75]">KEY_ENTER_Read</a> from app_key.o(i.KEY_ENTER_Read) referenced from app_key.o(i.KEY_Init)
 <LI><a href="#[78]">KEY_ENTER_Short_Press_Once_Msp</a> from app_key.o(i.KEY_ENTER_Short_Press_Once_Msp) referenced from app_key.o(i.KEY_Init)
 <LI><a href="#[7d]">KEY_UP_Press_END_Msp</a> from app_key.o(i.KEY_UP_Press_END_Msp) referenced from app_key.o(i.KEY_Init)
 <LI><a href="#[74]">KEY_UP_Read</a> from app_key.o(i.KEY_UP_Read) referenced from app_key.o(i.KEY_Init)
 <LI><a href="#[77]">KEY_UP_Short_Press_Once_Msp</a> from app_key.o(i.KEY_UP_Short_Press_Once_Msp) referenced from app_key.o(i.KEY_Init)
 <LI><a href="#[7a]">KEY_UP_Short_Press_Repeat_Msp</a> from app_key.o(i.KEY_UP_Short_Press_Repeat_Msp) referenced from app_key.o(i.KEY_Init)
 <LI><a href="#[58]">LCD_IRQHandler</a> from startup_py32f072xx.o(.text) referenced from startup_py32f072xx.o(RESET)
 <LI><a href="#[84]">LCD_MainInterfaceTask</a> from app_system.o(i.LCD_MainInterfaceTask) referenced from app_system.o(i.SystemTask)
 <LI><a href="#[4b]">NMI_Handler</a> from py32f072_it.o(i.NMI_Handler) referenced from startup_py32f072xx.o(RESET)
 <LI><a href="#[5]">OutputChannelCtrl_1</a> from app_externaloutput.o(i.OutputChannelCtrl_1) referenced 2 times from app_externaloutput.o(.data)
 <LI><a href="#[6]">OutputChannelCtrl_2</a> from app_externaloutput.o(i.OutputChannelCtrl_2) referenced 2 times from app_externaloutput.o(.data)
 <LI><a href="#[51]">PVD_IRQHandler</a> from startup_py32f072xx.o(.text) referenced from startup_py32f072xx.o(RESET)
 <LI><a href="#[e]">ParamSetCompensationValFuntion</a> from meterinterface.o(i.ParamSetCompensationValFuntion) referenced 4 times from meterinterface.o(.data)
 <LI><a href="#[81]">ParamSetInterfaceTask</a> from app_paraminput.o(i.ParamSetInterfaceTask) referenced from app_paraminput.o(i.ParamSetTaskCreate)
 <LI><a href="#[7]">ParamSetMenuFuntion</a> from meterinterface.o(i.ParamSetMenuFuntion) referenced 2 times from meterinterface.o(.data)
 <LI><a href="#[1f]">ParamSetOut1DelayTimeFuntion</a> from meterinterface.o(i.ParamSetOut1DelayTimeFuntion) referenced 2 times from meterinterface.o(.data)
 <LI><a href="#[b]">ParamSetOut1Funtion</a> from meterinterface.o(i.ParamSetOut1Funtion) referenced 4 times from meterinterface.o(.data)
 <LI><a href="#[1e]">ParamSetOut1LagValFuntion</a> from meterinterface.o(i.ParamSetOut1LagValFuntion) referenced 2 times from meterinterface.o(.data)
 <LI><a href="#[1a]">ParamSetOut1ModeFuntion</a> from meterinterface.o(i.ParamSetOut1ModeFuntion) referenced 2 times from meterinterface.o(.data)
 <LI><a href="#[2b]">ParamSetOut1ModeLagFuntion</a> from meterinterface.o(i.ParamSetOut1ModeLagFuntion) referenced 2 times from meterinterface.o(.data)
 <LI><a href="#[2a]">ParamSetOut1ModeOrdinaryFuntion</a> from meterinterface.o(i.ParamSetOut1ModeOrdinaryFuntion) referenced 2 times from meterinterface.o(.data)
 <LI><a href="#[2c]">ParamSetOut1ModeWindowFuntion</a> from meterinterface.o(i.ParamSetOut1ModeWindowFuntion) referenced 2 times from meterinterface.o(.data)
 <LI><a href="#[1c]">ParamSetOut1PeakValueFuntion</a> from meterinterface.o(i.ParamSetOut1PeakValueFuntion) referenced 2 times from meterinterface.o(.data)
 <LI><a href="#[1b]">ParamSetOut1ThresholdValueFuntion</a> from meterinterface.o(i.ParamSetOut1ThresholdValueFuntion) referenced 2 times from meterinterface.o(.data)
 <LI><a href="#[1d]">ParamSetOut1ValleyValueFuntion</a> from meterinterface.o(i.ParamSetOut1ValleyValueFuntion) referenced 2 times from meterinterface.o(.data)
 <LI><a href="#[20]">ParamSetOut1WayFuntion</a> from meterinterface.o(i.ParamSetOut1WayFuntion) referenced 2 times from meterinterface.o(.data)
 <LI><a href="#[2d]">ParamSetOut1WayNoReverseFuntion</a> from meterinterface.o(i.ParamSetOut1WayNoReverseFuntion) referenced 2 times from meterinterface.o(.data)
 <LI><a href="#[2e]">ParamSetOut1WayReverseFuntion</a> from meterinterface.o(i.ParamSetOut1WayReverseFuntion) referenced 2 times from meterinterface.o(.data)
 <LI><a href="#[26]">ParamSetOut2DelayTimeFuntion</a> from meterinterface.o(i.ParamSetOut2DelayTimeFuntion) referenced 2 times from meterinterface.o(.data)
 <LI><a href="#[c]">ParamSetOut2Funtion</a> from meterinterface.o(i.ParamSetOut2Funtion) referenced 4 times from meterinterface.o(.data)
 <LI><a href="#[25]">ParamSetOut2LagValFuntion</a> from meterinterface.o(i.ParamSetOut2LagValFuntion) referenced 2 times from meterinterface.o(.data)
 <LI><a href="#[21]">ParamSetOut2ModeFuntion</a> from meterinterface.o(i.ParamSetOut2ModeFuntion) referenced 2 times from meterinterface.o(.data)
 <LI><a href="#[30]">ParamSetOut2ModeLagFuntion</a> from meterinterface.o(i.ParamSetOut2ModeLagFuntion) referenced 2 times from meterinterface.o(.data)
 <LI><a href="#[2f]">ParamSetOut2ModeOrdinaryFuntion</a> from meterinterface.o(i.ParamSetOut2ModeOrdinaryFuntion) referenced 2 times from meterinterface.o(.data)
 <LI><a href="#[31]">ParamSetOut2ModeWindowFuntion</a> from meterinterface.o(i.ParamSetOut2ModeWindowFuntion) referenced 2 times from meterinterface.o(.data)
 <LI><a href="#[23]">ParamSetOut2PeakValueFuntion</a> from meterinterface.o(i.ParamSetOut2PeakValueFuntion) referenced 2 times from meterinterface.o(.data)
 <LI><a href="#[22]">ParamSetOut2ThresholdValueFuntion</a> from meterinterface.o(i.ParamSetOut2ThresholdValueFuntion) referenced 2 times from meterinterface.o(.data)
 <LI><a href="#[24]">ParamSetOut2ValleyValueFuntion</a> from meterinterface.o(i.ParamSetOut2ValleyValueFuntion) referenced 2 times from meterinterface.o(.data)
 <LI><a href="#[27]">ParamSetOut2WayFuntion</a> from meterinterface.o(i.ParamSetOut2WayFuntion) referenced 2 times from meterinterface.o(.data)
 <LI><a href="#[32]">ParamSetOut2WayNoReverseFuntion</a> from meterinterface.o(i.ParamSetOut2WayNoReverseFuntion) referenced 2 times from meterinterface.o(.data)
 <LI><a href="#[33]">ParamSetOut2WayReverseFuntion</a> from meterinterface.o(i.ParamSetOut2WayReverseFuntion) referenced 2 times from meterinterface.o(.data)
 <LI><a href="#[19]">ParamSetRange10Funtion</a> from meterinterface.o(i.ParamSetRange10Funtion) referenced 2 times from meterinterface.o(.data)
 <LI><a href="#[10]">ParamSetRange1Funtion</a> from meterinterface.o(i.ParamSetRange1Funtion) referenced 2 times from meterinterface.o(.data)
 <LI><a href="#[11]">ParamSetRange2Funtion</a> from meterinterface.o(i.ParamSetRange2Funtion) referenced 2 times from meterinterface.o(.data)
 <LI><a href="#[12]">ParamSetRange3Funtion</a> from meterinterface.o(i.ParamSetRange3Funtion) referenced 2 times from meterinterface.o(.data)
 <LI><a href="#[13]">ParamSetRange4Funtion</a> from meterinterface.o(i.ParamSetRange4Funtion) referenced 2 times from meterinterface.o(.data)
 <LI><a href="#[14]">ParamSetRange5Funtion</a> from meterinterface.o(i.ParamSetRange5Funtion) referenced 2 times from meterinterface.o(.data)
 <LI><a href="#[15]">ParamSetRange6Funtion</a> from meterinterface.o(i.ParamSetRange6Funtion) referenced 2 times from meterinterface.o(.data)
 <LI><a href="#[16]">ParamSetRange7Funtion</a> from meterinterface.o(i.ParamSetRange7Funtion) referenced 2 times from meterinterface.o(.data)
 <LI><a href="#[17]">ParamSetRange8Funtion</a> from meterinterface.o(i.ParamSetRange8Funtion) referenced 2 times from meterinterface.o(.data)
 <LI><a href="#[18]">ParamSetRange9Funtion</a> from meterinterface.o(i.ParamSetRange9Funtion) referenced 2 times from meterinterface.o(.data)
 <LI><a href="#[a]">ParamSetRangeFuntion</a> from meterinterface.o(i.ParamSetRangeFuntion) referenced 2 times from meterinterface.o(.data)
 <LI><a href="#[d]">ParamSetUnitFuntion</a> from meterinterface.o(i.ParamSetUnitFuntion) referenced 4 times from meterinterface.o(.data)
 <LI><a href="#[29]">ParamSetUnitKpaFuntion</a> from meterinterface.o(i.ParamSetUnitKpaFuntion) referenced 2 times from meterinterface.o(.data)
 <LI><a href="#[28]">ParamSetUnitMpaFuntion</a> from meterinterface.o(i.ParamSetUnitMpaFuntion) referenced 2 times from meterinterface.o(.data)
 <LI><a href="#[f]">ParamSetZeroResetFuntion</a> from meterinterface.o(i.ParamSetZeroResetFuntion) referenced 4 times from meterinterface.o(.data)
 <LI><a href="#[4e]">PendSV_Handler</a> from py32f072_it.o(i.PendSV_Handler) referenced from startup_py32f072xx.o(RESET)
 <LI><a href="#[9]">QuitMenuFuntion</a> from meterinterface.o(i.QuitMenuFuntion) referenced 36 times from meterinterface.o(.data)
 <LI><a href="#[54]">RCC_IRQHandler</a> from startup_py32f072xx.o(.text) referenced from startup_py32f072xx.o(RESET)
 <LI><a href="#[52]">RTC_IRQHandler</a> from startup_py32f072xx.o(.text) referenced from startup_py32f072xx.o(RESET)
 <LI><a href="#[4a]">Reset_Handler</a> from startup_py32f072xx.o(.text) referenced from startup_py32f072xx.o(RESET)
 <LI><a href="#[83]">ResultCalculateTask</a> from app_system.o(i.ResultCalculateTask) referenced from app_system.o(i.SystemTask)
 <LI><a href="#[69]">SPI1_IRQHandler</a> from startup_py32f072xx.o(.text) referenced from startup_py32f072xx.o(RESET)
 <LI><a href="#[6a]">SPI2_IRQHandler</a> from startup_py32f072xx.o(.text) referenced from startup_py32f072xx.o(RESET)
 <LI><a href="#[4d]">SVC_Handler</a> from py32f072_it.o(i.SVC_Handler) referenced from startup_py32f072xx.o(RESET)
 <LI><a href="#[82]">ShortTimeTask</a> from app_system.o(i.ShortTimeTask) referenced from app_system.o(i.SystemTask)
 <LI><a href="#[4f]">SysTick_Handler</a> from timer_config.o(i.SysTick_Handler) referenced from startup_py32f072xx.o(RESET)
 <LI><a href="#[70]">SystemInit</a> from system_py32f072.o(i.SystemInit) referenced from startup_py32f072xx.o(.text)
 <LI><a href="#[36]">SystemSetCurrentsFuntion</a> from meterinterface.o(i.SystemSetCurrentsFuntion) referenced 2 times from meterinterface.o(.data)
 <LI><a href="#[38]">SystemSetFactoryResetFuntion</a> from meterinterface.o(i.SystemSetFactoryResetFuntion) referenced 2 times from meterinterface.o(.data)
 <LI><a href="#[43]">SystemSetFontColourBlueFuntion</a> from meterinterface.o(i.SystemSetFontColourBlueFuntion) referenced 2 times from meterinterface.o(.data)
 <LI><a href="#[37]">SystemSetFontColourFuntion</a> from meterinterface.o(i.SystemSetFontColourFuntion) referenced 2 times from meterinterface.o(.data)
 <LI><a href="#[46]">SystemSetFontColourGreenFuntion</a> from meterinterface.o(i.SystemSetFontColourGreenFuntion) referenced 2 times from meterinterface.o(.data)
 <LI><a href="#[44]">SystemSetFontColourOrangeFuntion</a> from meterinterface.o(i.SystemSetFontColourOrangeFuntion) referenced 2 times from meterinterface.o(.data)
 <LI><a href="#[47]">SystemSetFontColourVioletFuntion</a> from meterinterface.o(i.SystemSetFontColourVioletFuntion) referenced 2 times from meterinterface.o(.data)
 <LI><a href="#[42]">SystemSetFontColourWhiteFuntion</a> from meterinterface.o(i.SystemSetFontColourWhiteFuntion) referenced 2 times from meterinterface.o(.data)
 <LI><a href="#[45]">SystemSetFontColourYellowFuntion</a> from meterinterface.o(i.SystemSetFontColourYellowFuntion) referenced 2 times from meterinterface.o(.data)
 <LI><a href="#[3a]">SystemSetLanguageChineseFuntion</a> from meterinterface.o(i.SystemSetLanguageChineseFuntion) referenced 2 times from meterinterface.o(.data)
 <LI><a href="#[3b]">SystemSetLanguageEnglishFuntion</a> from meterinterface.o(i.SystemSetLanguageEnglishFuntion) referenced 2 times from meterinterface.o(.data)
 <LI><a href="#[34]">SystemSetLanguageFuntion</a> from meterinterface.o(i.SystemSetLanguageFuntion) referenced 2 times from meterinterface.o(.data)
 <LI><a href="#[8]">SystemSetMenuFuntion</a> from meterinterface.o(i.SystemSetMenuFuntion) referenced 2 times from meterinterface.o(.data)
 <LI><a href="#[3c]">SystemSetOutput1Funtion</a> from meterinterface.o(i.SystemSetOutput1Funtion) referenced 2 times from meterinterface.o(.data)
 <LI><a href="#[3f]">SystemSetOutput1TestCloseFuntion</a> from meterinterface.o(i.SystemSetOutput1TestCloseFuntion) referenced 2 times from meterinterface.o(.data)
 <LI><a href="#[3e]">SystemSetOutput1TestOpenFuntion</a> from meterinterface.o(i.SystemSetOutput1TestOpenFuntion) referenced 2 times from meterinterface.o(.data)
 <LI><a href="#[3d]">SystemSetOutput2Funtion</a> from meterinterface.o(i.SystemSetOutput2Funtion) referenced 2 times from meterinterface.o(.data)
 <LI><a href="#[41]">SystemSetOutput2TestCloseFuntion</a> from meterinterface.o(i.SystemSetOutput2TestCloseFuntion) referenced 2 times from meterinterface.o(.data)
 <LI><a href="#[40]">SystemSetOutput2TestOpenFuntion</a> from meterinterface.o(i.SystemSetOutput2TestOpenFuntion) referenced 2 times from meterinterface.o(.data)
 <LI><a href="#[35]">SystemSetOutputTestFuntion</a> from meterinterface.o(i.SystemSetOutputTestFuntion) referenced 2 times from meterinterface.o(.data)
 <LI><a href="#[39]">SystemSetVersionFuntion</a> from meterinterface.o(i.SystemSetVersionFuntion) referenced 2 times from meterinterface.o(.data)
 <LI><a href="#[63]">TIM14_IRQHandler</a> from startup_py32f072xx.o(.text) referenced from startup_py32f072xx.o(RESET)
 <LI><a href="#[64]">TIM15_IRQHandler</a> from startup_py32f072xx.o(.text) referenced from startup_py32f072xx.o(RESET)
 <LI><a href="#[65]">TIM16_IRQHandler</a> from startup_py32f072xx.o(.text) referenced from startup_py32f072xx.o(RESET)
 <LI><a href="#[66]">TIM17_IRQHandler</a> from startup_py32f072xx.o(.text) referenced from startup_py32f072xx.o(RESET)
 <LI><a href="#[5d]">TIM1_BRK_UP_TRG_COM_IRQHandler</a> from startup_py32f072xx.o(.text) referenced from startup_py32f072xx.o(RESET)
 <LI><a href="#[5e]">TIM1_CC_IRQHandler</a> from startup_py32f072xx.o(.text) referenced from startup_py32f072xx.o(RESET)
 <LI><a href="#[5f]">TIM2_IRQHandler</a> from startup_py32f072xx.o(.text) referenced from startup_py32f072xx.o(RESET)
 <LI><a href="#[60]">TIM3_IRQHandler</a> from startup_py32f072xx.o(.text) referenced from startup_py32f072xx.o(RESET)
 <LI><a href="#[61]">TIM6_LPTIM1_DAC_IRQHandler</a> from startup_py32f072xx.o(.text) referenced from startup_py32f072xx.o(RESET)
 <LI><a href="#[62]">TIM7_IRQHandler</a> from startup_py32f072xx.o(.text) referenced from startup_py32f072xx.o(RESET)
 <LI><a href="#[80]">TTL_RxCallbackMsp</a> from modbusrtu.o(i.TTL_RxCallbackMsp) referenced from modbusrtu.o(i.MobudRtuInit)
 <LI><a href="#[6b]">USART1_IRQHandler</a> from startup_py32f072xx.o(.text) referenced from startup_py32f072xx.o(RESET)
 <LI><a href="#[6c]">USART2_IRQHandler</a> from uart_config.o(i.USART2_IRQHandler) referenced from startup_py32f072xx.o(RESET)
 <LI><a href="#[6d]">USART3_4_IRQHandler</a> from startup_py32f072xx.o(.text) referenced from startup_py32f072xx.o(RESET)
 <LI><a href="#[6f]">USB_IRQHandler</a> from startup_py32f072xx.o(.text) referenced from startup_py32f072xx.o(RESET)
 <LI><a href="#[50]">WWDG_IRQHandler</a> from startup_py32f072xx.o(.text) referenced from startup_py32f072xx.o(RESET)
 <LI><a href="#[85]">__main</a> from __main.o(!!!main) referenced from startup_py32f072xx.o(.text)
 <LI><a href="#[73]">_printf_input_char</a> from _printf_char_common.o(.text) referenced from _printf_char_common.o(.text)
 <LI><a href="#[72]">_snputc</a> from _snputc.o(.text) referenced from __2snprintf.o(.text)
</UL>
<P>
<H3>
Global Symbols
</H3>
<P><STRONG><a name="[85]"></a>__main</STRONG> (Thumb, 8 bytes, Stack size 0 bytes, __main.o(!!!main))
<BR><BR>[Calls]<UL><LI><a href="#[87]">&gt;&gt;</a>&nbsp;&nbsp;&nbsp;__rt_entry
<LI><a href="#[86]">&gt;&gt;</a>&nbsp;&nbsp;&nbsp;__scatterload
</UL>

<P><STRONG><a name="[86]"></a>__scatterload</STRONG> (Thumb, 0 bytes, Stack size unknown bytes, __scatter.o(!!!scatter))
<BR><BR>[Called By]<UL><LI><a href="#[85]">&gt;&gt;</a>&nbsp;&nbsp;&nbsp;__main
</UL>

<P><STRONG><a name="[88]"></a>__scatterload_rt2</STRONG> (Thumb, 52 bytes, Stack size unknown bytes, __scatter.o(!!!scatter), UNUSED)
<BR><BR>[Calls]<UL><LI><a href="#[87]">&gt;&gt;</a>&nbsp;&nbsp;&nbsp;__rt_entry
</UL>

<P><STRONG><a name="[1a1]"></a>__scatterload_rt2_thumb_only</STRONG> (Thumb, 0 bytes, Stack size unknown bytes, __scatter.o(!!!scatter), UNUSED)

<P><STRONG><a name="[1a2]"></a>__scatterload_null</STRONG> (Thumb, 0 bytes, Stack size unknown bytes, __scatter.o(!!!scatter), UNUSED)

<P><STRONG><a name="[1a3]"></a>__scatterload_zeroinit</STRONG> (Thumb, 28 bytes, Stack size unknown bytes, __scatter_zi.o(!!handler_zi), UNUSED)

<P><STRONG><a name="[9b]"></a>_printf_percent</STRONG> (Thumb, 0 bytes, Stack size unknown bytes, _printf_percent.o(.ARM.Collect$$_printf_percent$$00000000))
<BR><BR>[Called By]<UL><LI><a href="#[9a]">&gt;&gt;</a>&nbsp;&nbsp;&nbsp;__printf
</UL>

<P><STRONG><a name="[89]"></a>_printf_d</STRONG> (Thumb, 0 bytes, Stack size unknown bytes, _printf_d.o(.ARM.Collect$$_printf_percent$$00000009))
<BR><BR>[Stack]<UL><LI>Max Depth = 72 + Unknown Stack Size
<LI>Call Chain = _printf_d &rArr; _printf_int_dec &rArr; _printf_int_common
</UL>
<BR>[Calls]<UL><LI><a href="#[8a]">&gt;&gt;</a>&nbsp;&nbsp;&nbsp;_printf_percent_end
<LI><a href="#[8b]">&gt;&gt;</a>&nbsp;&nbsp;&nbsp;_printf_int_dec
</UL>

<P><STRONG><a name="[8a]"></a>_printf_percent_end</STRONG> (Thumb, 0 bytes, Stack size unknown bytes, _printf_percent_end.o(.ARM.Collect$$_printf_percent$$00000017))
<BR><BR>[Called By]<UL><LI><a href="#[89]">&gt;&gt;</a>&nbsp;&nbsp;&nbsp;_printf_d
</UL>

<P><STRONG><a name="[8f]"></a>__rt_lib_init</STRONG> (Thumb, 0 bytes, Stack size unknown bytes, libinit.o(.ARM.Collect$$libinit$$00000000))
<BR><BR>[Called By]<UL><LI><a href="#[8e]">&gt;&gt;</a>&nbsp;&nbsp;&nbsp;__rt_entry_li
</UL>

<P><STRONG><a name="[1a4]"></a>__rt_lib_init_alloca_1</STRONG> (Thumb, 0 bytes, Stack size unknown bytes, libinit2.o(.ARM.Collect$$libinit$$0000002E))

<P><STRONG><a name="[1a5]"></a>__rt_lib_init_argv_1</STRONG> (Thumb, 0 bytes, Stack size unknown bytes, libinit2.o(.ARM.Collect$$libinit$$0000002C))

<P><STRONG><a name="[1a6]"></a>__rt_lib_init_atexit_1</STRONG> (Thumb, 0 bytes, Stack size unknown bytes, libinit2.o(.ARM.Collect$$libinit$$0000001B))

<P><STRONG><a name="[1a7]"></a>__rt_lib_init_clock_1</STRONG> (Thumb, 0 bytes, Stack size unknown bytes, libinit2.o(.ARM.Collect$$libinit$$00000021))

<P><STRONG><a name="[1a8]"></a>__rt_lib_init_cpp_1</STRONG> (Thumb, 0 bytes, Stack size unknown bytes, libinit2.o(.ARM.Collect$$libinit$$00000032))

<P><STRONG><a name="[1a9]"></a>__rt_lib_init_exceptions_1</STRONG> (Thumb, 0 bytes, Stack size unknown bytes, libinit2.o(.ARM.Collect$$libinit$$00000030))

<P><STRONG><a name="[1aa]"></a>__rt_lib_init_fp_1</STRONG> (Thumb, 0 bytes, Stack size unknown bytes, libinit2.o(.ARM.Collect$$libinit$$00000002))

<P><STRONG><a name="[1ab]"></a>__rt_lib_init_fp_trap_1</STRONG> (Thumb, 0 bytes, Stack size unknown bytes, libinit2.o(.ARM.Collect$$libinit$$0000001F))

<P><STRONG><a name="[1ac]"></a>__rt_lib_init_getenv_1</STRONG> (Thumb, 0 bytes, Stack size unknown bytes, libinit2.o(.ARM.Collect$$libinit$$00000023))

<P><STRONG><a name="[1ad]"></a>__rt_lib_init_heap_1</STRONG> (Thumb, 0 bytes, Stack size unknown bytes, libinit2.o(.ARM.Collect$$libinit$$0000000A))

<P><STRONG><a name="[1ae]"></a>__rt_lib_init_lc_collate_1</STRONG> (Thumb, 0 bytes, Stack size unknown bytes, libinit2.o(.ARM.Collect$$libinit$$00000011))

<P><STRONG><a name="[1af]"></a>__rt_lib_init_lc_ctype_1</STRONG> (Thumb, 0 bytes, Stack size unknown bytes, libinit2.o(.ARM.Collect$$libinit$$00000013))

<P><STRONG><a name="[1b0]"></a>__rt_lib_init_lc_monetary_1</STRONG> (Thumb, 0 bytes, Stack size unknown bytes, libinit2.o(.ARM.Collect$$libinit$$00000015))

<P><STRONG><a name="[1b1]"></a>__rt_lib_init_lc_numeric_1</STRONG> (Thumb, 0 bytes, Stack size unknown bytes, libinit2.o(.ARM.Collect$$libinit$$00000017))

<P><STRONG><a name="[1b2]"></a>__rt_lib_init_lc_time_1</STRONG> (Thumb, 0 bytes, Stack size unknown bytes, libinit2.o(.ARM.Collect$$libinit$$00000019))

<P><STRONG><a name="[1b3]"></a>__rt_lib_init_preinit_1</STRONG> (Thumb, 0 bytes, Stack size unknown bytes, libinit2.o(.ARM.Collect$$libinit$$00000004))

<P><STRONG><a name="[1b4]"></a>__rt_lib_init_rand_1</STRONG> (Thumb, 0 bytes, Stack size unknown bytes, libinit2.o(.ARM.Collect$$libinit$$0000000E))

<P><STRONG><a name="[1b5]"></a>__rt_lib_init_return</STRONG> (Thumb, 0 bytes, Stack size unknown bytes, libinit2.o(.ARM.Collect$$libinit$$00000033))

<P><STRONG><a name="[1b6]"></a>__rt_lib_init_signal_1</STRONG> (Thumb, 0 bytes, Stack size unknown bytes, libinit2.o(.ARM.Collect$$libinit$$0000001D))

<P><STRONG><a name="[1b7]"></a>__rt_lib_init_stdio_1</STRONG> (Thumb, 0 bytes, Stack size unknown bytes, libinit2.o(.ARM.Collect$$libinit$$00000025))

<P><STRONG><a name="[1b8]"></a>__rt_lib_init_user_alloc_1</STRONG> (Thumb, 0 bytes, Stack size unknown bytes, libinit2.o(.ARM.Collect$$libinit$$0000000C))

<P><STRONG><a name="[94]"></a>__rt_lib_shutdown</STRONG> (Thumb, 0 bytes, Stack size unknown bytes, libshutdown.o(.ARM.Collect$$libshutdown$$00000000))
<BR><BR>[Called By]<UL><LI><a href="#[93]">&gt;&gt;</a>&nbsp;&nbsp;&nbsp;__rt_exit_ls
</UL>

<P><STRONG><a name="[1b9]"></a>__rt_lib_shutdown_cpp_1</STRONG> (Thumb, 0 bytes, Stack size unknown bytes, libshutdown2.o(.ARM.Collect$$libshutdown$$00000002))

<P><STRONG><a name="[1ba]"></a>__rt_lib_shutdown_fp_trap_1</STRONG> (Thumb, 0 bytes, Stack size unknown bytes, libshutdown2.o(.ARM.Collect$$libshutdown$$00000007))

<P><STRONG><a name="[1bb]"></a>__rt_lib_shutdown_heap_1</STRONG> (Thumb, 0 bytes, Stack size unknown bytes, libshutdown2.o(.ARM.Collect$$libshutdown$$0000000F))

<P><STRONG><a name="[1bc]"></a>__rt_lib_shutdown_return</STRONG> (Thumb, 0 bytes, Stack size unknown bytes, libshutdown2.o(.ARM.Collect$$libshutdown$$00000010))

<P><STRONG><a name="[1bd]"></a>__rt_lib_shutdown_signal_1</STRONG> (Thumb, 0 bytes, Stack size unknown bytes, libshutdown2.o(.ARM.Collect$$libshutdown$$0000000A))

<P><STRONG><a name="[1be]"></a>__rt_lib_shutdown_stdio_1</STRONG> (Thumb, 0 bytes, Stack size unknown bytes, libshutdown2.o(.ARM.Collect$$libshutdown$$00000004))

<P><STRONG><a name="[1bf]"></a>__rt_lib_shutdown_user_alloc_1</STRONG> (Thumb, 0 bytes, Stack size unknown bytes, libshutdown2.o(.ARM.Collect$$libshutdown$$0000000C))

<P><STRONG><a name="[87]"></a>__rt_entry</STRONG> (Thumb, 0 bytes, Stack size unknown bytes, __rtentry.o(.ARM.Collect$$rtentry$$00000000))
<BR><BR>[Called By]<UL><LI><a href="#[85]">&gt;&gt;</a>&nbsp;&nbsp;&nbsp;__main
<LI><a href="#[88]">&gt;&gt;</a>&nbsp;&nbsp;&nbsp;__scatterload_rt2
</UL>

<P><STRONG><a name="[1c0]"></a>__rt_entry_presh_1</STRONG> (Thumb, 0 bytes, Stack size unknown bytes, __rtentry2.o(.ARM.Collect$$rtentry$$00000002))

<P><STRONG><a name="[8c]"></a>__rt_entry_sh</STRONG> (Thumb, 0 bytes, Stack size unknown bytes, __rtentry4.o(.ARM.Collect$$rtentry$$00000004))
<BR><BR>[Stack]<UL><LI>Max Depth = 8 + Unknown Stack Size
<LI>Call Chain = __rt_entry_sh &rArr; __user_setup_stackheap
</UL>
<BR>[Calls]<UL><LI><a href="#[8d]">&gt;&gt;</a>&nbsp;&nbsp;&nbsp;__user_setup_stackheap
</UL>

<P><STRONG><a name="[8e]"></a>__rt_entry_li</STRONG> (Thumb, 0 bytes, Stack size unknown bytes, __rtentry2.o(.ARM.Collect$$rtentry$$0000000A))
<BR><BR>[Calls]<UL><LI><a href="#[8f]">&gt;&gt;</a>&nbsp;&nbsp;&nbsp;__rt_lib_init
</UL>

<P><STRONG><a name="[1c1]"></a>__rt_entry_postsh_1</STRONG> (Thumb, 0 bytes, Stack size unknown bytes, __rtentry2.o(.ARM.Collect$$rtentry$$00000009))

<P><STRONG><a name="[90]"></a>__rt_entry_main</STRONG> (Thumb, 0 bytes, Stack size unknown bytes, __rtentry2.o(.ARM.Collect$$rtentry$$0000000D))
<BR><BR>[Stack]<UL><LI>Max Depth = 248 + Unknown Stack Size
<LI>Call Chain = __rt_entry_main &rArr; main &rArr; SystemTask &rArr; MainPageParamDisplayTask &rArr; LCD_ShowIntNum &rArr; LCD_ShowChar &rArr; LCD_DrawPoint &rArr; LCD_Address_Set &rArr; LCD_WR_DATA16
</UL>
<BR>[Calls]<UL><LI><a href="#[91]">&gt;&gt;</a>&nbsp;&nbsp;&nbsp;main
<LI><a href="#[92]">&gt;&gt;</a>&nbsp;&nbsp;&nbsp;exit
</UL>

<P><STRONG><a name="[1c2]"></a>__rt_entry_postli_1</STRONG> (Thumb, 0 bytes, Stack size unknown bytes, __rtentry2.o(.ARM.Collect$$rtentry$$0000000C))

<P><STRONG><a name="[bb]"></a>__rt_exit</STRONG> (Thumb, 0 bytes, Stack size unknown bytes, rtexit.o(.ARM.Collect$$rtexit$$00000000))
<BR><BR>[Called By]<UL><LI><a href="#[92]">&gt;&gt;</a>&nbsp;&nbsp;&nbsp;exit
</UL>

<P><STRONG><a name="[93]"></a>__rt_exit_ls</STRONG> (Thumb, 0 bytes, Stack size unknown bytes, rtexit2.o(.ARM.Collect$$rtexit$$00000003))
<BR><BR>[Calls]<UL><LI><a href="#[94]">&gt;&gt;</a>&nbsp;&nbsp;&nbsp;__rt_lib_shutdown
</UL>

<P><STRONG><a name="[1c3]"></a>__rt_exit_prels_1</STRONG> (Thumb, 0 bytes, Stack size unknown bytes, rtexit2.o(.ARM.Collect$$rtexit$$00000002))

<P><STRONG><a name="[95]"></a>__rt_exit_exit</STRONG> (Thumb, 0 bytes, Stack size unknown bytes, rtexit2.o(.ARM.Collect$$rtexit$$00000004))
<BR><BR>[Calls]<UL><LI><a href="#[96]">&gt;&gt;</a>&nbsp;&nbsp;&nbsp;_sys_exit
</UL>

<P><STRONG><a name="[128]"></a>__aeabi_memcpy4</STRONG> (Thumb, 56 bytes, Stack size 0 bytes, rt_memcpy.o(.emb_text))
<BR><BR>[Called By]<UL><LI><a href="#[118]">&gt;&gt;</a>&nbsp;&nbsp;&nbsp;HAL_RCCEx_GetPeriphCLKFreq
<LI><a href="#[12a]">&gt;&gt;</a>&nbsp;&nbsp;&nbsp;HAL_RCC_GetSysClockFreq
</UL>

<P><STRONG><a name="[1c4]"></a>__aeabi_memcpy8</STRONG> (Thumb, 0 bytes, Stack size 0 bytes, rt_memcpy.o(.emb_text), UNUSED)

<P><STRONG><a name="[4a]"></a>Reset_Handler</STRONG> (Thumb, 8 bytes, Stack size 0 bytes, startup_py32f072xx.o(.text))
<BR>[Address Reference Count : 1]<UL><LI> startup_py32f072xx.o(RESET)
</UL>
<P><STRONG><a name="[5c]"></a>ADC_COMP_IRQHandler</STRONG> (Thumb, 0 bytes, Stack size 0 bytes, startup_py32f072xx.o(.text))
<BR><BR>[Calls]<UL><LI><a href="#[5c]">&gt;&gt;</a>&nbsp;&nbsp;&nbsp;ADC_COMP_IRQHandler
</UL>
<BR>[Called By]<UL><LI><a href="#[5c]">&gt;&gt;</a>&nbsp;&nbsp;&nbsp;ADC_COMP_IRQHandler
</UL>
<BR>[Address Reference Count : 1]<UL><LI> startup_py32f072xx.o(RESET)
</UL>
<P><STRONG><a name="[6e]"></a>CAN_IRQHandler</STRONG> (Thumb, 0 bytes, Stack size 0 bytes, startup_py32f072xx.o(.text))
<BR>[Address Reference Count : 1]<UL><LI> startup_py32f072xx.o(RESET)
</UL>
<P><STRONG><a name="[59]"></a>DMA1_Channel1_IRQHandler</STRONG> (Thumb, 0 bytes, Stack size 0 bytes, startup_py32f072xx.o(.text))
<BR>[Address Reference Count : 1]<UL><LI> startup_py32f072xx.o(RESET)
</UL>
<P><STRONG><a name="[5a]"></a>DMA1_Channel2_3_IRQHandler</STRONG> (Thumb, 0 bytes, Stack size 0 bytes, startup_py32f072xx.o(.text))
<BR>[Address Reference Count : 1]<UL><LI> startup_py32f072xx.o(RESET)
</UL>
<P><STRONG><a name="[5b]"></a>DMA1_Channel4_5_6_7_IRQHandler</STRONG> (Thumb, 0 bytes, Stack size 0 bytes, startup_py32f072xx.o(.text))
<BR>[Address Reference Count : 1]<UL><LI> startup_py32f072xx.o(RESET)
</UL>
<P><STRONG><a name="[55]"></a>EXTI0_1_IRQHandler</STRONG> (Thumb, 0 bytes, Stack size 0 bytes, startup_py32f072xx.o(.text))
<BR>[Address Reference Count : 1]<UL><LI> startup_py32f072xx.o(RESET)
</UL>
<P><STRONG><a name="[56]"></a>EXTI2_3_IRQHandler</STRONG> (Thumb, 0 bytes, Stack size 0 bytes, startup_py32f072xx.o(.text))
<BR>[Address Reference Count : 1]<UL><LI> startup_py32f072xx.o(RESET)
</UL>
<P><STRONG><a name="[57]"></a>EXTI4_15_IRQHandler</STRONG> (Thumb, 0 bytes, Stack size 0 bytes, startup_py32f072xx.o(.text))
<BR>[Address Reference Count : 1]<UL><LI> startup_py32f072xx.o(RESET)
</UL>
<P><STRONG><a name="[53]"></a>FLASH_IRQHandler</STRONG> (Thumb, 0 bytes, Stack size 0 bytes, startup_py32f072xx.o(.text))
<BR>[Address Reference Count : 1]<UL><LI> startup_py32f072xx.o(RESET)
</UL>
<P><STRONG><a name="[67]"></a>I2C1_IRQHandler</STRONG> (Thumb, 0 bytes, Stack size 0 bytes, startup_py32f072xx.o(.text))
<BR>[Address Reference Count : 1]<UL><LI> startup_py32f072xx.o(RESET)
</UL>
<P><STRONG><a name="[68]"></a>I2C2_IRQHandler</STRONG> (Thumb, 0 bytes, Stack size 0 bytes, startup_py32f072xx.o(.text))
<BR>[Address Reference Count : 1]<UL><LI> startup_py32f072xx.o(RESET)
</UL>
<P><STRONG><a name="[58]"></a>LCD_IRQHandler</STRONG> (Thumb, 0 bytes, Stack size 0 bytes, startup_py32f072xx.o(.text))
<BR>[Address Reference Count : 1]<UL><LI> startup_py32f072xx.o(RESET)
</UL>
<P><STRONG><a name="[51]"></a>PVD_IRQHandler</STRONG> (Thumb, 0 bytes, Stack size 0 bytes, startup_py32f072xx.o(.text))
<BR>[Address Reference Count : 1]<UL><LI> startup_py32f072xx.o(RESET)
</UL>
<P><STRONG><a name="[54]"></a>RCC_IRQHandler</STRONG> (Thumb, 0 bytes, Stack size 0 bytes, startup_py32f072xx.o(.text))
<BR>[Address Reference Count : 1]<UL><LI> startup_py32f072xx.o(RESET)
</UL>
<P><STRONG><a name="[52]"></a>RTC_IRQHandler</STRONG> (Thumb, 0 bytes, Stack size 0 bytes, startup_py32f072xx.o(.text))
<BR>[Address Reference Count : 1]<UL><LI> startup_py32f072xx.o(RESET)
</UL>
<P><STRONG><a name="[69]"></a>SPI1_IRQHandler</STRONG> (Thumb, 0 bytes, Stack size 0 bytes, startup_py32f072xx.o(.text))
<BR>[Address Reference Count : 1]<UL><LI> startup_py32f072xx.o(RESET)
</UL>
<P><STRONG><a name="[6a]"></a>SPI2_IRQHandler</STRONG> (Thumb, 0 bytes, Stack size 0 bytes, startup_py32f072xx.o(.text))
<BR>[Address Reference Count : 1]<UL><LI> startup_py32f072xx.o(RESET)
</UL>
<P><STRONG><a name="[63]"></a>TIM14_IRQHandler</STRONG> (Thumb, 0 bytes, Stack size 0 bytes, startup_py32f072xx.o(.text))
<BR>[Address Reference Count : 1]<UL><LI> startup_py32f072xx.o(RESET)
</UL>
<P><STRONG><a name="[64]"></a>TIM15_IRQHandler</STRONG> (Thumb, 0 bytes, Stack size 0 bytes, startup_py32f072xx.o(.text))
<BR>[Address Reference Count : 1]<UL><LI> startup_py32f072xx.o(RESET)
</UL>
<P><STRONG><a name="[65]"></a>TIM16_IRQHandler</STRONG> (Thumb, 0 bytes, Stack size 0 bytes, startup_py32f072xx.o(.text))
<BR>[Address Reference Count : 1]<UL><LI> startup_py32f072xx.o(RESET)
</UL>
<P><STRONG><a name="[66]"></a>TIM17_IRQHandler</STRONG> (Thumb, 0 bytes, Stack size 0 bytes, startup_py32f072xx.o(.text))
<BR>[Address Reference Count : 1]<UL><LI> startup_py32f072xx.o(RESET)
</UL>
<P><STRONG><a name="[5d]"></a>TIM1_BRK_UP_TRG_COM_IRQHandler</STRONG> (Thumb, 0 bytes, Stack size 0 bytes, startup_py32f072xx.o(.text))
<BR>[Address Reference Count : 1]<UL><LI> startup_py32f072xx.o(RESET)
</UL>
<P><STRONG><a name="[5e]"></a>TIM1_CC_IRQHandler</STRONG> (Thumb, 0 bytes, Stack size 0 bytes, startup_py32f072xx.o(.text))
<BR>[Address Reference Count : 1]<UL><LI> startup_py32f072xx.o(RESET)
</UL>
<P><STRONG><a name="[5f]"></a>TIM2_IRQHandler</STRONG> (Thumb, 0 bytes, Stack size 0 bytes, startup_py32f072xx.o(.text))
<BR>[Address Reference Count : 1]<UL><LI> startup_py32f072xx.o(RESET)
</UL>
<P><STRONG><a name="[60]"></a>TIM3_IRQHandler</STRONG> (Thumb, 0 bytes, Stack size 0 bytes, startup_py32f072xx.o(.text))
<BR>[Address Reference Count : 1]<UL><LI> startup_py32f072xx.o(RESET)
</UL>
<P><STRONG><a name="[61]"></a>TIM6_LPTIM1_DAC_IRQHandler</STRONG> (Thumb, 0 bytes, Stack size 0 bytes, startup_py32f072xx.o(.text))
<BR>[Address Reference Count : 1]<UL><LI> startup_py32f072xx.o(RESET)
</UL>
<P><STRONG><a name="[62]"></a>TIM7_IRQHandler</STRONG> (Thumb, 0 bytes, Stack size 0 bytes, startup_py32f072xx.o(.text))
<BR>[Address Reference Count : 1]<UL><LI> startup_py32f072xx.o(RESET)
</UL>
<P><STRONG><a name="[6b]"></a>USART1_IRQHandler</STRONG> (Thumb, 0 bytes, Stack size 0 bytes, startup_py32f072xx.o(.text))
<BR>[Address Reference Count : 1]<UL><LI> startup_py32f072xx.o(RESET)
</UL>
<P><STRONG><a name="[6d]"></a>USART3_4_IRQHandler</STRONG> (Thumb, 0 bytes, Stack size 0 bytes, startup_py32f072xx.o(.text))
<BR>[Address Reference Count : 1]<UL><LI> startup_py32f072xx.o(RESET)
</UL>
<P><STRONG><a name="[6f]"></a>USB_IRQHandler</STRONG> (Thumb, 0 bytes, Stack size 0 bytes, startup_py32f072xx.o(.text))
<BR>[Address Reference Count : 1]<UL><LI> startup_py32f072xx.o(RESET)
</UL>
<P><STRONG><a name="[50]"></a>WWDG_IRQHandler</STRONG> (Thumb, 0 bytes, Stack size 0 bytes, startup_py32f072xx.o(.text))
<BR>[Address Reference Count : 1]<UL><LI> startup_py32f072xx.o(RESET)
</UL>
<P><STRONG><a name="[b9]"></a>__user_initial_stackheap</STRONG> (Thumb, 0 bytes, Stack size unknown bytes, startup_py32f072xx.o(.text))
<BR><BR>[Called By]<UL><LI><a href="#[8d]">&gt;&gt;</a>&nbsp;&nbsp;&nbsp;__user_setup_stackheap
</UL>

<P><STRONG><a name="[97]"></a>__2snprintf</STRONG> (Thumb, 54 bytes, Stack size 40 bytes, __2snprintf.o(.text))
<BR><BR>[Stack]<UL><LI>Max Depth = 128 + Unknown Stack Size
<LI>Call Chain = __2snprintf &rArr; _printf_char_common &rArr; __printf
</UL>
<BR>[Calls]<UL><LI><a href="#[99]">&gt;&gt;</a>&nbsp;&nbsp;&nbsp;_sputc
<LI><a href="#[98]">&gt;&gt;</a>&nbsp;&nbsp;&nbsp;_printf_char_common
</UL>
<BR>[Called By]<UL><LI><a href="#[161]">&gt;&gt;</a>&nbsp;&nbsp;&nbsp;MainPageParamDisplayTask
</UL>

<P><STRONG><a name="[9a]"></a>__printf</STRONG> (Thumb, 108 bytes, Stack size 24 bytes, __printf.o(.text))
<BR><BR>[Stack]<UL><LI>Max Depth = 24 + Unknown Stack Size
<LI>Call Chain = __printf
</UL>
<BR>[Calls]<UL><LI><a href="#[9b]">&gt;&gt;</a>&nbsp;&nbsp;&nbsp;_printf_percent
</UL>
<BR>[Called By]<UL><LI><a href="#[98]">&gt;&gt;</a>&nbsp;&nbsp;&nbsp;_printf_char_common
</UL>

<P><STRONG><a name="[8b]"></a>_printf_int_dec</STRONG> (Thumb, 90 bytes, Stack size 32 bytes, _printf_dec.o(.text))
<BR><BR>[Stack]<UL><LI>Max Depth = 72<LI>Call Chain = _printf_int_dec &rArr; _printf_int_common
</UL>
<BR>[Calls]<UL><LI><a href="#[9e]">&gt;&gt;</a>&nbsp;&nbsp;&nbsp;__rt_udiv10
<LI><a href="#[9f]">&gt;&gt;</a>&nbsp;&nbsp;&nbsp;_printf_int_common
<LI><a href="#[9d]">&gt;&gt;</a>&nbsp;&nbsp;&nbsp;_printf_truncate_unsigned (Weak Reference)
<LI><a href="#[9c]">&gt;&gt;</a>&nbsp;&nbsp;&nbsp;_printf_truncate_signed (Weak Reference)
</UL>
<BR>[Called By]<UL><LI><a href="#[89]">&gt;&gt;</a>&nbsp;&nbsp;&nbsp;_printf_d
</UL>

<P><STRONG><a name="[a1]"></a>_memset_w</STRONG> (Thumb, 26 bytes, Stack size 0 bytes, rt_memclr.o(.text), UNUSED)
<BR><BR>[Called By]<UL><LI><a href="#[a3]">&gt;&gt;</a>&nbsp;&nbsp;&nbsp;__rt_memclr_w
<LI><a href="#[a0]">&gt;&gt;</a>&nbsp;&nbsp;&nbsp;_memset
</UL>

<P><STRONG><a name="[a0]"></a>_memset</STRONG> (Thumb, 30 bytes, Stack size 0 bytes, rt_memclr.o(.text), UNUSED)
<BR><BR>[Calls]<UL><LI><a href="#[a1]">&gt;&gt;</a>&nbsp;&nbsp;&nbsp;_memset_w
</UL>
<BR>[Called By]<UL><LI><a href="#[a2]">&gt;&gt;</a>&nbsp;&nbsp;&nbsp;__aeabi_memclr
</UL>

<P><STRONG><a name="[a2]"></a>__aeabi_memclr</STRONG> (Thumb, 4 bytes, Stack size 0 bytes, rt_memclr.o(.text), UNUSED)
<BR><BR>[Calls]<UL><LI><a href="#[a0]">&gt;&gt;</a>&nbsp;&nbsp;&nbsp;_memset
</UL>

<P><STRONG><a name="[1c5]"></a>__rt_memclr</STRONG> (Thumb, 0 bytes, Stack size 0 bytes, rt_memclr.o(.text), UNUSED)

<P><STRONG><a name="[ce]"></a>__aeabi_memclr4</STRONG> (Thumb, 0 bytes, Stack size 0 bytes, rt_memclr.o(.text))
<BR><BR>[Called By]<UL><LI><a href="#[18e]">&gt;&gt;</a>&nbsp;&nbsp;&nbsp;Timer_Init
<LI><a href="#[16a]">&gt;&gt;</a>&nbsp;&nbsp;&nbsp;MeterInterfaceTaskQuit
<LI><a href="#[167]">&gt;&gt;</a>&nbsp;&nbsp;&nbsp;MeterInterfaceTask
<LI><a href="#[115]">&gt;&gt;</a>&nbsp;&nbsp;&nbsp;GPIO_BSP_Init
<LI><a href="#[108]">&gt;&gt;</a>&nbsp;&nbsp;&nbsp;ExternalRefVolTaskReady
<LI><a href="#[14b]">&gt;&gt;</a>&nbsp;&nbsp;&nbsp;KEY_Init
<LI><a href="#[14a]">&gt;&gt;</a>&nbsp;&nbsp;&nbsp;KEY_Config
<LI><a href="#[155]">&gt;&gt;</a>&nbsp;&nbsp;&nbsp;LCD_Init
<LI><a href="#[146]">&gt;&gt;</a>&nbsp;&nbsp;&nbsp;JM1203_Init
<LI><a href="#[d1]">&gt;&gt;</a>&nbsp;&nbsp;&nbsp;APP_SystemClockConfig
<LI><a href="#[16f]">&gt;&gt;</a>&nbsp;&nbsp;&nbsp;UART_InitAll
<LI><a href="#[139]">&gt;&gt;</a>&nbsp;&nbsp;&nbsp;HAL_UART_MspInit
<LI><a href="#[12d]">&gt;&gt;</a>&nbsp;&nbsp;&nbsp;HAL_TIM_Base_MspInit
<LI><a href="#[11a]">&gt;&gt;</a>&nbsp;&nbsp;&nbsp;HAL_ADC_MspInit
<LI><a href="#[cd]">&gt;&gt;</a>&nbsp;&nbsp;&nbsp;APPDataEmpty
</UL>

<P><STRONG><a name="[1c6]"></a>__aeabi_memclr8</STRONG> (Thumb, 0 bytes, Stack size 0 bytes, rt_memclr.o(.text), UNUSED)

<P><STRONG><a name="[a3]"></a>__rt_memclr_w</STRONG> (Thumb, 4 bytes, Stack size 0 bytes, rt_memclr.o(.text), UNUSED)
<BR><BR>[Calls]<UL><LI><a href="#[a1]">&gt;&gt;</a>&nbsp;&nbsp;&nbsp;_memset_w
</UL>

<P><STRONG><a name="[1c7]"></a>__aeabi_uidiv</STRONG> (Thumb, 0 bytes, Stack size 0 bytes, aeabi_sdiv.o(.text), UNUSED)

<P><STRONG><a name="[cc]"></a>__aeabi_uidivmod</STRONG> (Thumb, 20 bytes, Stack size 0 bytes, aeabi_sdiv.o(.text))
<BR><BR>[Called By]<UL><LI><a href="#[81]">&gt;&gt;</a>&nbsp;&nbsp;&nbsp;ParamSetInterfaceTask
<LI><a href="#[159]">&gt;&gt;</a>&nbsp;&nbsp;&nbsp;My_NumberCount
<LI><a href="#[15a]">&gt;&gt;</a>&nbsp;&nbsp;&nbsp;My_IntegerSplit
<LI><a href="#[104]">&gt;&gt;</a>&nbsp;&nbsp;&nbsp;LCD_ShowIntNum
<LI><a href="#[189]">&gt;&gt;</a>&nbsp;&nbsp;&nbsp;SystemCoreClockUpdate
<LI><a href="#[121]">&gt;&gt;</a>&nbsp;&nbsp;&nbsp;HAL_InitTick
<LI><a href="#[c3]">&gt;&gt;</a>&nbsp;&nbsp;&nbsp;HAL_ADC_ConfigChannel
<LI><a href="#[c0]">&gt;&gt;</a>&nbsp;&nbsp;&nbsp;HAL_ADCEx_Calibration_Start
<LI><a href="#[cb]">&gt;&gt;</a>&nbsp;&nbsp;&nbsp;ADC_Enable
<LI><a href="#[118]">&gt;&gt;</a>&nbsp;&nbsp;&nbsp;HAL_RCCEx_GetPeriphCLKFreq
<LI><a href="#[12a]">&gt;&gt;</a>&nbsp;&nbsp;&nbsp;HAL_RCC_GetSysClockFreq
<LI><a href="#[13a]">&gt;&gt;</a>&nbsp;&nbsp;&nbsp;UART_SetConfig
</UL>

<P><STRONG><a name="[1c8]"></a>__aeabi_idiv</STRONG> (Thumb, 0 bytes, Stack size 8 bytes, aeabi_sdiv.o(.text), UNUSED)

<P><STRONG><a name="[10c]"></a>__aeabi_idivmod</STRONG> (Thumb, 326 bytes, Stack size 8 bytes, aeabi_sdiv.o(.text))
<BR><BR>[Stack]<UL><LI>Max Depth = 8<LI>Call Chain = __aeabi_idivmod
</UL>
<BR>[Called By]<UL><LI><a href="#[164]">&gt;&gt;</a>&nbsp;&nbsp;&nbsp;Menu_Display
<LI><a href="#[163]">&gt;&gt;</a>&nbsp;&nbsp;&nbsp;MenuExtraInformationDisplayTask
<LI><a href="#[167]">&gt;&gt;</a>&nbsp;&nbsp;&nbsp;MeterInterfaceTask
<LI><a href="#[109]">&gt;&gt;</a>&nbsp;&nbsp;&nbsp;ExternalReferenceVolGetTask
<LI><a href="#[161]">&gt;&gt;</a>&nbsp;&nbsp;&nbsp;MainPageParamDisplayTask
<LI><a href="#[fd]">&gt;&gt;</a>&nbsp;&nbsp;&nbsp;LCD_ShowChinese
<LI><a href="#[15c]">&gt;&gt;</a>&nbsp;&nbsp;&nbsp;LCD_ShowChar
<LI><a href="#[24]">&gt;&gt;</a>&nbsp;&nbsp;&nbsp;ParamSetOut2ValleyValueFuntion
<LI><a href="#[22]">&gt;&gt;</a>&nbsp;&nbsp;&nbsp;ParamSetOut2ThresholdValueFuntion
<LI><a href="#[23]">&gt;&gt;</a>&nbsp;&nbsp;&nbsp;ParamSetOut2PeakValueFuntion
<LI><a href="#[1d]">&gt;&gt;</a>&nbsp;&nbsp;&nbsp;ParamSetOut1ValleyValueFuntion
<LI><a href="#[1b]">&gt;&gt;</a>&nbsp;&nbsp;&nbsp;ParamSetOut1ThresholdValueFuntion
<LI><a href="#[1c]">&gt;&gt;</a>&nbsp;&nbsp;&nbsp;ParamSetOut1PeakValueFuntion
</UL>

<P><STRONG><a name="[1c9]"></a>__use_two_region_memory</STRONG> (Thumb, 2 bytes, Stack size 0 bytes, heapauxi.o(.text), UNUSED)

<P><STRONG><a name="[1ca]"></a>__rt_heap_escrow$2region</STRONG> (Thumb, 2 bytes, Stack size 0 bytes, heapauxi.o(.text), UNUSED)

<P><STRONG><a name="[1cb]"></a>__rt_heap_expand$2region</STRONG> (Thumb, 2 bytes, Stack size 0 bytes, heapauxi.o(.text), UNUSED)

<P><STRONG><a name="[185]"></a>__aeabi_d2f</STRONG> (Thumb, 0 bytes, Stack size 12 bytes, d2f.o(.text))
<BR><BR>[Stack]<UL><LI>Max Depth = 12<LI>Call Chain = __aeabi_d2f
</UL>
<BR>[Called By]<UL><LI><a href="#[180]">&gt;&gt;</a>&nbsp;&nbsp;&nbsp;Sensor_Task
</UL>

<P><STRONG><a name="[1cc]"></a>_d2f</STRONG> (Thumb, 120 bytes, Stack size 12 bytes, d2f.o(.text), UNUSED)

<P><STRONG><a name="[f7]"></a>__aeabi_dadd</STRONG> (Thumb, 0 bytes, Stack size 8 bytes, daddsub.o(.text))
<BR><BR>[Stack]<UL><LI>Max Depth = 8<LI>Call Chain = __aeabi_dadd
</UL>
<BR>[Called By]<UL><LI><a href="#[f5]">&gt;&gt;</a>&nbsp;&nbsp;&nbsp;CurrentOutput_UA
<LI><a href="#[f8]">&gt;&gt;</a>&nbsp;&nbsp;&nbsp;round
</UL>

<P><STRONG><a name="[a4]"></a>_dadd</STRONG> (Thumb, 26 bytes, Stack size 8 bytes, daddsub.o(.text), UNUSED)
<BR><BR>[Calls]<UL><LI><a href="#[a5]">&gt;&gt;</a>&nbsp;&nbsp;&nbsp;_dsub1
<LI><a href="#[a6]">&gt;&gt;</a>&nbsp;&nbsp;&nbsp;_dadd1
</UL>

<P><STRONG><a name="[197]"></a>__aeabi_dsub</STRONG> (Thumb, 0 bytes, Stack size 8 bytes, daddsub.o(.text))
<BR><BR>[Stack]<UL><LI>Max Depth = 8<LI>Call Chain = __aeabi_dsub
</UL>
<BR>[Called By]<UL><LI><a href="#[f8]">&gt;&gt;</a>&nbsp;&nbsp;&nbsp;round
</UL>

<P><STRONG><a name="[a7]"></a>_dsub</STRONG> (Thumb, 22 bytes, Stack size 8 bytes, daddsub.o(.text), UNUSED)
<BR><BR>[Calls]<UL><LI><a href="#[a5]">&gt;&gt;</a>&nbsp;&nbsp;&nbsp;_dsub1
<LI><a href="#[a6]">&gt;&gt;</a>&nbsp;&nbsp;&nbsp;_dadd1
</UL>

<P><STRONG><a name="[1cd]"></a>__aeabi_drsub</STRONG> (Thumb, 0 bytes, Stack size 16 bytes, daddsub.o(.text), UNUSED)

<P><STRONG><a name="[a8]"></a>_drsb</STRONG> (Thumb, 28 bytes, Stack size 16 bytes, daddsub.o(.text), UNUSED)
<BR><BR>[Calls]<UL><LI><a href="#[a5]">&gt;&gt;</a>&nbsp;&nbsp;&nbsp;_dsub1
<LI><a href="#[a6]">&gt;&gt;</a>&nbsp;&nbsp;&nbsp;_dadd1
</UL>

<P><STRONG><a name="[fb]"></a>__aeabi_ddiv</STRONG> (Thumb, 0 bytes, Stack size 64 bytes, ddiv.o(.text))
<BR><BR>[Stack]<UL><LI>Max Depth = 64<LI>Call Chain = __aeabi_ddiv
</UL>
<BR>[Called By]<UL><LI><a href="#[fa]">&gt;&gt;</a>&nbsp;&nbsp;&nbsp;CurrentOutput_UpdateCalcData
<LI><a href="#[83]">&gt;&gt;</a>&nbsp;&nbsp;&nbsp;ResultCalculateTask
<LI><a href="#[18b]">&gt;&gt;</a>&nbsp;&nbsp;&nbsp;SystemTask
<LI><a href="#[180]">&gt;&gt;</a>&nbsp;&nbsp;&nbsp;Sensor_Task
</UL>

<P><STRONG><a name="[aa]"></a>_ddiv</STRONG> (Thumb, 1072 bytes, Stack size 64 bytes, ddiv.o(.text), UNUSED)
<BR><BR>[Called By]<UL><LI><a href="#[a9]">&gt;&gt;</a>&nbsp;&nbsp;&nbsp;_drdiv
</UL>

<P><STRONG><a name="[a9]"></a>_drdiv</STRONG> (Thumb, 20 bytes, Stack size 16 bytes, ddiv.o(.text), UNUSED)
<BR><BR>[Calls]<UL><LI><a href="#[aa]">&gt;&gt;</a>&nbsp;&nbsp;&nbsp;_ddiv
</UL>

<P><STRONG><a name="[f9]"></a>__aeabi_d2uiz</STRONG> (Thumb, 0 bytes, Stack size 8 bytes, dfixui.o(.text))
<BR><BR>[Stack]<UL><LI>Max Depth = 8<LI>Call Chain = __aeabi_d2uiz
</UL>
<BR>[Called By]<UL><LI><a href="#[f5]">&gt;&gt;</a>&nbsp;&nbsp;&nbsp;CurrentOutput_UA
<LI><a href="#[84]">&gt;&gt;</a>&nbsp;&nbsp;&nbsp;LCD_MainInterfaceTask
</UL>

<P><STRONG><a name="[1ce]"></a>_dfixu</STRONG> (Thumb, 68 bytes, Stack size 8 bytes, dfixui.o(.text), UNUSED)

<P><STRONG><a name="[ac]"></a>__aeabi_i2d_normalise</STRONG> (Thumb, 66 bytes, Stack size 0 bytes, dflti.o(.text))
<BR><BR>[Called By]<UL><LI><a href="#[ad]">&gt;&gt;</a>&nbsp;&nbsp;&nbsp;__aeabi_ui2d
<LI><a href="#[ab]">&gt;&gt;</a>&nbsp;&nbsp;&nbsp;__aeabi_i2d
</UL>

<P><STRONG><a name="[ab]"></a>__aeabi_i2d</STRONG> (Thumb, 16 bytes, Stack size 0 bytes, dflti.o(.text))
<BR><BR>[Calls]<UL><LI><a href="#[ac]">&gt;&gt;</a>&nbsp;&nbsp;&nbsp;__aeabi_i2d_normalise
</UL>
<BR>[Called By]<UL><LI><a href="#[83]">&gt;&gt;</a>&nbsp;&nbsp;&nbsp;ResultCalculateTask
<LI><a href="#[84]">&gt;&gt;</a>&nbsp;&nbsp;&nbsp;LCD_MainInterfaceTask
<LI><a href="#[18b]">&gt;&gt;</a>&nbsp;&nbsp;&nbsp;SystemTask
</UL>

<P><STRONG><a name="[1cf]"></a>_dflt</STRONG> (Thumb, 0 bytes, Stack size 0 bytes, dflti.o(.text), UNUSED)

<P><STRONG><a name="[ad]"></a>__aeabi_ui2d</STRONG> (Thumb, 6 bytes, Stack size 0 bytes, dflti.o(.text))
<BR><BR>[Calls]<UL><LI><a href="#[ac]">&gt;&gt;</a>&nbsp;&nbsp;&nbsp;__aeabi_i2d_normalise
</UL>
<BR>[Called By]<UL><LI><a href="#[fa]">&gt;&gt;</a>&nbsp;&nbsp;&nbsp;CurrentOutput_UpdateCalcData
<LI><a href="#[f5]">&gt;&gt;</a>&nbsp;&nbsp;&nbsp;CurrentOutput_UA
<LI><a href="#[18b]">&gt;&gt;</a>&nbsp;&nbsp;&nbsp;SystemTask
</UL>

<P><STRONG><a name="[1d0]"></a>_dfltu</STRONG> (Thumb, 0 bytes, Stack size 0 bytes, dflti.o(.text), UNUSED)

<P><STRONG><a name="[f6]"></a>__aeabi_dmul</STRONG> (Thumb, 0 bytes, Stack size 56 bytes, dmul.o(.text))
<BR><BR>[Stack]<UL><LI>Max Depth = 56<LI>Call Chain = __aeabi_dmul
</UL>
<BR>[Called By]<UL><LI><a href="#[f5]">&gt;&gt;</a>&nbsp;&nbsp;&nbsp;CurrentOutput_UA
<LI><a href="#[84]">&gt;&gt;</a>&nbsp;&nbsp;&nbsp;LCD_MainInterfaceTask
<LI><a href="#[180]">&gt;&gt;</a>&nbsp;&nbsp;&nbsp;Sensor_Task
</UL>

<P><STRONG><a name="[1d1]"></a>_dmul</STRONG> (Thumb, 558 bytes, Stack size 56 bytes, dmul.o(.text), UNUSED)

<P><STRONG><a name="[184]"></a>__aeabi_f2d</STRONG> (Thumb, 0 bytes, Stack size 0 bytes, f2d.o(.text))
<BR><BR>[Called By]<UL><LI><a href="#[180]">&gt;&gt;</a>&nbsp;&nbsp;&nbsp;Sensor_Task
</UL>

<P><STRONG><a name="[1d2]"></a>_f2d</STRONG> (Thumb, 80 bytes, Stack size 0 bytes, f2d.o(.text), UNUSED)

<P><STRONG><a name="[110]"></a>__aeabi_fdiv</STRONG> (Thumb, 0 bytes, Stack size 20 bytes, fdiv.o(.text))
<BR><BR>[Stack]<UL><LI>Max Depth = 20<LI>Call Chain = __aeabi_fdiv
</UL>
<BR>[Called By]<UL><LI><a href="#[180]">&gt;&gt;</a>&nbsp;&nbsp;&nbsp;Sensor_Task
<LI><a href="#[10e]">&gt;&gt;</a>&nbsp;&nbsp;&nbsp;Filter
</UL>

<P><STRONG><a name="[af]"></a>_fdiv</STRONG> (Thumb, 334 bytes, Stack size 20 bytes, fdiv.o(.text), UNUSED)
<BR><BR>[Called By]<UL><LI><a href="#[ae]">&gt;&gt;</a>&nbsp;&nbsp;&nbsp;_frdiv
</UL>

<P><STRONG><a name="[ae]"></a>_frdiv</STRONG> (Thumb, 8 bytes, Stack size 0 bytes, fdiv.o(.text), UNUSED)
<BR><BR>[Calls]<UL><LI><a href="#[af]">&gt;&gt;</a>&nbsp;&nbsp;&nbsp;_fdiv
</UL>

<P><STRONG><a name="[186]"></a>__aeabi_f2iz</STRONG> (Thumb, 0 bytes, Stack size 8 bytes, ffixi.o(.text))
<BR><BR>[Stack]<UL><LI>Max Depth = 8<LI>Call Chain = __aeabi_f2iz
</UL>
<BR>[Called By]<UL><LI><a href="#[180]">&gt;&gt;</a>&nbsp;&nbsp;&nbsp;Sensor_Task
</UL>

<P><STRONG><a name="[1d3]"></a>_ffix</STRONG> (Thumb, 76 bytes, Stack size 8 bytes, ffixi.o(.text), UNUSED)

<P><STRONG><a name="[b1]"></a>__aeabi_i2f_normalise</STRONG> (Thumb, 72 bytes, Stack size 0 bytes, fflti.o(.text))
<BR><BR>[Called By]<UL><LI><a href="#[b2]">&gt;&gt;</a>&nbsp;&nbsp;&nbsp;__aeabi_ui2f
<LI><a href="#[b0]">&gt;&gt;</a>&nbsp;&nbsp;&nbsp;__aeabi_i2f
</UL>

<P><STRONG><a name="[b0]"></a>__aeabi_i2f</STRONG> (Thumb, 16 bytes, Stack size 0 bytes, fflti.o(.text))
<BR><BR>[Calls]<UL><LI><a href="#[b1]">&gt;&gt;</a>&nbsp;&nbsp;&nbsp;__aeabi_i2f_normalise
</UL>
<BR>[Called By]<UL><LI><a href="#[180]">&gt;&gt;</a>&nbsp;&nbsp;&nbsp;Sensor_Task
</UL>

<P><STRONG><a name="[1d4]"></a>_fflt</STRONG> (Thumb, 0 bytes, Stack size 0 bytes, fflti.o(.text), UNUSED)

<P><STRONG><a name="[b2]"></a>__aeabi_ui2f</STRONG> (Thumb, 6 bytes, Stack size 0 bytes, fflti.o(.text))
<BR><BR>[Calls]<UL><LI><a href="#[b1]">&gt;&gt;</a>&nbsp;&nbsp;&nbsp;__aeabi_i2f_normalise
</UL>
<BR>[Called By]<UL><LI><a href="#[10e]">&gt;&gt;</a>&nbsp;&nbsp;&nbsp;Filter
</UL>

<P><STRONG><a name="[1d5]"></a>_ffltu</STRONG> (Thumb, 0 bytes, Stack size 0 bytes, fflti.o(.text), UNUSED)

<P><STRONG><a name="[9f]"></a>_printf_int_common</STRONG> (Thumb, 176 bytes, Stack size 40 bytes, _printf_intcommon.o(.text))
<BR><BR>[Stack]<UL><LI>Max Depth = 40<LI>Call Chain = _printf_int_common
</UL>
<BR>[Calls]<UL><LI><a href="#[b3]">&gt;&gt;</a>&nbsp;&nbsp;&nbsp;_printf_pre_padding (Weak Reference)
<LI><a href="#[b4]">&gt;&gt;</a>&nbsp;&nbsp;&nbsp;_printf_post_padding (Weak Reference)
</UL>
<BR>[Called By]<UL><LI><a href="#[8b]">&gt;&gt;</a>&nbsp;&nbsp;&nbsp;_printf_int_dec
</UL>

<P><STRONG><a name="[98]"></a>_printf_char_common</STRONG> (Thumb, 32 bytes, Stack size 64 bytes, _printf_char_common.o(.text))
<BR><BR>[Stack]<UL><LI>Max Depth = 88 + Unknown Stack Size
<LI>Call Chain = _printf_char_common &rArr; __printf
</UL>
<BR>[Calls]<UL><LI><a href="#[9a]">&gt;&gt;</a>&nbsp;&nbsp;&nbsp;__printf
</UL>
<BR>[Called By]<UL><LI><a href="#[97]">&gt;&gt;</a>&nbsp;&nbsp;&nbsp;__2snprintf
</UL>

<P><STRONG><a name="[99]"></a>_sputc</STRONG> (Thumb, 10 bytes, Stack size 0 bytes, _sputc.o(.text))
<BR><BR>[Called By]<UL><LI><a href="#[97]">&gt;&gt;</a>&nbsp;&nbsp;&nbsp;__2snprintf
</UL>

<P><STRONG><a name="[72]"></a>_snputc</STRONG> (Thumb, 16 bytes, Stack size 0 bytes, _snputc.o(.text))
<BR>[Address Reference Count : 1]<UL><LI> __2snprintf.o(.text)
</UL>
<P><STRONG><a name="[9e]"></a>__rt_udiv10</STRONG> (Thumb, 40 bytes, Stack size 0 bytes, rtudiv10.o(.text))
<BR><BR>[Called By]<UL><LI><a href="#[8b]">&gt;&gt;</a>&nbsp;&nbsp;&nbsp;_printf_int_dec
</UL>

<P><STRONG><a name="[196]"></a>_drnd</STRONG> (Thumb, 232 bytes, Stack size 20 bytes, drnd.o(.text))
<BR><BR>[Stack]<UL><LI>Max Depth = 20<LI>Call Chain = _drnd
</UL>
<BR>[Called By]<UL><LI><a href="#[f8]">&gt;&gt;</a>&nbsp;&nbsp;&nbsp;round
</UL>

<P><STRONG><a name="[b6]"></a>__fpl_cmpreturn</STRONG> (Thumb, 46 bytes, Stack size 0 bytes, cmpret.o(.text), UNUSED)
<BR><BR>[Called By]<UL><LI><a href="#[bc]">&gt;&gt;</a>&nbsp;&nbsp;&nbsp;__fpl_return_NaN
<LI><a href="#[b5]">&gt;&gt;</a>&nbsp;&nbsp;&nbsp;__fpl_dcmp_InfNaN
</UL>

<P><STRONG><a name="[b5]"></a>__fpl_dcmp_InfNaN</STRONG> (Thumb, 140 bytes, Stack size 24 bytes, dcmpin.o(.text), UNUSED)
<BR><BR>[Calls]<UL><LI><a href="#[b7]">&gt;&gt;</a>&nbsp;&nbsp;&nbsp;__fpl_dcheck_NaN2
<LI><a href="#[b6]">&gt;&gt;</a>&nbsp;&nbsp;&nbsp;__fpl_cmpreturn
</UL>
<BR>[Called By]<UL><LI><a href="#[19b]">&gt;&gt;</a>&nbsp;&nbsp;&nbsp;_drcmple
<LI><a href="#[19a]">&gt;&gt;</a>&nbsp;&nbsp;&nbsp;_dcmple
</UL>

<P><STRONG><a name="[8d]"></a>__user_setup_stackheap</STRONG> (Thumb, 62 bytes, Stack size 8 bytes, sys_stackheap_outer.o(.text))
<BR><BR>[Stack]<UL><LI>Max Depth = 8 + Unknown Stack Size
<LI>Call Chain = __user_setup_stackheap
</UL>
<BR>[Calls]<UL><LI><a href="#[b9]">&gt;&gt;</a>&nbsp;&nbsp;&nbsp;__user_initial_stackheap
<LI><a href="#[b8]">&gt;&gt;</a>&nbsp;&nbsp;&nbsp;__user_perproc_libspace
</UL>
<BR>[Called By]<UL><LI><a href="#[8c]">&gt;&gt;</a>&nbsp;&nbsp;&nbsp;__rt_entry_sh
</UL>

<P><STRONG><a name="[92]"></a>exit</STRONG> (Thumb, 16 bytes, Stack size 8 bytes, exit.o(.text))
<BR><BR>[Stack]<UL><LI>Max Depth = 8 + Unknown Stack Size
<LI>Call Chain = exit
</UL>
<BR>[Calls]<UL><LI><a href="#[bb]">&gt;&gt;</a>&nbsp;&nbsp;&nbsp;__rt_exit
<LI><a href="#[ba]">&gt;&gt;</a>&nbsp;&nbsp;&nbsp;_call_atexit_fns (Weak Reference)
</UL>
<BR>[Called By]<UL><LI><a href="#[90]">&gt;&gt;</a>&nbsp;&nbsp;&nbsp;__rt_entry_main
</UL>

<P><STRONG><a name="[b7]"></a>__fpl_dcheck_NaN2</STRONG> (Thumb, 14 bytes, Stack size 8 bytes, dnan2.o(.text), UNUSED)
<BR><BR>[Calls]<UL><LI><a href="#[bc]">&gt;&gt;</a>&nbsp;&nbsp;&nbsp;__fpl_return_NaN
</UL>
<BR>[Called By]<UL><LI><a href="#[b5]">&gt;&gt;</a>&nbsp;&nbsp;&nbsp;__fpl_dcmp_InfNaN
</UL>

<P><STRONG><a name="[bc]"></a>__fpl_return_NaN</STRONG> (Thumb, 94 bytes, Stack size 8 bytes, retnan.o(.text), UNUSED)
<BR><BR>[Calls]<UL><LI><a href="#[b6]">&gt;&gt;</a>&nbsp;&nbsp;&nbsp;__fpl_cmpreturn
</UL>
<BR>[Called By]<UL><LI><a href="#[b7]">&gt;&gt;</a>&nbsp;&nbsp;&nbsp;__fpl_dcheck_NaN2
</UL>

<P><STRONG><a name="[1d6]"></a>__user_libspace</STRONG> (Thumb, 8 bytes, Stack size 0 bytes, libspace.o(.text), UNUSED)

<P><STRONG><a name="[b8]"></a>__user_perproc_libspace</STRONG> (Thumb, 0 bytes, Stack size 0 bytes, libspace.o(.text))
<BR><BR>[Called By]<UL><LI><a href="#[8d]">&gt;&gt;</a>&nbsp;&nbsp;&nbsp;__user_setup_stackheap
</UL>

<P><STRONG><a name="[1d7]"></a>__user_perthread_libspace</STRONG> (Thumb, 0 bytes, Stack size 0 bytes, libspace.o(.text), UNUSED)

<P><STRONG><a name="[96]"></a>_sys_exit</STRONG> (Thumb, 8 bytes, Stack size 0 bytes, sys_exit.o(.text))
<BR><BR>[Called By]<UL><LI><a href="#[95]">&gt;&gt;</a>&nbsp;&nbsp;&nbsp;__rt_exit_exit
</UL>

<P><STRONG><a name="[1d8]"></a>__I$use$semihosting</STRONG> (Thumb, 0 bytes, Stack size 0 bytes, use_no_semi.o(.text), UNUSED)

<P><STRONG><a name="[1d9]"></a>__use_no_semihosting_swi</STRONG> (Thumb, 2 bytes, Stack size 0 bytes, use_no_semi.o(.text), UNUSED)

<P><STRONG><a name="[1da]"></a>__decompress</STRONG> (Thumb, 0 bytes, Stack size unknown bytes, __dczerorl2.o(.text), UNUSED)

<P><STRONG><a name="[1db]"></a>__decompress1</STRONG> (Thumb, 86 bytes, Stack size unknown bytes, __dczerorl2.o(.text), UNUSED)

<P><STRONG><a name="[1dc]"></a>__semihosting_library_function</STRONG> (Thumb, 0 bytes, Stack size unknown bytes, indicate_semi.o(.text), UNUSED)

<P><STRONG><a name="[bd]"></a>ADC_Bsp_Init</STRONG> (Thumb, 200 bytes, Stack size 8 bytes, adc_config.o(i.ADC_Bsp_Init))
<BR><BR>[Stack]<UL><LI>Max Depth = 92<LI>Call Chain = ADC_Bsp_Init &rArr; HAL_ADCEx_Calibration_Start &rArr; HAL_RCCEx_GetPeriphCLKFreq &rArr; HAL_RCC_GetPCLK1Freq
</UL>
<BR>[Calls]<UL><LI><a href="#[c1]">&gt;&gt;</a>&nbsp;&nbsp;&nbsp;AppDataRead
<LI><a href="#[bf]">&gt;&gt;</a>&nbsp;&nbsp;&nbsp;HAL_ADC_Init
<LI><a href="#[be]">&gt;&gt;</a>&nbsp;&nbsp;&nbsp;HAL_ADC_DeInit
<LI><a href="#[c0]">&gt;&gt;</a>&nbsp;&nbsp;&nbsp;HAL_ADCEx_Calibration_Start
</UL>
<BR>[Called By]<UL><LI><a href="#[18d]">&gt;&gt;</a>&nbsp;&nbsp;&nbsp;System_DeviceInit
</UL>

<P><STRONG><a name="[c2]"></a>ADC_Channelx_Init</STRONG> (Thumb, 114 bytes, Stack size 24 bytes, adc_config.o(i.ADC_Channelx_Init))
<BR><BR>[Stack]<UL><LI>Max Depth = 56<LI>Call Chain = ADC_Channelx_Init &rArr; ADC_DeviceCtrl &rArr; ADC_Enable
</UL>
<BR>[Calls]<UL><LI><a href="#[c7]">&gt;&gt;</a>&nbsp;&nbsp;&nbsp;ADC_DeviceCtrl
<LI><a href="#[c6]">&gt;&gt;</a>&nbsp;&nbsp;&nbsp;HAL_OPA_Start
<LI><a href="#[c5]">&gt;&gt;</a>&nbsp;&nbsp;&nbsp;HAL_OPA_Init
<LI><a href="#[c4]">&gt;&gt;</a>&nbsp;&nbsp;&nbsp;HAL_OPA_DeInit
<LI><a href="#[c3]">&gt;&gt;</a>&nbsp;&nbsp;&nbsp;HAL_ADC_ConfigChannel
</UL>
<BR>[Called By]<UL><LI><a href="#[109]">&gt;&gt;</a>&nbsp;&nbsp;&nbsp;ExternalReferenceVolGetTask
<LI><a href="#[18b]">&gt;&gt;</a>&nbsp;&nbsp;&nbsp;SystemTask
</UL>

<P><STRONG><a name="[c8]"></a>ADC_ConversionStop</STRONG> (Thumb, 90 bytes, Stack size 16 bytes, py32f072_hal_adc.o(i.ADC_ConversionStop))
<BR><BR>[Stack]<UL><LI>Max Depth = 16<LI>Call Chain = ADC_ConversionStop
</UL>
<BR>[Calls]<UL><LI><a href="#[c9]">&gt;&gt;</a>&nbsp;&nbsp;&nbsp;HAL_GetTick
</UL>
<BR>[Called By]<UL><LI><a href="#[c7]">&gt;&gt;</a>&nbsp;&nbsp;&nbsp;ADC_DeviceCtrl
</UL>

<P><STRONG><a name="[ca]"></a>ADC_ConversionStop_Disable</STRONG> (Thumb, 94 bytes, Stack size 16 bytes, py32f072_hal_adc.o(i.ADC_ConversionStop_Disable))
<BR><BR>[Stack]<UL><LI>Max Depth = 16<LI>Call Chain = ADC_ConversionStop_Disable
</UL>
<BR>[Calls]<UL><LI><a href="#[c9]">&gt;&gt;</a>&nbsp;&nbsp;&nbsp;HAL_GetTick
</UL>
<BR>[Called By]<UL><LI><a href="#[bf]">&gt;&gt;</a>&nbsp;&nbsp;&nbsp;HAL_ADC_Init
<LI><a href="#[be]">&gt;&gt;</a>&nbsp;&nbsp;&nbsp;HAL_ADC_DeInit
<LI><a href="#[c0]">&gt;&gt;</a>&nbsp;&nbsp;&nbsp;HAL_ADCEx_Calibration_Start
</UL>

<P><STRONG><a name="[c7]"></a>ADC_DeviceCtrl</STRONG> (Thumb, 96 bytes, Stack size 16 bytes, adc_config.o(i.ADC_DeviceCtrl))
<BR><BR>[Stack]<UL><LI>Max Depth = 32<LI>Call Chain = ADC_DeviceCtrl &rArr; ADC_Enable
</UL>
<BR>[Calls]<UL><LI><a href="#[c9]">&gt;&gt;</a>&nbsp;&nbsp;&nbsp;HAL_GetTick
<LI><a href="#[cb]">&gt;&gt;</a>&nbsp;&nbsp;&nbsp;ADC_Enable
<LI><a href="#[c8]">&gt;&gt;</a>&nbsp;&nbsp;&nbsp;ADC_ConversionStop
</UL>
<BR>[Called By]<UL><LI><a href="#[c2]">&gt;&gt;</a>&nbsp;&nbsp;&nbsp;ADC_Channelx_Init
<LI><a href="#[18b]">&gt;&gt;</a>&nbsp;&nbsp;&nbsp;SystemTask
</UL>

<P><STRONG><a name="[cb]"></a>ADC_Enable</STRONG> (Thumb, 152 bytes, Stack size 16 bytes, py32f072_hal_adc.o(i.ADC_Enable))
<BR><BR>[Stack]<UL><LI>Max Depth = 16<LI>Call Chain = ADC_Enable
</UL>
<BR>[Calls]<UL><LI><a href="#[c9]">&gt;&gt;</a>&nbsp;&nbsp;&nbsp;HAL_GetTick
<LI><a href="#[cc]">&gt;&gt;</a>&nbsp;&nbsp;&nbsp;__aeabi_uidivmod
</UL>
<BR>[Called By]<UL><LI><a href="#[c7]">&gt;&gt;</a>&nbsp;&nbsp;&nbsp;ADC_DeviceCtrl
</UL>

<P><STRONG><a name="[10a]"></a>ADC_GetData</STRONG> (Thumb, 30 bytes, Stack size 0 bytes, adc_config.o(i.ADC_GetData))
<BR><BR>[Called By]<UL><LI><a href="#[109]">&gt;&gt;</a>&nbsp;&nbsp;&nbsp;ExternalReferenceVolGetTask
<LI><a href="#[18b]">&gt;&gt;</a>&nbsp;&nbsp;&nbsp;SystemTask
</UL>

<P><STRONG><a name="[194]"></a>ADC_ScanTask</STRONG> (Thumb, 296 bytes, Stack size 16 bytes, adc_config.o(i.ADC_ScanTask))
<BR><BR>[Stack]<UL><LI>Max Depth = 16<LI>Call Chain = ADC_ScanTask
</UL>
<BR>[Called By]<UL><LI><a href="#[91]">&gt;&gt;</a>&nbsp;&nbsp;&nbsp;main
</UL>

<P><STRONG><a name="[cd]"></a>APPDataEmpty</STRONG> (Thumb, 442 bytes, Stack size 16 bytes, flash_config.o(i.APPDataEmpty))
<BR><BR>[Stack]<UL><LI>Max Depth = 16<LI>Call Chain = APPDataEmpty
</UL>
<BR>[Calls]<UL><LI><a href="#[ce]">&gt;&gt;</a>&nbsp;&nbsp;&nbsp;__aeabi_memclr4
</UL>
<BR>[Called By]<UL><LI><a href="#[d5]">&gt;&gt;</a>&nbsp;&nbsp;&nbsp;AppDataInit
<LI><a href="#[38]">&gt;&gt;</a>&nbsp;&nbsp;&nbsp;SystemSetFactoryResetFuntion
</UL>

<P><STRONG><a name="[cf]"></a>APPDataFlashWrite</STRONG> (Thumb, 22 bytes, Stack size 8 bytes, flash_config.o(i.APPDataFlashWrite))
<BR><BR>[Stack]<UL><LI>Max Depth = 92<LI>Call Chain = APPDataFlashWrite &rArr; FlashPageErase &rArr; HAL_FLASH_Program &rArr; FLASH_Program_Page
</UL>
<BR>[Calls]<UL><LI><a href="#[d0]">&gt;&gt;</a>&nbsp;&nbsp;&nbsp;FlashPageErase
</UL>
<BR>[Called By]<UL><LI><a href="#[d5]">&gt;&gt;</a>&nbsp;&nbsp;&nbsp;AppDataInit
<LI><a href="#[ed]">&gt;&gt;</a>&nbsp;&nbsp;&nbsp;CalibDataWritePoll_Task
<LI><a href="#[df]">&gt;&gt;</a>&nbsp;&nbsp;&nbsp;AppSetRange
<LI><a href="#[3b]">&gt;&gt;</a>&nbsp;&nbsp;&nbsp;SystemSetLanguageEnglishFuntion
<LI><a href="#[3a]">&gt;&gt;</a>&nbsp;&nbsp;&nbsp;SystemSetLanguageChineseFuntion
<LI><a href="#[45]">&gt;&gt;</a>&nbsp;&nbsp;&nbsp;SystemSetFontColourYellowFuntion
<LI><a href="#[42]">&gt;&gt;</a>&nbsp;&nbsp;&nbsp;SystemSetFontColourWhiteFuntion
<LI><a href="#[47]">&gt;&gt;</a>&nbsp;&nbsp;&nbsp;SystemSetFontColourVioletFuntion
<LI><a href="#[44]">&gt;&gt;</a>&nbsp;&nbsp;&nbsp;SystemSetFontColourOrangeFuntion
<LI><a href="#[46]">&gt;&gt;</a>&nbsp;&nbsp;&nbsp;SystemSetFontColourGreenFuntion
<LI><a href="#[43]">&gt;&gt;</a>&nbsp;&nbsp;&nbsp;SystemSetFontColourBlueFuntion
<LI><a href="#[38]">&gt;&gt;</a>&nbsp;&nbsp;&nbsp;SystemSetFactoryResetFuntion
<LI><a href="#[f]">&gt;&gt;</a>&nbsp;&nbsp;&nbsp;ParamSetZeroResetFuntion
<LI><a href="#[28]">&gt;&gt;</a>&nbsp;&nbsp;&nbsp;ParamSetUnitMpaFuntion
<LI><a href="#[29]">&gt;&gt;</a>&nbsp;&nbsp;&nbsp;ParamSetUnitKpaFuntion
<LI><a href="#[18]">&gt;&gt;</a>&nbsp;&nbsp;&nbsp;ParamSetRange9Funtion
<LI><a href="#[17]">&gt;&gt;</a>&nbsp;&nbsp;&nbsp;ParamSetRange8Funtion
<LI><a href="#[16]">&gt;&gt;</a>&nbsp;&nbsp;&nbsp;ParamSetRange7Funtion
<LI><a href="#[15]">&gt;&gt;</a>&nbsp;&nbsp;&nbsp;ParamSetRange6Funtion
<LI><a href="#[14]">&gt;&gt;</a>&nbsp;&nbsp;&nbsp;ParamSetRange5Funtion
<LI><a href="#[13]">&gt;&gt;</a>&nbsp;&nbsp;&nbsp;ParamSetRange4Funtion
<LI><a href="#[12]">&gt;&gt;</a>&nbsp;&nbsp;&nbsp;ParamSetRange3Funtion
<LI><a href="#[11]">&gt;&gt;</a>&nbsp;&nbsp;&nbsp;ParamSetRange2Funtion
<LI><a href="#[10]">&gt;&gt;</a>&nbsp;&nbsp;&nbsp;ParamSetRange1Funtion
<LI><a href="#[19]">&gt;&gt;</a>&nbsp;&nbsp;&nbsp;ParamSetRange10Funtion
<LI><a href="#[33]">&gt;&gt;</a>&nbsp;&nbsp;&nbsp;ParamSetOut2WayReverseFuntion
<LI><a href="#[32]">&gt;&gt;</a>&nbsp;&nbsp;&nbsp;ParamSetOut2WayNoReverseFuntion
<LI><a href="#[24]">&gt;&gt;</a>&nbsp;&nbsp;&nbsp;ParamSetOut2ValleyValueFuntion
<LI><a href="#[22]">&gt;&gt;</a>&nbsp;&nbsp;&nbsp;ParamSetOut2ThresholdValueFuntion
<LI><a href="#[23]">&gt;&gt;</a>&nbsp;&nbsp;&nbsp;ParamSetOut2PeakValueFuntion
<LI><a href="#[31]">&gt;&gt;</a>&nbsp;&nbsp;&nbsp;ParamSetOut2ModeWindowFuntion
<LI><a href="#[2f]">&gt;&gt;</a>&nbsp;&nbsp;&nbsp;ParamSetOut2ModeOrdinaryFuntion
<LI><a href="#[30]">&gt;&gt;</a>&nbsp;&nbsp;&nbsp;ParamSetOut2ModeLagFuntion
<LI><a href="#[25]">&gt;&gt;</a>&nbsp;&nbsp;&nbsp;ParamSetOut2LagValFuntion
<LI><a href="#[26]">&gt;&gt;</a>&nbsp;&nbsp;&nbsp;ParamSetOut2DelayTimeFuntion
<LI><a href="#[2e]">&gt;&gt;</a>&nbsp;&nbsp;&nbsp;ParamSetOut1WayReverseFuntion
<LI><a href="#[2d]">&gt;&gt;</a>&nbsp;&nbsp;&nbsp;ParamSetOut1WayNoReverseFuntion
<LI><a href="#[1d]">&gt;&gt;</a>&nbsp;&nbsp;&nbsp;ParamSetOut1ValleyValueFuntion
<LI><a href="#[1b]">&gt;&gt;</a>&nbsp;&nbsp;&nbsp;ParamSetOut1ThresholdValueFuntion
<LI><a href="#[1c]">&gt;&gt;</a>&nbsp;&nbsp;&nbsp;ParamSetOut1PeakValueFuntion
<LI><a href="#[2c]">&gt;&gt;</a>&nbsp;&nbsp;&nbsp;ParamSetOut1ModeWindowFuntion
<LI><a href="#[2a]">&gt;&gt;</a>&nbsp;&nbsp;&nbsp;ParamSetOut1ModeOrdinaryFuntion
<LI><a href="#[2b]">&gt;&gt;</a>&nbsp;&nbsp;&nbsp;ParamSetOut1ModeLagFuntion
<LI><a href="#[1e]">&gt;&gt;</a>&nbsp;&nbsp;&nbsp;ParamSetOut1LagValFuntion
<LI><a href="#[1f]">&gt;&gt;</a>&nbsp;&nbsp;&nbsp;ParamSetOut1DelayTimeFuntion
<LI><a href="#[e]">&gt;&gt;</a>&nbsp;&nbsp;&nbsp;ParamSetCompensationValFuntion
<LI><a href="#[48]">&gt;&gt;</a>&nbsp;&nbsp;&nbsp;CurrentsCalibration_4mAFuntion
<LI><a href="#[49]">&gt;&gt;</a>&nbsp;&nbsp;&nbsp;CurrentsCalibration_20mAFuntion
</UL>

<P><STRONG><a name="[d5]"></a>AppDataInit</STRONG> (Thumb, 450 bytes, Stack size 16 bytes, flash_config.o(i.AppDataInit))
<BR><BR>[Stack]<UL><LI>Max Depth = 108<LI>Call Chain = AppDataInit &rArr; APPDataFlashWrite &rArr; FlashPageErase &rArr; HAL_FLASH_Program &rArr; FLASH_Program_Page
</UL>
<BR>[Calls]<UL><LI><a href="#[c1]">&gt;&gt;</a>&nbsp;&nbsp;&nbsp;AppDataRead
<LI><a href="#[d7]">&gt;&gt;</a>&nbsp;&nbsp;&nbsp;System_ParameterReset
<LI><a href="#[d6]">&gt;&gt;</a>&nbsp;&nbsp;&nbsp;Flash_Read_DATA
<LI><a href="#[d8]">&gt;&gt;</a>&nbsp;&nbsp;&nbsp;Set_UART_PARA
<LI><a href="#[dd]">&gt;&gt;</a>&nbsp;&nbsp;&nbsp;Set_Para
<LI><a href="#[db]">&gt;&gt;</a>&nbsp;&nbsp;&nbsp;UInt32ToFloat
<LI><a href="#[d9]">&gt;&gt;</a>&nbsp;&nbsp;&nbsp;Set_PressureCal
<LI><a href="#[dc]">&gt;&gt;</a>&nbsp;&nbsp;&nbsp;Set_Extreme_Value
<LI><a href="#[da]">&gt;&gt;</a>&nbsp;&nbsp;&nbsp;Set_CalibAD
<LI><a href="#[de]">&gt;&gt;</a>&nbsp;&nbsp;&nbsp;Set_JM1203_Set
<LI><a href="#[cf]">&gt;&gt;</a>&nbsp;&nbsp;&nbsp;APPDataFlashWrite
<LI><a href="#[cd]">&gt;&gt;</a>&nbsp;&nbsp;&nbsp;APPDataEmpty
</UL>
<BR>[Called By]<UL><LI><a href="#[18d]">&gt;&gt;</a>&nbsp;&nbsp;&nbsp;System_DeviceInit
</UL>

<P><STRONG><a name="[c1]"></a>AppDataRead</STRONG> (Thumb, 22 bytes, Stack size 0 bytes, flash_config.o(i.AppDataRead))
<BR><BR>[Called By]<UL><LI><a href="#[166]">&gt;&gt;</a>&nbsp;&nbsp;&nbsp;MeterInterfaceInit
<LI><a href="#[109]">&gt;&gt;</a>&nbsp;&nbsp;&nbsp;ExternalReferenceVolGetTask
<LI><a href="#[107]">&gt;&gt;</a>&nbsp;&nbsp;&nbsp;ExternalOutput_Init
<LI><a href="#[fa]">&gt;&gt;</a>&nbsp;&nbsp;&nbsp;CurrentOutput_UpdateCalcData
<LI><a href="#[d5]">&gt;&gt;</a>&nbsp;&nbsp;&nbsp;AppDataInit
<LI><a href="#[bd]">&gt;&gt;</a>&nbsp;&nbsp;&nbsp;ADC_Bsp_Init
<LI><a href="#[83]">&gt;&gt;</a>&nbsp;&nbsp;&nbsp;ResultCalculateTask
<LI><a href="#[161]">&gt;&gt;</a>&nbsp;&nbsp;&nbsp;MainPageParamDisplayTask
<LI><a href="#[39]">&gt;&gt;</a>&nbsp;&nbsp;&nbsp;SystemSetVersionFuntion
<LI><a href="#[45]">&gt;&gt;</a>&nbsp;&nbsp;&nbsp;SystemSetFontColourYellowFuntion
<LI><a href="#[42]">&gt;&gt;</a>&nbsp;&nbsp;&nbsp;SystemSetFontColourWhiteFuntion
<LI><a href="#[47]">&gt;&gt;</a>&nbsp;&nbsp;&nbsp;SystemSetFontColourVioletFuntion
<LI><a href="#[44]">&gt;&gt;</a>&nbsp;&nbsp;&nbsp;SystemSetFontColourOrangeFuntion
<LI><a href="#[46]">&gt;&gt;</a>&nbsp;&nbsp;&nbsp;SystemSetFontColourGreenFuntion
<LI><a href="#[37]">&gt;&gt;</a>&nbsp;&nbsp;&nbsp;SystemSetFontColourFuntion
<LI><a href="#[43]">&gt;&gt;</a>&nbsp;&nbsp;&nbsp;SystemSetFontColourBlueFuntion
<LI><a href="#[38]">&gt;&gt;</a>&nbsp;&nbsp;&nbsp;SystemSetFactoryResetFuntion
<LI><a href="#[d]">&gt;&gt;</a>&nbsp;&nbsp;&nbsp;ParamSetUnitFuntion
<LI><a href="#[a]">&gt;&gt;</a>&nbsp;&nbsp;&nbsp;ParamSetRangeFuntion
<LI><a href="#[27]">&gt;&gt;</a>&nbsp;&nbsp;&nbsp;ParamSetOut2WayFuntion
<LI><a href="#[24]">&gt;&gt;</a>&nbsp;&nbsp;&nbsp;ParamSetOut2ValleyValueFuntion
<LI><a href="#[22]">&gt;&gt;</a>&nbsp;&nbsp;&nbsp;ParamSetOut2ThresholdValueFuntion
<LI><a href="#[23]">&gt;&gt;</a>&nbsp;&nbsp;&nbsp;ParamSetOut2PeakValueFuntion
<LI><a href="#[21]">&gt;&gt;</a>&nbsp;&nbsp;&nbsp;ParamSetOut2ModeFuntion
<LI><a href="#[25]">&gt;&gt;</a>&nbsp;&nbsp;&nbsp;ParamSetOut2LagValFuntion
<LI><a href="#[26]">&gt;&gt;</a>&nbsp;&nbsp;&nbsp;ParamSetOut2DelayTimeFuntion
<LI><a href="#[20]">&gt;&gt;</a>&nbsp;&nbsp;&nbsp;ParamSetOut1WayFuntion
<LI><a href="#[1d]">&gt;&gt;</a>&nbsp;&nbsp;&nbsp;ParamSetOut1ValleyValueFuntion
<LI><a href="#[1b]">&gt;&gt;</a>&nbsp;&nbsp;&nbsp;ParamSetOut1ThresholdValueFuntion
<LI><a href="#[1c]">&gt;&gt;</a>&nbsp;&nbsp;&nbsp;ParamSetOut1PeakValueFuntion
<LI><a href="#[1a]">&gt;&gt;</a>&nbsp;&nbsp;&nbsp;ParamSetOut1ModeFuntion
<LI><a href="#[1e]">&gt;&gt;</a>&nbsp;&nbsp;&nbsp;ParamSetOut1LagValFuntion
<LI><a href="#[1f]">&gt;&gt;</a>&nbsp;&nbsp;&nbsp;ParamSetOut1DelayTimeFuntion
<LI><a href="#[48]">&gt;&gt;</a>&nbsp;&nbsp;&nbsp;CurrentsCalibration_4mAFuntion
<LI><a href="#[49]">&gt;&gt;</a>&nbsp;&nbsp;&nbsp;CurrentsCalibration_20mAFuntion
</UL>

<P><STRONG><a name="[ef]"></a>AppDataWrite</STRONG> (Thumb, 34 bytes, Stack size 0 bytes, flash_config.o(i.AppDataWrite))
<BR><BR>[Called By]<UL><LI><a href="#[d7]">&gt;&gt;</a>&nbsp;&nbsp;&nbsp;System_ParameterReset
<LI><a href="#[ed]">&gt;&gt;</a>&nbsp;&nbsp;&nbsp;CalibDataWritePoll_Task
<LI><a href="#[3b]">&gt;&gt;</a>&nbsp;&nbsp;&nbsp;SystemSetLanguageEnglishFuntion
<LI><a href="#[3a]">&gt;&gt;</a>&nbsp;&nbsp;&nbsp;SystemSetLanguageChineseFuntion
<LI><a href="#[45]">&gt;&gt;</a>&nbsp;&nbsp;&nbsp;SystemSetFontColourYellowFuntion
<LI><a href="#[42]">&gt;&gt;</a>&nbsp;&nbsp;&nbsp;SystemSetFontColourWhiteFuntion
<LI><a href="#[47]">&gt;&gt;</a>&nbsp;&nbsp;&nbsp;SystemSetFontColourVioletFuntion
<LI><a href="#[44]">&gt;&gt;</a>&nbsp;&nbsp;&nbsp;SystemSetFontColourOrangeFuntion
<LI><a href="#[46]">&gt;&gt;</a>&nbsp;&nbsp;&nbsp;SystemSetFontColourGreenFuntion
<LI><a href="#[43]">&gt;&gt;</a>&nbsp;&nbsp;&nbsp;SystemSetFontColourBlueFuntion
<LI><a href="#[38]">&gt;&gt;</a>&nbsp;&nbsp;&nbsp;SystemSetFactoryResetFuntion
<LI><a href="#[f]">&gt;&gt;</a>&nbsp;&nbsp;&nbsp;ParamSetZeroResetFuntion
<LI><a href="#[28]">&gt;&gt;</a>&nbsp;&nbsp;&nbsp;ParamSetUnitMpaFuntion
<LI><a href="#[29]">&gt;&gt;</a>&nbsp;&nbsp;&nbsp;ParamSetUnitKpaFuntion
<LI><a href="#[18]">&gt;&gt;</a>&nbsp;&nbsp;&nbsp;ParamSetRange9Funtion
<LI><a href="#[17]">&gt;&gt;</a>&nbsp;&nbsp;&nbsp;ParamSetRange8Funtion
<LI><a href="#[16]">&gt;&gt;</a>&nbsp;&nbsp;&nbsp;ParamSetRange7Funtion
<LI><a href="#[15]">&gt;&gt;</a>&nbsp;&nbsp;&nbsp;ParamSetRange6Funtion
<LI><a href="#[14]">&gt;&gt;</a>&nbsp;&nbsp;&nbsp;ParamSetRange5Funtion
<LI><a href="#[13]">&gt;&gt;</a>&nbsp;&nbsp;&nbsp;ParamSetRange4Funtion
<LI><a href="#[12]">&gt;&gt;</a>&nbsp;&nbsp;&nbsp;ParamSetRange3Funtion
<LI><a href="#[11]">&gt;&gt;</a>&nbsp;&nbsp;&nbsp;ParamSetRange2Funtion
<LI><a href="#[10]">&gt;&gt;</a>&nbsp;&nbsp;&nbsp;ParamSetRange1Funtion
<LI><a href="#[19]">&gt;&gt;</a>&nbsp;&nbsp;&nbsp;ParamSetRange10Funtion
<LI><a href="#[33]">&gt;&gt;</a>&nbsp;&nbsp;&nbsp;ParamSetOut2WayReverseFuntion
<LI><a href="#[32]">&gt;&gt;</a>&nbsp;&nbsp;&nbsp;ParamSetOut2WayNoReverseFuntion
<LI><a href="#[24]">&gt;&gt;</a>&nbsp;&nbsp;&nbsp;ParamSetOut2ValleyValueFuntion
<LI><a href="#[22]">&gt;&gt;</a>&nbsp;&nbsp;&nbsp;ParamSetOut2ThresholdValueFuntion
<LI><a href="#[23]">&gt;&gt;</a>&nbsp;&nbsp;&nbsp;ParamSetOut2PeakValueFuntion
<LI><a href="#[31]">&gt;&gt;</a>&nbsp;&nbsp;&nbsp;ParamSetOut2ModeWindowFuntion
<LI><a href="#[2f]">&gt;&gt;</a>&nbsp;&nbsp;&nbsp;ParamSetOut2ModeOrdinaryFuntion
<LI><a href="#[30]">&gt;&gt;</a>&nbsp;&nbsp;&nbsp;ParamSetOut2ModeLagFuntion
<LI><a href="#[25]">&gt;&gt;</a>&nbsp;&nbsp;&nbsp;ParamSetOut2LagValFuntion
<LI><a href="#[26]">&gt;&gt;</a>&nbsp;&nbsp;&nbsp;ParamSetOut2DelayTimeFuntion
<LI><a href="#[2e]">&gt;&gt;</a>&nbsp;&nbsp;&nbsp;ParamSetOut1WayReverseFuntion
<LI><a href="#[2d]">&gt;&gt;</a>&nbsp;&nbsp;&nbsp;ParamSetOut1WayNoReverseFuntion
<LI><a href="#[1d]">&gt;&gt;</a>&nbsp;&nbsp;&nbsp;ParamSetOut1ValleyValueFuntion
<LI><a href="#[1b]">&gt;&gt;</a>&nbsp;&nbsp;&nbsp;ParamSetOut1ThresholdValueFuntion
<LI><a href="#[1c]">&gt;&gt;</a>&nbsp;&nbsp;&nbsp;ParamSetOut1PeakValueFuntion
<LI><a href="#[2c]">&gt;&gt;</a>&nbsp;&nbsp;&nbsp;ParamSetOut1ModeWindowFuntion
<LI><a href="#[2a]">&gt;&gt;</a>&nbsp;&nbsp;&nbsp;ParamSetOut1ModeOrdinaryFuntion
<LI><a href="#[2b]">&gt;&gt;</a>&nbsp;&nbsp;&nbsp;ParamSetOut1ModeLagFuntion
<LI><a href="#[1e]">&gt;&gt;</a>&nbsp;&nbsp;&nbsp;ParamSetOut1LagValFuntion
<LI><a href="#[1f]">&gt;&gt;</a>&nbsp;&nbsp;&nbsp;ParamSetOut1DelayTimeFuntion
<LI><a href="#[e]">&gt;&gt;</a>&nbsp;&nbsp;&nbsp;ParamSetCompensationValFuntion
<LI><a href="#[48]">&gt;&gt;</a>&nbsp;&nbsp;&nbsp;CurrentsCalibration_4mAFuntion
<LI><a href="#[49]">&gt;&gt;</a>&nbsp;&nbsp;&nbsp;CurrentsCalibration_20mAFuntion
</UL>

<P><STRONG><a name="[df]"></a>AppSetRange</STRONG> (Thumb, 24 bytes, Stack size 8 bytes, flash_config.o(i.AppSetRange))
<BR><BR>[Stack]<UL><LI>Max Depth = 100<LI>Call Chain = AppSetRange &rArr; APPDataFlashWrite &rArr; FlashPageErase &rArr; HAL_FLASH_Program &rArr; FLASH_Program_Page
</UL>
<BR>[Calls]<UL><LI><a href="#[d7]">&gt;&gt;</a>&nbsp;&nbsp;&nbsp;System_ParameterReset
<LI><a href="#[d6]">&gt;&gt;</a>&nbsp;&nbsp;&nbsp;Flash_Read_DATA
<LI><a href="#[cf]">&gt;&gt;</a>&nbsp;&nbsp;&nbsp;APPDataFlashWrite
</UL>
<BR>[Called By]<UL><LI><a href="#[18]">&gt;&gt;</a>&nbsp;&nbsp;&nbsp;ParamSetRange9Funtion
<LI><a href="#[17]">&gt;&gt;</a>&nbsp;&nbsp;&nbsp;ParamSetRange8Funtion
<LI><a href="#[16]">&gt;&gt;</a>&nbsp;&nbsp;&nbsp;ParamSetRange7Funtion
<LI><a href="#[15]">&gt;&gt;</a>&nbsp;&nbsp;&nbsp;ParamSetRange6Funtion
<LI><a href="#[14]">&gt;&gt;</a>&nbsp;&nbsp;&nbsp;ParamSetRange5Funtion
<LI><a href="#[13]">&gt;&gt;</a>&nbsp;&nbsp;&nbsp;ParamSetRange4Funtion
<LI><a href="#[12]">&gt;&gt;</a>&nbsp;&nbsp;&nbsp;ParamSetRange3Funtion
<LI><a href="#[11]">&gt;&gt;</a>&nbsp;&nbsp;&nbsp;ParamSetRange2Funtion
<LI><a href="#[10]">&gt;&gt;</a>&nbsp;&nbsp;&nbsp;ParamSetRange1Funtion
<LI><a href="#[19]">&gt;&gt;</a>&nbsp;&nbsp;&nbsp;ParamSetRange10Funtion
</UL>

<P><STRONG><a name="[e0]"></a>App_Register</STRONG> (Thumb, 666 bytes, Stack size 32 bytes, app_modreg.o(i.App_Register))
<BR><BR>[Stack]<UL><LI>Max Depth = 48<LI>Call Chain = App_Register &rArr; Set_PressureCal
</UL>
<BR>[Calls]<UL><LI><a href="#[e1]">&gt;&gt;</a>&nbsp;&nbsp;&nbsp;Get_INT_Value
<LI><a href="#[db]">&gt;&gt;</a>&nbsp;&nbsp;&nbsp;UInt32ToFloat
<LI><a href="#[d9]">&gt;&gt;</a>&nbsp;&nbsp;&nbsp;Set_PressureCal
<LI><a href="#[dc]">&gt;&gt;</a>&nbsp;&nbsp;&nbsp;Set_Extreme_Value
<LI><a href="#[da]">&gt;&gt;</a>&nbsp;&nbsp;&nbsp;Set_CalibAD
<LI><a href="#[e2]">&gt;&gt;</a>&nbsp;&nbsp;&nbsp;Get_Value
<LI><a href="#[e5]">&gt;&gt;</a>&nbsp;&nbsp;&nbsp;Get_UART_PARA
<LI><a href="#[ea]">&gt;&gt;</a>&nbsp;&nbsp;&nbsp;Get_PressureCal
<LI><a href="#[e4]">&gt;&gt;</a>&nbsp;&nbsp;&nbsp;Get_Para
<LI><a href="#[e8]">&gt;&gt;</a>&nbsp;&nbsp;&nbsp;Get_Extreme_Value
<LI><a href="#[e7]">&gt;&gt;</a>&nbsp;&nbsp;&nbsp;Get_CalibAD
<LI><a href="#[e3]">&gt;&gt;</a>&nbsp;&nbsp;&nbsp;FloatToUInt32
<LI><a href="#[de]">&gt;&gt;</a>&nbsp;&nbsp;&nbsp;Set_JM1203_Set
<LI><a href="#[e9]">&gt;&gt;</a>&nbsp;&nbsp;&nbsp;Get_JM1203_Set
<LI><a href="#[e6]">&gt;&gt;</a>&nbsp;&nbsp;&nbsp;Get_Bridge_RawData
</UL>
<BR>[Called By]<UL><LI><a href="#[177]">&gt;&gt;</a>&nbsp;&nbsp;&nbsp;Modbus_10H
<LI><a href="#[176]">&gt;&gt;</a>&nbsp;&nbsp;&nbsp;Modbus_06H
<LI><a href="#[175]">&gt;&gt;</a>&nbsp;&nbsp;&nbsp;Modbus_03H
</UL>

<P><STRONG><a name="[14c]"></a>Button_ADD_EventMsp</STRONG> (Thumb, 68 bytes, Stack size 8 bytes, app_key.o(i.Button_ADD_EventMsp))
<BR><BR>[Stack]<UL><LI>Max Depth = 8<LI>Call Chain = Button_ADD_EventMsp
</UL>
<BR>[Called By]<UL><LI><a href="#[14b]">&gt;&gt;</a>&nbsp;&nbsp;&nbsp;KEY_Init
</UL>

<P><STRONG><a name="[eb]"></a>Button_StatusMachine</STRONG> (Thumb, 598 bytes, Stack size 16 bytes, app_key.o(i.Button_StatusMachine))
<BR><BR>[Stack]<UL><LI>Max Depth = 24<LI>Call Chain = Button_StatusMachine &rArr; __ARM_common_switch8
</UL>
<BR>[Calls]<UL><LI><a href="#[ec]">&gt;&gt;</a>&nbsp;&nbsp;&nbsp;__ARM_common_switch8
</UL>
<BR>[Called By]<UL><LI><a href="#[14e]">&gt;&gt;</a>&nbsp;&nbsp;&nbsp;KEY_Scan
</UL>

<P><STRONG><a name="[ed]"></a>CalibDataWritePoll_Task</STRONG> (Thumb, 390 bytes, Stack size 16 bytes, flash_config.o(i.CalibDataWritePoll_Task))
<BR><BR>[Stack]<UL><LI>Max Depth = 108<LI>Call Chain = CalibDataWritePoll_Task &rArr; APPDataFlashWrite &rArr; FlashPageErase &rArr; HAL_FLASH_Program &rArr; FLASH_Program_Page
</UL>
<BR>[Calls]<UL><LI><a href="#[ee]">&gt;&gt;</a>&nbsp;&nbsp;&nbsp;GetSystemTick
<LI><a href="#[ef]">&gt;&gt;</a>&nbsp;&nbsp;&nbsp;AppDataWrite
<LI><a href="#[e5]">&gt;&gt;</a>&nbsp;&nbsp;&nbsp;Get_UART_PARA
<LI><a href="#[ea]">&gt;&gt;</a>&nbsp;&nbsp;&nbsp;Get_PressureCal
<LI><a href="#[e4]">&gt;&gt;</a>&nbsp;&nbsp;&nbsp;Get_Para
<LI><a href="#[e8]">&gt;&gt;</a>&nbsp;&nbsp;&nbsp;Get_Extreme_Value
<LI><a href="#[e7]">&gt;&gt;</a>&nbsp;&nbsp;&nbsp;Get_CalibAD
<LI><a href="#[e3]">&gt;&gt;</a>&nbsp;&nbsp;&nbsp;FloatToUInt32
<LI><a href="#[e9]">&gt;&gt;</a>&nbsp;&nbsp;&nbsp;Get_JM1203_Set
<LI><a href="#[cf]">&gt;&gt;</a>&nbsp;&nbsp;&nbsp;APPDataFlashWrite
</UL>
<BR>[Called By]<UL><LI><a href="#[91]">&gt;&gt;</a>&nbsp;&nbsp;&nbsp;main
</UL>

<P><STRONG><a name="[f0]"></a>CurrentOutput_Init</STRONG> (Thumb, 108 bytes, Stack size 8 bytes, pwm_config.o(i.CurrentOutput_Init))
<BR><BR>[Stack]<UL><LI>Max Depth = 68<LI>Call Chain = CurrentOutput_Init &rArr; HAL_TIM_Base_Init &rArr; HAL_TIM_Base_MspInit &rArr; HAL_GPIO_DeInit
</UL>
<BR>[Calls]<UL><LI><a href="#[f4]">&gt;&gt;</a>&nbsp;&nbsp;&nbsp;HAL_TIM_PWM_Start
<LI><a href="#[f3]">&gt;&gt;</a>&nbsp;&nbsp;&nbsp;HAL_TIM_PWM_Init
<LI><a href="#[f2]">&gt;&gt;</a>&nbsp;&nbsp;&nbsp;HAL_TIM_PWM_ConfigChannel
<LI><a href="#[f1]">&gt;&gt;</a>&nbsp;&nbsp;&nbsp;HAL_TIM_Base_Init
</UL>
<BR>[Called By]<UL><LI><a href="#[18d]">&gt;&gt;</a>&nbsp;&nbsp;&nbsp;System_DeviceInit
</UL>

<P><STRONG><a name="[102]"></a>CurrentOutput_PwmValueSet</STRONG> (Thumb, 8 bytes, Stack size 0 bytes, pwm_config.o(i.CurrentOutput_PwmValueSet))
<BR><BR>[Called By]<UL><LI><a href="#[18b]">&gt;&gt;</a>&nbsp;&nbsp;&nbsp;SystemTask
<LI><a href="#[48]">&gt;&gt;</a>&nbsp;&nbsp;&nbsp;CurrentsCalibration_4mAFuntion
<LI><a href="#[49]">&gt;&gt;</a>&nbsp;&nbsp;&nbsp;CurrentsCalibration_20mAFuntion
</UL>

<P><STRONG><a name="[f5]"></a>CurrentOutput_UA</STRONG> (Thumb, 90 bytes, Stack size 48 bytes, pwm_config.o(i.CurrentOutput_UA))
<BR><BR>[Stack]<UL><LI>Max Depth = 112<LI>Call Chain = CurrentOutput_UA &rArr; round &rArr; __aeabi_cdrcmple
</UL>
<BR>[Calls]<UL><LI><a href="#[f8]">&gt;&gt;</a>&nbsp;&nbsp;&nbsp;round
<LI><a href="#[f6]">&gt;&gt;</a>&nbsp;&nbsp;&nbsp;__aeabi_dmul
<LI><a href="#[ad]">&gt;&gt;</a>&nbsp;&nbsp;&nbsp;__aeabi_ui2d
<LI><a href="#[f9]">&gt;&gt;</a>&nbsp;&nbsp;&nbsp;__aeabi_d2uiz
<LI><a href="#[f7]">&gt;&gt;</a>&nbsp;&nbsp;&nbsp;__aeabi_dadd
</UL>
<BR>[Called By]<UL><LI><a href="#[84]">&gt;&gt;</a>&nbsp;&nbsp;&nbsp;LCD_MainInterfaceTask
</UL>

<P><STRONG><a name="[fa]"></a>CurrentOutput_UpdateCalcData</STRONG> (Thumb, 56 bytes, Stack size 16 bytes, pwm_config.o(i.CurrentOutput_UpdateCalcData))
<BR><BR>[Stack]<UL><LI>Max Depth = 80<LI>Call Chain = CurrentOutput_UpdateCalcData &rArr; __aeabi_ddiv
</UL>
<BR>[Calls]<UL><LI><a href="#[c1]">&gt;&gt;</a>&nbsp;&nbsp;&nbsp;AppDataRead
<LI><a href="#[ad]">&gt;&gt;</a>&nbsp;&nbsp;&nbsp;__aeabi_ui2d
<LI><a href="#[fb]">&gt;&gt;</a>&nbsp;&nbsp;&nbsp;__aeabi_ddiv
</UL>
<BR>[Called By]<UL><LI><a href="#[18b]">&gt;&gt;</a>&nbsp;&nbsp;&nbsp;SystemTask
<LI><a href="#[38]">&gt;&gt;</a>&nbsp;&nbsp;&nbsp;SystemSetFactoryResetFuntion
<LI><a href="#[48]">&gt;&gt;</a>&nbsp;&nbsp;&nbsp;CurrentsCalibration_4mAFuntion
<LI><a href="#[49]">&gt;&gt;</a>&nbsp;&nbsp;&nbsp;CurrentsCalibration_20mAFuntion
</UL>

<P><STRONG><a name="[49]"></a>CurrentsCalibration_20mAFuntion</STRONG> (Thumb, 1612 bytes, Stack size 40 bytes, meterinterface.o(i.CurrentsCalibration_20mAFuntion))
<BR><BR>[Stack]<UL><LI>Max Depth = 224<LI>Call Chain = CurrentsCalibration_20mAFuntion &rArr; ParamSetEndDisplayPage &rArr; LCD_ShowString &rArr; LCD_ShowChar &rArr; LCD_DrawPoint &rArr; LCD_Address_Set &rArr; LCD_WR_DATA16
</UL>
<BR>[Calls]<UL><LI><a href="#[100]">&gt;&gt;</a>&nbsp;&nbsp;&nbsp;MeterInterfaceKeyShield
<LI><a href="#[ee]">&gt;&gt;</a>&nbsp;&nbsp;&nbsp;GetSystemTick
<LI><a href="#[fa]">&gt;&gt;</a>&nbsp;&nbsp;&nbsp;CurrentOutput_UpdateCalcData
<LI><a href="#[102]">&gt;&gt;</a>&nbsp;&nbsp;&nbsp;CurrentOutput_PwmValueSet
<LI><a href="#[ef]">&gt;&gt;</a>&nbsp;&nbsp;&nbsp;AppDataWrite
<LI><a href="#[c1]">&gt;&gt;</a>&nbsp;&nbsp;&nbsp;AppDataRead
<LI><a href="#[101]">&gt;&gt;</a>&nbsp;&nbsp;&nbsp;KEY_ReadEvent
<LI><a href="#[fe]">&gt;&gt;</a>&nbsp;&nbsp;&nbsp;LCD_ShowString
<LI><a href="#[104]">&gt;&gt;</a>&nbsp;&nbsp;&nbsp;LCD_ShowIntNum
<LI><a href="#[fd]">&gt;&gt;</a>&nbsp;&nbsp;&nbsp;LCD_ShowChinese
<LI><a href="#[fc]">&gt;&gt;</a>&nbsp;&nbsp;&nbsp;LCD_Fill
<LI><a href="#[ff]">&gt;&gt;</a>&nbsp;&nbsp;&nbsp;LCD_DrawRectangle
<LI><a href="#[cf]">&gt;&gt;</a>&nbsp;&nbsp;&nbsp;APPDataFlashWrite
<LI><a href="#[103]">&gt;&gt;</a>&nbsp;&nbsp;&nbsp;ParamSetEndDisplayPage
</UL>
<BR>[Address Reference Count : 1]<UL><LI> meterinterface.o(.data)
</UL>
[...]
<LI><a href="#[fd]">&gt;&gt;</a>&nbsp;&nbsp;&nbsp;LCD_ShowChinese
</UL>
<BR>[Called By]<UL><LI><a href="#[40]">&gt;&gt;</a>&nbsp;&nbsp;&nbsp;SystemSetOutput2TestOpenFuntion
<LI><a href="#[41]">&gt;&gt;</a>&nbsp;&nbsp;&nbsp;SystemSetOutput2TestCloseFuntion
<LI><a href="#[3e]">&gt;&gt;</a>&nbsp;&nbsp;&nbsp;SystemSetOutput1TestOpenFuntion
<LI><a href="#[3f]">&gt;&gt;</a>&nbsp;&nbsp;&nbsp;SystemSetOutput1TestCloseFuntion
<LI><a href="#[3b]">&gt;&gt;</a>&nbsp;&nbsp;&nbsp;SystemSetLanguageEnglishFuntion
<LI><a href="#[3a]">&gt;&gt;</a>&nbsp;&nbsp;&nbsp;SystemSetLanguageChineseFuntion
<LI><a href="#[45]">&gt;&gt;</a>&nbsp;&nbsp;&nbsp;SystemSetFontColourYellowFuntion
<LI><a href="#[42]">&gt;&gt;</a>&nbsp;&nbsp;&nbsp;SystemSetFontColourWhiteFuntion
<LI><a href="#[47]">&gt;&gt;</a>&nbsp;&nbsp;&nbsp;SystemSetFontColourVioletFuntion
<LI><a href="#[44]">&gt;&gt;</a>&nbsp;&nbsp;&nbsp;SystemSetFontColourOrangeFuntion
<LI><a href="#[46]">&gt;&gt;</a>&nbsp;&nbsp;&nbsp;SystemSetFontColourGreenFuntion
<LI><a href="#[43]">&gt;&gt;</a>&nbsp;&nbsp;&nbsp;SystemSetFontColourBlueFuntion
<LI><a href="#[38]">&gt;&gt;</a>&nbsp;&nbsp;&nbsp;SystemSetFactoryResetFuntion
<LI><a href="#[f]">&gt;&gt;</a>&nbsp;&nbsp;&nbsp;ParamSetZeroResetFuntion
<LI><a href="#[28]">&gt;&gt;</a>&nbsp;&nbsp;&nbsp;ParamSetUnitMpaFuntion
<LI><a href="#[29]">&gt;&gt;</a>&nbsp;&nbsp;&nbsp;ParamSetUnitKpaFuntion
<LI><a href="#[18]">&gt;&gt;</a>&nbsp;&nbsp;&nbsp;ParamSetRange9Funtion
<LI><a href="#[17]">&gt;&gt;</a>&nbsp;&nbsp;&nbsp;ParamSetRange8Funtion
<LI><a href="#[16]">&gt;&gt;</a>&nbsp;&nbsp;&nbsp;ParamSetRange7Funtion
<LI><a href="#[15]">&gt;&gt;</a>&nbsp;&nbsp;&nbsp;ParamSetRange6Funtion
<LI><a href="#[14]">&gt;&gt;</a>&nbsp;&nbsp;&nbsp;ParamSetRange5Funtion
<LI><a href="#[13]">&gt;&gt;</a>&nbsp;&nbsp;&nbsp;ParamSetRange4Funtion
<LI><a href="#[12]">&gt;&gt;</a>&nbsp;&nbsp;&nbsp;ParamSetRange3Funtion
<LI><a href="#[11]">&gt;&gt;</a>&nbsp;&nbsp;&nbsp;ParamSetRange2Funtion
<LI><a href="#[10]">&gt;&gt;</a>&nbsp;&nbsp;&nbsp;ParamSetRange1Funtion
<LI><a href="#[19]">&gt;&gt;</a>&nbsp;&nbsp;&nbsp;ParamSetRange10Funtion
<LI><a href="#[33]">&gt;&gt;</a>&nbsp;&nbsp;&nbsp;ParamSetOut2WayReverseFuntion
<LI><a href="#[32]">&gt;&gt;</a>&nbsp;&nbsp;&nbsp;ParamSetOut2WayNoReverseFuntion
<LI><a href="#[24]">&gt;&gt;</a>&nbsp;&nbsp;&nbsp;ParamSetOut2ValleyValueFuntion
<LI><a href="#[22]">&gt;&gt;</a>&nbsp;&nbsp;&nbsp;ParamSetOut2ThresholdValueFuntion
<LI><a href="#[23]">&gt;&gt;</a>&nbsp;&nbsp;&nbsp;ParamSetOut2PeakValueFuntion
<LI><a href="#[31]">&gt;&gt;</a>&nbsp;&nbsp;&nbsp;ParamSetOut2ModeWindowFuntion
<LI><a href="#[2f]">&gt;&gt;</a>&nbsp;&nbsp;&nbsp;ParamSetOut2ModeOrdinaryFuntion
<LI><a href="#[30]">&gt;&gt;</a>&nbsp;&nbsp;&nbsp;ParamSetOut2ModeLagFuntion
<LI><a href="#[25]">&gt;&gt;</a>&nbsp;&nbsp;&nbsp;ParamSetOut2LagValFuntion
<LI><a href="#[26]">&gt;&gt;</a>&nbsp;&nbsp;&nbsp;ParamSetOut2DelayTimeFuntion
<LI><a href="#[2e]">&gt;&gt;</a>&nbsp;&nbsp;&nbsp;ParamSetOut1WayReverseFuntion
<LI><a href="#[2d]">&gt;&gt;</a>&nbsp;&nbsp;&nbsp;ParamSetOut1WayNoReverseFuntion
<LI><a href="#[1d]">&gt;&gt;</a>&nbsp;&nbsp;&nbsp;ParamSetOut1ValleyValueFuntion
<LI><a href="#[1b]">&gt;&gt;</a>&nbsp;&nbsp;&nbsp;ParamSetOut1ThresholdValueFuntion
<LI><a href="#[1c]">&gt;&gt;</a>&nbsp;&nbsp;&nbsp;ParamSetOut1PeakValueFuntion
<LI><a href="#[2c]">&gt;&gt;</a>&nbsp;&nbsp;&nbsp;ParamSetOut1ModeWindowFuntion
<LI><a href="#[2a]">&gt;&gt;</a>&nbsp;&nbsp;&nbsp;ParamSetOut1ModeOrdinaryFuntion
<LI><a href="#[2b]">&gt;&gt;</a>&nbsp;&nbsp;&nbsp;ParamSetOut1ModeLagFuntion
<LI><a href="#[1e]">&gt;&gt;</a>&nbsp;&nbsp;&nbsp;ParamSetOut1LagValFuntion
<LI><a href="#[1f]">&gt;&gt;</a>&nbsp;&nbsp;&nbsp;ParamSetOut1DelayTimeFuntion
<LI><a href="#[e]">&gt;&gt;</a>&nbsp;&nbsp;&nbsp;ParamSetCompensationValFuntion
<LI><a href="#[48]">&gt;&gt;</a>&nbsp;&nbsp;&nbsp;CurrentsCalibration_4mAFuntion
<LI><a href="#[49]">&gt;&gt;</a>&nbsp;&nbsp;&nbsp;CurrentsCalibration_20mAFuntion
</UL>

<P><STRONG><a name="[13e]"></a>Delay</STRONG> (Thumb, 28 bytes, Stack size 0 bytes, app_jm1203.o(i.Delay))
<BR><BR>[Called By]<UL><LI><a href="#[144]">&gt;&gt;</a>&nbsp;&nbsp;&nbsp;IIC_Wait_Ack
<LI><a href="#[143]">&gt;&gt;</a>&nbsp;&nbsp;&nbsp;IIC_Stop
<LI><a href="#[142]">&gt;&gt;</a>&nbsp;&nbsp;&nbsp;IIC_Start
<LI><a href="#[141]">&gt;&gt;</a>&nbsp;&nbsp;&nbsp;IIC_Send_Byte
<LI><a href="#[140]">&gt;&gt;</a>&nbsp;&nbsp;&nbsp;IIC_Read_Byte
<LI><a href="#[13f]">&gt;&gt;</a>&nbsp;&nbsp;&nbsp;IIC_NAck
<LI><a href="#[13d]">&gt;&gt;</a>&nbsp;&nbsp;&nbsp;IIC_Ack
</UL>

<P><STRONG><a name="[13d]"></a>IIC_Ack</STRONG> (Thumb, 38 bytes, Stack size 8 bytes, app_jm1203.o(i.IIC_Ack))
<BR><BR>[Stack]<UL><LI>Max Depth = 8<LI>Call Chain = IIC_Ack
</UL>
<BR>[Calls]<UL><LI><a href="#[13e]">&gt;&gt;</a>&nbsp;&nbsp;&nbsp;Delay
</UL>
<BR>[Called By]<UL><LI><a href="#[140]">&gt;&gt;</a>&nbsp;&nbsp;&nbsp;IIC_Read_Byte
</UL>

<P><STRONG><a name="[13f]"></a>IIC_NAck</STRONG> (Thumb, 38 bytes, Stack size 8 bytes, app_jm1203.o(i.IIC_NAck))
<BR><BR>[Stack]<UL><LI>Max Depth = 8<LI>Call Chain = IIC_NAck
</UL>
<BR>[Calls]<UL><LI><a href="#[13e]">&gt;&gt;</a>&nbsp;&nbsp;&nbsp;Delay
</UL>
<BR>[Called By]<UL><LI><a href="#[140]">&gt;&gt;</a>&nbsp;&nbsp;&nbsp;IIC_Read_Byte
</UL>

<P><STRONG><a name="[140]"></a>IIC_Read_Byte</STRONG> (Thumb, 86 bytes, Stack size 16 bytes, app_jm1203.o(i.IIC_Read_Byte))
<BR><BR>[Stack]<UL><LI>Max Depth = 24<LI>Call Chain = IIC_Read_Byte &rArr; IIC_NAck
</UL>
<BR>[Calls]<UL><LI><a href="#[13f]">&gt;&gt;</a>&nbsp;&nbsp;&nbsp;IIC_NAck
<LI><a href="#[13d]">&gt;&gt;</a>&nbsp;&nbsp;&nbsp;IIC_Ack
<LI><a href="#[13e]">&gt;&gt;</a>&nbsp;&nbsp;&nbsp;Delay
</UL>
<BR>[Called By]<UL><LI><a href="#[148]">&gt;&gt;</a>&nbsp;&nbsp;&nbsp;JM1203_Read_Reg
</UL>

<P><STRONG><a name="[141]"></a>IIC_Send_Byte</STRONG> (Thumb, 82 bytes, Stack size 16 bytes, app_jm1203.o(i.IIC_Send_Byte))
<BR><BR>[Stack]<UL><LI>Max Depth = 16<LI>Call Chain = IIC_Send_Byte
</UL>
<BR>[Calls]<UL><LI><a href="#[13e]">&gt;&gt;</a>&nbsp;&nbsp;&nbsp;Delay
</UL>
<BR>[Called By]<UL><LI><a href="#[147]">&gt;&gt;</a>&nbsp;&nbsp;&nbsp;JM1203_Write_Reg
<LI><a href="#[148]">&gt;&gt;</a>&nbsp;&nbsp;&nbsp;JM1203_Read_Reg
</UL>

<P><STRONG><a name="[142]"></a>IIC_Start</STRONG> (Thumb, 38 bytes, Stack size 8 bytes, app_jm1203.o(i.IIC_Start))
<BR><BR>[Stack]<UL><LI>Max Depth = 8<LI>Call Chain = IIC_Start
</UL>
<BR>[Calls]<UL><LI><a href="#[13e]">&gt;&gt;</a>&nbsp;&nbsp;&nbsp;Delay
</UL>
<BR>[Called By]<UL><LI><a href="#[147]">&gt;&gt;</a>&nbsp;&nbsp;&nbsp;JM1203_Write_Reg
<LI><a href="#[148]">&gt;&gt;</a>&nbsp;&nbsp;&nbsp;JM1203_Read_Reg
</UL>

<P><STRONG><a name="[143]"></a>IIC_Stop</STRONG> (Thumb, 36 bytes, Stack size 8 bytes, app_jm1203.o(i.IIC_Stop))
<BR><BR>[Stack]<UL><LI>Max Depth = 8<LI>Call Chain = IIC_Stop
</UL>
<BR>[Calls]<UL><LI><a href="#[13e]">&gt;&gt;</a>&nbsp;&nbsp;&nbsp;Delay
</UL>
<BR>[Called By]<UL><LI><a href="#[147]">&gt;&gt;</a>&nbsp;&nbsp;&nbsp;JM1203_Write_Reg
<LI><a href="#[148]">&gt;&gt;</a>&nbsp;&nbsp;&nbsp;JM1203_Read_Reg
</UL>

<P><STRONG><a name="[144]"></a>IIC_Wait_Ack</STRONG> (Thumb, 64 bytes, Stack size 8 bytes, app_jm1203.o(i.IIC_Wait_Ack))
<BR><BR>[Stack]<UL><LI>Max Depth = 8<LI>Call Chain = IIC_Wait_Ack
</UL>
<BR>[Calls]<UL><LI><a href="#[13e]">&gt;&gt;</a>&nbsp;&nbsp;&nbsp;Delay
</UL>
<BR>[Called By]<UL><LI><a href="#[147]">&gt;&gt;</a>&nbsp;&nbsp;&nbsp;JM1203_Write_Reg
<LI><a href="#[148]">&gt;&gt;</a>&nbsp;&nbsp;&nbsp;JM1203_Read_Reg
</UL>

<P><STRONG><a name="[148]"></a>JM1203_Read_Reg</STRONG> (Thumb, 76 bytes, Stack size 16 bytes, app_jm1203.o(i.JM1203_Read_Reg))
<BR><BR>[Stack]<UL><LI>Max Depth = 40<LI>Call Chain = JM1203_Read_Reg &rArr; IIC_Read_Byte &rArr; IIC_NAck
</UL>
<BR>[Calls]<UL><LI><a href="#[144]">&gt;&gt;</a>&nbsp;&nbsp;&nbsp;IIC_Wait_Ack
<LI><a href="#[143]">&gt;&gt;</a>&nbsp;&nbsp;&nbsp;IIC_Stop
<LI><a href="#[142]">&gt;&gt;</a>&nbsp;&nbsp;&nbsp;IIC_Start
<LI><a href="#[141]">&gt;&gt;</a>&nbsp;&nbsp;&nbsp;IIC_Send_Byte
<LI><a href="#[140]">&gt;&gt;</a>&nbsp;&nbsp;&nbsp;IIC_Read_Byte
</UL>
<BR>[Called By]<UL><LI><a href="#[149]">&gt;&gt;</a>&nbsp;&nbsp;&nbsp;JM1203_Task
</UL>

<P><STRONG><a name="[147]"></a>JM1203_Write_Reg</STRONG> (Thumb, 74 bytes, Stack size 16 bytes, app_jm1203.o(i.JM1203_Write_Reg))
<BR><BR>[Stack]<UL><LI>Max Depth = 32<LI>Call Chain = JM1203_Write_Reg &rArr; IIC_Send_Byte
</UL>
<BR>[Calls]<UL><LI><a href="#[144]">&gt;&gt;</a>&nbsp;&nbsp;&nbsp;IIC_Wait_Ack
<LI><a href="#[143]">&gt;&gt;</a>&nbsp;&nbsp;&nbsp;IIC_Stop
<LI><a href="#[142]">&gt;&gt;</a>&nbsp;&nbsp;&nbsp;IIC_Start
<LI><a href="#[141]">&gt;&gt;</a>&nbsp;&nbsp;&nbsp;IIC_Send_Byte
</UL>
<BR>[Called By]<UL><LI><a href="#[149]">&gt;&gt;</a>&nbsp;&nbsp;&nbsp;JM1203_Task
<LI><a href="#[146]">&gt;&gt;</a>&nbsp;&nbsp;&nbsp;JM1203_Init
</UL>

<P><STRONG><a name="[10e]"></a>Filter</STRONG> (Thumb, 160 bytes, Stack size 32 bytes, app_sensor.o(i.Filter))
<BR><BR>[Stack]<UL><LI>Max Depth = 52<LI>Call Chain = Filter &rArr; __aeabi_fdiv
</UL>
<BR>[Calls]<UL><LI><a href="#[b2]">&gt;&gt;</a>&nbsp;&nbsp;&nbsp;__aeabi_ui2f
<LI><a href="#[110]">&gt;&gt;</a>&nbsp;&nbsp;&nbsp;__aeabi_fdiv
<LI><a href="#[10f]">&gt;&gt;</a>&nbsp;&nbsp;&nbsp;__aeabi_fadd
</UL>
<BR>[Called By]<UL><LI><a href="#[180]">&gt;&gt;</a>&nbsp;&nbsp;&nbsp;Sensor_Task
</UL>

<P><STRONG><a name="[175]"></a>Modbus_03H</STRONG> (Thumb, 174 bytes, Stack size 40 bytes, modbusrtu.o(i.Modbus_03H))
<BR><BR>[Stack]<UL><LI>Max Depth = 96<LI>Call Chain = Modbus_03H &rArr; UART_SendData &rArr; UartStartTx &rArr; UartReadFromFifo
</UL>
<BR>[Calls]<UL><LI><a href="#[178]">&gt;&gt;</a>&nbsp;&nbsp;&nbsp;UART_SendData
<LI><a href="#[174]">&gt;&gt;</a>&nbsp;&nbsp;&nbsp;Modbus_16CRC
<LI><a href="#[e0]">&gt;&gt;</a>&nbsp;&nbsp;&nbsp;App_Register
</UL>
<BR>[Called By]<UL><LI><a href="#[172]">&gt;&gt;</a>&nbsp;&nbsp;&nbsp;ModbusRTU_Task
</UL>

<P><STRONG><a name="[176]"></a>Modbus_06H</STRONG> (Thumb, 48 bytes, Stack size 24 bytes, modbusrtu.o(i.Modbus_06H))
<BR><BR>[Stack]<UL><LI>Max Depth = 80<LI>Call Chain = Modbus_06H &rArr; UART_SendData &rArr; UartStartTx &rArr; UartReadFromFifo
</UL>
<BR>[Calls]<UL><LI><a href="#[178]">&gt;&gt;</a>&nbsp;&nbsp;&nbsp;UART_SendData
<LI><a href="#[e0]">&gt;&gt;</a>&nbsp;&nbsp;&nbsp;App_Register
</UL>
<BR>[Called By]<UL><LI><a href="#[172]">&gt;&gt;</a>&nbsp;&nbsp;&nbsp;ModbusRTU_Task
</UL>

<P><STRONG><a name="[177]"></a>Modbus_10H</STRONG> (Thumb, 180 bytes, Stack size 40 bytes, modbusrtu.o(i.Modbus_10H))
<BR><BR>[Stack]<UL><LI>Max Depth = 96<LI>Call Chain = Modbus_10H &rArr; UART_SendData &rArr; UartStartTx &rArr; UartReadFromFifo
</UL>
<BR>[Calls]<UL><LI><a href="#[178]">&gt;&gt;</a>&nbsp;&nbsp;&nbsp;UART_SendData
<LI><a href="#[174]">&gt;&gt;</a>&nbsp;&nbsp;&nbsp;Modbus_16CRC
<LI><a href="#[e0]">&gt;&gt;</a>&nbsp;&nbsp;&nbsp;App_Register
</UL>
<BR>[Called By]<UL><LI><a href="#[172]">&gt;&gt;</a>&nbsp;&nbsp;&nbsp;ModbusRTU_Task
</UL>

<P><STRONG><a name="[174]"></a>Modbus_16CRC</STRONG> (Thumb, 56 bytes, Stack size 12 bytes, modbusrtu.o(i.Modbus_16CRC))
<BR><BR>[Stack]<UL><LI>Max Depth = 12<LI>Call Chain = Modbus_16CRC
</UL>
<BR>[Called By]<UL><LI><a href="#[172]">&gt;&gt;</a>&nbsp;&nbsp;&nbsp;ModbusRTU_Task
<LI><a href="#[177]">&gt;&gt;</a>&nbsp;&nbsp;&nbsp;Modbus_10H
<LI><a href="#[175]">&gt;&gt;</a>&nbsp;&nbsp;&nbsp;Modbus_03H
</UL>

<P><STRONG><a name="[80]"></a>TTL_RxCallbackMsp</STRONG> (Thumb, 6 bytes, Stack size 0 bytes, modbusrtu.o(i.TTL_RxCallbackMsp))
<BR>[Address Reference Count : 1]<UL><LI> modbusrtu.o(i.MobudRtuInit)
</UL>
<P><STRONG><a name="[193]"></a>UartGetRxFifoLength</STRONG> (Thumb, 94 bytes, Stack size 0 bytes, uart_config.o(i.UartGetRxFifoLength))
<BR><BR>[Called By]<UL><LI><a href="#[6c]">&gt;&gt;</a>&nbsp;&nbsp;&nbsp;USART2_IRQHandler
</UL>

<P><STRONG><a name="[192]"></a>UartGetTxFifoLength</STRONG> (Thumb, 94 bytes, Stack size 0 bytes, uart_config.o(i.UartGetTxFifoLength))
<BR><BR>[Called By]<UL><LI><a href="#[6c]">&gt;&gt;</a>&nbsp;&nbsp;&nbsp;USART2_IRQHandler
</UL>

<P><STRONG><a name="[18f]"></a>UartReadFromFifo</STRONG> (Thumb, 196 bytes, Stack size 16 bytes, uart_config.o(i.UartReadFromFifo))
<BR><BR>[Stack]<UL><LI>Max Depth = 16<LI>Call Chain = UartReadFromFifo
</UL>
<BR>[Called By]<UL><LI><a href="#[6c]">&gt;&gt;</a>&nbsp;&nbsp;&nbsp;USART2_IRQHandler
<LI><a href="#[191]">&gt;&gt;</a>&nbsp;&nbsp;&nbsp;UartStartTx
<LI><a href="#[173]">&gt;&gt;</a>&nbsp;&nbsp;&nbsp;UART_ReadData
</UL>

<P><STRONG><a name="[191]"></a>UartStartTx</STRONG> (Thumb, 64 bytes, Stack size 16 bytes, uart_config.o(i.UartStartTx))
<BR><BR>[Stack]<UL><LI>Max Depth = 32<LI>Call Chain = UartStartTx &rArr; UartReadFromFifo
</UL>
<BR>[Calls]<UL><LI><a href="#[18f]">&gt;&gt;</a>&nbsp;&nbsp;&nbsp;UartReadFromFifo
</UL>
<BR>[Called By]<UL><LI><a href="#[6c]">&gt;&gt;</a>&nbsp;&nbsp;&nbsp;USART2_IRQHandler
<LI><a href="#[178]">&gt;&gt;</a>&nbsp;&nbsp;&nbsp;UART_SendData
</UL>

<P><STRONG><a name="[190]"></a>UartWriteFromFifo</STRONG> (Thumb, 142 bytes, Stack size 16 bytes, uart_config.o(i.UartWriteFromFifo))
<BR><BR>[Stack]<UL><LI>Max Depth = 16<LI>Call Chain = UartWriteFromFifo
</UL>
<BR>[Called By]<UL><LI><a href="#[6c]">&gt;&gt;</a>&nbsp;&nbsp;&nbsp;USART2_IRQHandler
<LI><a href="#[178]">&gt;&gt;</a>&nbsp;&nbsp;&nbsp;UART_SendData
</UL>

<P><STRONG><a name="[d0]"></a>FlashPageErase</STRONG> (Thumb, 82 bytes, Stack size 40 bytes, flash_config.o(i.FlashPageErase))
<BR><BR>[Stack]<UL><LI>Max Depth = 84<LI>Call Chain = FlashPageErase &rArr; HAL_FLASH_Program &rArr; FLASH_Program_Page
</UL>
<BR>[Calls]<UL><LI><a href="#[111]">&gt;&gt;</a>&nbsp;&nbsp;&nbsp;HAL_FLASH_Unlock
<LI><a href="#[113]">&gt;&gt;</a>&nbsp;&nbsp;&nbsp;HAL_FLASH_Program
<LI><a href="#[114]">&gt;&gt;</a>&nbsp;&nbsp;&nbsp;HAL_FLASH_Lock
<LI><a href="#[112]">&gt;&gt;</a>&nbsp;&nbsp;&nbsp;HAL_FLASH_Erase
</UL>
<BR>[Called By]<UL><LI><a href="#[cf]">&gt;&gt;</a>&nbsp;&nbsp;&nbsp;APPDataFlashWrite
</UL>

<P><STRONG><a name="[d6]"></a>Flash_Read_DATA</STRONG> (Thumb, 24 bytes, Stack size 12 bytes, flash_config.o(i.Flash_Read_DATA))
<BR><BR>[Stack]<UL><LI>Max Depth = 12<LI>Call Chain = Flash_Read_DATA
</UL>
<BR>[Called By]<UL><LI><a href="#[d5]">&gt;&gt;</a>&nbsp;&nbsp;&nbsp;AppDataInit
<LI><a href="#[df]">&gt;&gt;</a>&nbsp;&nbsp;&nbsp;AppSetRange
</UL>

<P><STRONG><a name="[125]"></a>__NVIC_SetPriority</STRONG> (Thumb, 110 bytes, Stack size 8 bytes, py32f072_hal_cortex.o(i.__NVIC_SetPriority))
<BR><BR>[Stack]<UL><LI>Max Depth = 8<LI>Call Chain = __NVIC_SetPriority
</UL>
<BR>[Called By]<UL><LI><a href="#[123]">&gt;&gt;</a>&nbsp;&nbsp;&nbsp;HAL_SYSTICK_Config
<LI><a href="#[124]">&gt;&gt;</a>&nbsp;&nbsp;&nbsp;HAL_NVIC_SetPriority
</UL>

<P><STRONG><a name="[11b]"></a>FLASH_MassErase</STRONG> (Thumb, 26 bytes, Stack size 0 bytes, py32f072_hal_flash.o(i.FLASH_MassErase))
<BR><BR>[Called By]<UL><LI><a href="#[112]">&gt;&gt;</a>&nbsp;&nbsp;&nbsp;HAL_FLASH_Erase
</UL>

<P><STRONG><a name="[11c]"></a>FLASH_PageErase</STRONG> (Thumb, 24 bytes, Stack size 0 bytes, py32f072_hal_flash.o(i.FLASH_PageErase))
<BR><BR>[Called By]<UL><LI><a href="#[112]">&gt;&gt;</a>&nbsp;&nbsp;&nbsp;HAL_FLASH_Erase
</UL>

<P><STRONG><a name="[11e]"></a>FLASH_Program_Page</STRONG> (Thumb, 80 bytes, Stack size 20 bytes, py32f072_hal_flash.o(i.FLASH_Program_Page))
<BR><BR>[Stack]<UL><LI>Max Depth = 20<LI>Call Chain = FLASH_Program_Page
</UL>
<BR>[Called By]<UL><LI><a href="#[113]">&gt;&gt;</a>&nbsp;&nbsp;&nbsp;HAL_FLASH_Program
</UL>

<P><STRONG><a name="[11d]"></a>FLASH_SectorErase</STRONG> (Thumb, 20 bytes, Stack size 0 bytes, py32f072_hal_flash.o(i.FLASH_SectorErase))
<BR><BR>[Called By]<UL><LI><a href="#[112]">&gt;&gt;</a>&nbsp;&nbsp;&nbsp;HAL_FLASH_Erase
</UL>

<P><STRONG><a name="[12c]"></a>RCC_GetHSIFreq</STRONG> (Thumb, 20 bytes, Stack size 0 bytes, py32f072_hal_rcc.o(i.RCC_GetHSIFreq))
<BR><BR>[Called By]<UL><LI><a href="#[d2]">&gt;&gt;</a>&nbsp;&nbsp;&nbsp;HAL_RCC_OscConfig
</UL>

<P><STRONG><a name="[130]"></a>TIM_OC1_SetConfig</STRONG> (Thumb, 150 bytes, Stack size 16 bytes, py32f072_hal_tim.o(i.TIM_OC1_SetConfig))
<BR><BR>[Stack]<UL><LI>Max Depth = 16<LI>Call Chain = TIM_OC1_SetConfig
</UL>
<BR>[Called By]<UL><LI><a href="#[f2]">&gt;&gt;</a>&nbsp;&nbsp;&nbsp;HAL_TIM_PWM_ConfigChannel
</UL>

<P><STRONG><a name="[132]"></a>TIM_OC3_SetConfig</STRONG> (Thumb, 164 bytes, Stack size 16 bytes, py32f072_hal_tim.o(i.TIM_OC3_SetConfig))
<BR><BR>[Stack]<UL><LI>Max Depth = 16<LI>Call Chain = TIM_OC3_SetConfig
</UL>
<BR>[Called By]<UL><LI><a href="#[f2]">&gt;&gt;</a>&nbsp;&nbsp;&nbsp;HAL_TIM_PWM_ConfigChannel
</UL>

<P><STRONG><a name="[133]"></a>TIM_OC4_SetConfig</STRONG> (Thumb, 112 bytes, Stack size 16 bytes, py32f072_hal_tim.o(i.TIM_OC4_SetConfig))
<BR><BR>[Stack]<UL><LI>Max Depth = 16<LI>Call Chain = TIM_OC4_SetConfig
</UL>
<BR>[Called By]<UL><LI><a href="#[f2]">&gt;&gt;</a>&nbsp;&nbsp;&nbsp;HAL_TIM_PWM_ConfigChannel
</UL>

<P><STRONG><a name="[13b]"></a>UART_AdvFeatureConfig</STRONG> (Thumb, 56 bytes, Stack size 0 bytes, py32f072_hal_uart.o(i.UART_AdvFeatureConfig))
<BR><BR>[Called By]<UL><LI><a href="#[138]">&gt;&gt;</a>&nbsp;&nbsp;&nbsp;HAL_UART_Init
</UL>

<P><STRONG><a name="[13a]"></a>UART_SetConfig</STRONG> (Thumb, 414 bytes, Stack size 32 bytes, py32f072_hal_uart.o(i.UART_SetConfig))
<BR><BR>[Stack]<UL><LI>Max Depth = 36<LI>Call Chain = UART_SetConfig &rArr; HAL_RCC_GetPCLK1Freq
</UL>
<BR>[Calls]<UL><LI><a href="#[129]">&gt;&gt;</a>&nbsp;&nbsp;&nbsp;HAL_RCC_GetPCLK1Freq
<LI><a href="#[cc]">&gt;&gt;</a>&nbsp;&nbsp;&nbsp;__aeabi_uidivmod
</UL>
<BR>[Called By]<UL><LI><a href="#[138]">&gt;&gt;</a>&nbsp;&nbsp;&nbsp;HAL_UART_Init
</UL>

<P><STRONG><a name="[a6]"></a>_dadd1</STRONG> (Thumb, 290 bytes, Stack size 20 bytes, daddsub.o(.text), UNUSED)
<BR><BR>[Called By]<UL><LI><a href="#[a8]">&gt;&gt;</a>&nbsp;&nbsp;&nbsp;_drsb
<LI><a href="#[a7]">&gt;&gt;</a>&nbsp;&nbsp;&nbsp;_dsub
<LI><a href="#[a4]">&gt;&gt;</a>&nbsp;&nbsp;&nbsp;_dadd
</UL>

<P><STRONG><a name="[a5]"></a>_dsub1</STRONG> (Thumb, 470 bytes, Stack size 40 bytes, daddsub.o(.text), UNUSED)
<BR><BR>[Called By]<UL><LI><a href="#[a8]">&gt;&gt;</a>&nbsp;&nbsp;&nbsp;_drsb
<LI><a href="#[a7]">&gt;&gt;</a>&nbsp;&nbsp;&nbsp;_dsub
<LI><a href="#[a4]">&gt;&gt;</a>&nbsp;&nbsp;&nbsp;_dadd
</UL>

<P><STRONG><a name="[19f]"></a>_fadd1</STRONG> (Thumb, 0 bytes, Stack size unknown bytes, faddsub.o(x$fpl$fadd), UNUSED)
<BR><BR>[Called By]<UL><LI><a href="#[1a0]">&gt;&gt;</a>&nbsp;&nbsp;&nbsp;_fsub
<LI><a href="#[19e]">&gt;&gt;</a>&nbsp;&nbsp;&nbsp;_frsb
</UL>

<P><STRONG><a name="[19d]"></a>_fsub1</STRONG> (Thumb, 0 bytes, Stack size unknown bytes, faddsub.o(x$fpl$fsub), UNUSED)
<BR><BR>[Called By]<UL><LI><a href="#[19e]">&gt;&gt;</a>&nbsp;&nbsp;&nbsp;_frsb
<LI><a href="#[19c]">&gt;&gt;</a>&nbsp;&nbsp;&nbsp;_fadd
</UL>

<P><STRONG><a name="[73]"></a>_printf_input_char</STRONG> (Thumb, 10 bytes, Stack size 0 bytes, _printf_char_common.o(.text))
<BR>[Address Reference Count : 1]<UL><LI> _printf_char_common.o(.text)
</UL><P>
<H3>
Undefined Global Symbols
</H3>
<P><STRONG><a name="[ba]"></a>_call_atexit_fns</STRONG> (ARM, 0 bytes, Stack size 0 bytes, UNDEFINED)
<BR><BR>[Called By]<UL><LI><a href="#[92]">&gt;&gt;</a>&nbsp;&nbsp;&nbsp;exit
</UL>

<P><STRONG><a name="[b4]"></a>_printf_post_padding</STRONG> (ARM, 0 bytes, Stack size 0 bytes, UNDEFINED)
<BR><BR>[Called By]<UL><LI><a href="#[9f]">&gt;&gt;</a>&nbsp;&nbsp;&nbsp;_printf_int_common
</UL>

<P><STRONG><a name="[b3]"></a>_printf_pre_padding</STRONG> (ARM, 0 bytes, Stack size 0 bytes, UNDEFINED)
<BR><BR>[Called By]<UL><LI><a href="#[9f]">&gt;&gt;</a>&nbsp;&nbsp;&nbsp;_printf_int_common
</UL>

<P><STRONG><a name="[9c]"></a>_printf_truncate_signed</STRONG> (ARM, 0 bytes, Stack size 0 bytes, UNDEFINED)
<BR><BR>[Called By]<UL><LI><a href="#[8b]">&gt;&gt;</a>&nbsp;&nbsp;&nbsp;_printf_int_dec
</UL>

<P><STRONG><a name="[9d]"></a>_printf_truncate_unsigned</STRONG> (ARM, 0 bytes, Stack size 0 bytes, UNDEFINED)
<BR><BR>[Called By]<UL><LI><a href="#[8b]">&gt;&gt;</a>&nbsp;&nbsp;&nbsp;_printf_int_dec
</UL>
<HR></body></html>
